Component: ARM Compiler 5.05 update 1 (build 106) Tool: armlink [4d0efa]

==============================================================================

Section Cross References

    startup_stm32f401xe.o(STACK) refers (Special) to heapauxi.o(.text) for __use_two_region_memory
    startup_stm32f401xe.o(HEAP) refers (Special) to heapauxi.o(.text) for __use_two_region_memory
    startup_stm32f401xe.o(RESET) refers (Special) to heapauxi.o(.text) for __use_two_region_memory
    startup_stm32f401xe.o(RESET) refers to startup_stm32f401xe.o(STACK) for __initial_sp
    startup_stm32f401xe.o(RESET) refers to startup_stm32f401xe.o(.text) for Reset_Handler
    startup_stm32f401xe.o(RESET) refers to stm32f4xx_it.o(i.SysTick_Handler) for SysTick_Handler
    startup_stm32f401xe.o(RESET) refers to stm32f4xx_it.o(i.EXTI0_IRQHandler) for EXTI0_IRQHandler
    startup_stm32f401xe.o(RESET) refers to stm32f4xx_it.o(i.EXTI1_IRQHandler) for EXTI1_IRQHandler
    startup_stm32f401xe.o(RESET) refers to stm32f4xx_it.o(i.EXTI2_IRQHandler) for EXTI2_IRQHandler
    startup_stm32f401xe.o(RESET) refers to stm32f4xx_it.o(i.EXTI3_IRQHandler) for EXTI3_IRQHandler
    startup_stm32f401xe.o(RESET) refers to stm32f4xx_it.o(i.EXTI4_IRQHandler) for EXTI4_IRQHandler
    startup_stm32f401xe.o(RESET) refers to stm32f4xx_it.o(i.EXTI9_5_IRQHandler) for EXTI9_5_IRQHandler
    startup_stm32f401xe.o(RESET) refers to stm32f4xx_it.o(i.EXTI15_10_IRQHandler) for EXTI15_10_IRQHandler
    startup_stm32f401xe.o(.text) refers (Special) to heapauxi.o(.text) for __use_two_region_memory
    startup_stm32f401xe.o(.text) refers to system_stm32f4xx.o(i.SystemInit) for SystemInit
    startup_stm32f401xe.o(.text) refers to __main.o(!!!main) for __main
    startup_stm32f401xe.o(.text) refers to startup_stm32f401xe.o(HEAP) for Heap_Mem
    startup_stm32f401xe.o(.text) refers to startup_stm32f401xe.o(STACK) for Stack_Mem
    main.o(i.main) refers to stm32f4xx_hal.o(i.HAL_Init) for HAL_Init
    main.o(i.main) refers to cube_hal_f4.o(i.SystemClock_Config) for SystemClock_Config
    main.o(i.main) refers to stm32f4xx_hal.o(i.HAL_DBGMCU_EnableDBGStopMode) for HAL_DBGMCU_EnableDBGStopMode
    main.o(i.main) refers to radio_shield_config.o(i.RadioShieldLedInit) for RadioShieldLedInit
    main.o(i.main) refers to stm32f4xx_nucleo.o(i.BSP_LED_Init) for BSP_LED_Init
    main.o(i.main) refers to radio_hal.o(i.Radio_HAL_Init) for Radio_HAL_Init
    main.o(i.main) refers to radio_hal.o(i.Radio_WMBus_Init) for Radio_WMBus_Init
    main.o(i.main) refers to stm32f4xx_nucleo.o(i.BSP_PB_Init) for BSP_PB_Init
    main.o(i.main) refers to radio_hal.o(i.Radio_WMBus_On) for Radio_WMBus_On
    radio_hal.o(i.Enter_LP_mode) refers to radio_hal.o(.data) for MCU_LPM_cb
    radio_hal.o(i.Exit_LP_mode) refers to radio_hal.o(.data) for Radio_LPM_cb
    radio_hal.o(i.HAL_GPIO_EXTI_Callback) refers to radio_shield_config.o(i.RadioShieldLedInit) for RadioShieldLedInit
    radio_hal.o(i.HAL_GPIO_EXTI_Callback) refers to stm32f4xx_nucleo.o(i.BSP_LED_Init) for BSP_LED_Init
    radio_hal.o(i.HAL_GPIO_EXTI_Callback) refers to radio_hal.o(i.Exit_LP_mode) for Exit_LP_mode
    radio_hal.o(i.MCU_Enter_SleepMode) refers to stm32f4xx_hal_pwr.o(i.HAL_PWR_EnterSLEEPMode) for HAL_PWR_EnterSLEEPMode
    radio_hal.o(i.MCU_Enter_StandbyMode) refers to stm32f4xx_hal_pwr.o(i.HAL_PWR_EnterSTANDBYMode) for HAL_PWR_EnterSTANDBYMode
    radio_hal.o(i.MCU_Enter_StopMode) refers to stm32f4xx_hal_pwr.o(i.HAL_PWR_EnterSTOPMode) for HAL_PWR_EnterSTOPMode
    radio_hal.o(i.RadioPowerOFF) refers to radio_gpio.o(i.RadioEnterShutdown) for RadioEnterShutdown
    radio_hal.o(i.RadioPowerON) refers to spirit_commands.o(i.SpiritCmdStrobeCommand) for SpiritCmdStrobeCommand
    radio_hal.o(i.RadioPowerON) refers to spirit_types.o(i.SpiritRefreshStatus) for SpiritRefreshStatus
    radio_hal.o(i.RadioPowerON) refers to spirit_types.o(.data) for g_xStatus
    radio_hal.o(i.RadioStandBy) refers to spirit_commands.o(i.SpiritCmdStrobeCommand) for SpiritCmdStrobeCommand
    radio_hal.o(i.Radio_HAL_Init) refers to radio_hal.o(.data) for radio_cb
    radio_hal.o(i.Radio_WMBus_Init) refers to wmbus_link.o(i.WMBus_LinkSetAttribute) for WMBus_LinkSetAttribute
    radio_hal.o(i.Radio_WMBus_Init) refers to wmbus_appli.o(i.WMBus_SetBoardMnfID) for WMBus_SetBoardMnfID
    radio_hal.o(i.Radio_WMBus_Init) refers to wmbus_appli.o(i.WMBus_AppliInit) for WMBus_AppliInit
    radio_hal.o(i.Radio_WMBus_Init) refers to wmbus_appli.o(i.WMBus_GetWMBusDeviceType) for WMBus_GetWMBusDeviceType
    radio_hal.o(i.Radio_WMBus_Init) refers to radio_hal.o(.data) for aManufIdBuff
    radio_hal.o(i.Radio_WMBus_Init) refers to wmbus_appli.o(.data) for WMBusOperationMode
    radio_hal.o(i.Radio_WMBus_On) refers to wmbus_appli.o(i.WMBus_AppliSendMeterData) for WMBus_AppliSendMeterData
    radio_hal.o(i.Radio_WMBus_On) refers to radio_shield_config.o(i.RadioShieldLedToggle) for RadioShieldLedToggle
[...]
    _init_user_alloc                          - Undefined Weak Reference
    _initio                                   - Undefined Weak Reference
    _rand_init                                - Undefined Weak Reference
    _signal_finish                            - Undefined Weak Reference
    _signal_init                              - Undefined Weak Reference
    _terminate_alloc                          - Undefined Weak Reference
    _terminate_user_alloc                     - Undefined Weak Reference
    _terminateio                              - Undefined Weak Reference
    __Vectors_Size                           0x00000194   Number         0  startup_stm32f401xe.o ABSOLUTE
    __Vectors                                0x08000000   Data           4  startup_stm32f401xe.o(RESET)
    __Vectors_End                            0x08000194   Data           0  startup_stm32f401xe.o(RESET)
    __main                                   0x08000195   Thumb Code     8  __main.o(!!!main)
    __scatterload                            0x0800019d   Thumb Code     0  __scatter.o(!!!scatter)
    __scatterload_rt2                        0x0800019d   Thumb Code    44  __scatter.o(!!!scatter)
    __scatterload_rt2_thumb_only             0x0800019d   Thumb Code     0  __scatter.o(!!!scatter)
    __scatterload_null                       0x080001ab   Thumb Code     0  __scatter.o(!!!scatter)
    __decompress                             0x080001d1   Thumb Code    90  __dczerorl2.o(!!dczerorl2)
    __decompress1                            0x080001d1   Thumb Code     0  __dczerorl2.o(!!dczerorl2)
    __scatterload_zeroinit                   0x0800022d   Thumb Code    28  __scatter_zi.o(!!handler_zi)
    __rt_lib_init                            0x08000249   Thumb Code     0  libinit.o(.ARM.Collect$$libinit$$00000000)
    __rt_lib_init_fp_1                       0x0800024b   Thumb Code     0  libinit2.o(.ARM.Collect$$libinit$$00000001)
    __rt_lib_init_alloca_1                   0x0800024f   Thumb Code     0  libinit2.o(.ARM.Collect$$libinit$$0000002E)
    __rt_lib_init_argv_1                     0x0800024f   Thumb Code     0  libinit2.o(.ARM.Collect$$libinit$$0000002C)
    __rt_lib_init_atexit_1                   0x0800024f   Thumb Code     0  libinit2.o(.ARM.Collect$$libinit$$0000001B)
    __rt_lib_init_clock_1                    0x0800024f   Thumb Code     0  libinit2.o(.ARM.Collect$$libinit$$00000021)
    __rt_lib_init_cpp_1                      0x0800024f   Thumb Code     0  libinit2.o(.ARM.Collect$$libinit$$00000032)
    __rt_lib_init_exceptions_1               0x0800024f   Thumb Code     0  libinit2.o(.ARM.Collect$$libinit$$00000030)
    __rt_lib_init_fp_trap_1                  0x0800024f   Thumb Code     0  libinit2.o(.ARM.Collect$$libinit$$0000001F)
    __rt_lib_init_getenv_1                   0x0800024f   Thumb Code     0  libinit2.o(.ARM.Collect$$libinit$$00000023)
    __rt_lib_init_heap_1                     0x0800024f   Thumb Code     0  libinit2.o(.ARM.Collect$$libinit$$0000000A)
    __rt_lib_init_lc_collate_1               0x0800024f   Thumb Code     0  libinit2.o(.ARM.Collect$$libinit$$00000011)
    __rt_lib_init_lc_ctype_1                 0x0800024f   Thumb Code     0  libinit2.o(.ARM.Collect$$libinit$$00000013)
    __rt_lib_init_lc_monetary_1              0x0800024f   Thumb Code     0  libinit2.o(.ARM.Collect$$libinit$$00000015)
    __rt_lib_init_lc_numeric_1               0x0800024f   Thumb Code     0  libinit2.o(.ARM.Collect$$libinit$$00000017)
    __rt_lib_init_lc_time_1                  0x0800024f   Thumb Code     0  libinit2.o(.ARM.Collect$$libinit$$00000019)
    __rt_lib_init_preinit_1                  0x0800024f   Thumb Code     0  libinit2.o(.ARM.Collect$$libinit$$00000004)
    __rt_lib_init_rand_1                     0x0800024f   Thumb Code     0  libinit2.o(.ARM.Collect$$libinit$$0000000E)
    __rt_lib_init_return                     0x0800024f   Thumb Code     0  libinit2.o(.ARM.Collect$$libinit$$00000033)
    __rt_lib_init_signal_1                   0x0800024f   Thumb Code     0  libinit2.o(.ARM.Collect$$libinit$$0000001D)
    __rt_lib_init_stdio_1                    0x0800024f   Thumb Code     0  libinit2.o(.ARM.Collect$$libinit$$00000025)
    __rt_lib_init_user_alloc_1               0x0800024f   Thumb Code     0  libinit2.o(.ARM.Collect$$libinit$$0000000C)
    __rt_lib_shutdown                        0x08000251   Thumb Code     0  libshutdown.o(.ARM.Collect$$libshutdown$$00000000)
    __rt_lib_shutdown_fp_trap_1              0x08000253   Thumb Code     0  libshutdown2.o(.ARM.Collect$$libshutdown$$00000006)
    __rt_lib_shutdown_heap_1                 0x08000253   Thumb Code     0  libshutdown2.o(.ARM.Collect$$libshutdown$$0000000E)
    __rt_lib_shutdown_return                 0x08000253   Thumb Code     0  libshutdown2.o(.ARM.Collect$$libshutdown$$0000000F)
    __rt_lib_shutdown_signal_1               0x08000253   Thumb Code     0  libshutdown2.o(.ARM.Collect$$libshutdown$$00000009)
    __rt_lib_shutdown_stdio_1                0x08000253   Thumb Code     0  libshutdown2.o(.ARM.Collect$$libshutdown$$00000003)
    __rt_lib_shutdown_user_alloc_1           0x08000253   Thumb Code     0  libshutdown2.o(.ARM.Collect$$libshutdown$$0000000B)
    __rt_entry                               0x08000255   Thumb Code     0  __rtentry.o(.ARM.Collect$$rtentry$$00000000)
    __rt_entry_presh_1                       0x08000255   Thumb Code     0  __rtentry2.o(.ARM.Collect$$rtentry$$00000002)
    __rt_entry_sh                            0x08000255   Thumb Code     0  __rtentry4.o(.ARM.Collect$$rtentry$$00000004)
    __rt_entry_li                            0x0800025b   Thumb Code     0  __rtentry2.o(.ARM.Collect$$rtentry$$0000000A)
    __rt_entry_postsh_1                      0x0800025b   Thumb Code     0  __rtentry2.o(.ARM.Collect$$rtentry$$00000009)
    __rt_entry_main                          0x0800025f   Thumb Code     0  __rtentry2.o(.ARM.Collect$$rtentry$$0000000D)
    __rt_entry_postli_1                      0x0800025f   Thumb Code     0  __rtentry2.o(.ARM.Collect$$rtentry$$0000000C)
    __rt_exit                                0x08000267   Thumb Code     0  rtexit.o(.ARM.Collect$$rtexit$$00000000)
    __rt_exit_ls                             0x08000269   Thumb Code     0  rtexit2.o(.ARM.Collect$$rtexit$$00000003)
    __rt_exit_prels_1                        0x08000269   Thumb Code     0  rtexit2.o(.ARM.Collect$$rtexit$$00000002)
    __rt_exit_exit                           0x0800026d   Thumb Code     0  rtexit2.o(.ARM.Collect$$rtexit$$00000004)
    Reset_Handler                            0x08000275   Thumb Code     8  startup_stm32f401xe.o(.text)
    NMI_Handler                              0x0800027d   Thumb Code     2  startup_stm32f401xe.o(.text)
    HardFault_Handler                        0x0800027f   Thumb Code     2  startup_stm32f401xe.o(.text)
    MemManage_Handler                        0x08000281   Thumb Code     2  startup_stm32f401xe.o(.text)
    BusFault_Handler                         0x08000283   Thumb Code     2  startup_stm32f401xe.o(.text)
    UsageFault_Handler                       0x08000285   Thumb Code     2  startup_stm32f401xe.o(.text)
    SVC_Handler                              0x08000287   Thumb Code     2  startup_stm32f401xe.o(.text)
    DebugMon_Handler                         0x08000289   Thumb Code     2  startup_stm32f401xe.o(.text)
    PendSV_Handler                           0x0800028b   Thumb Code     2  startup_stm32f401xe.o(.text)
    ADC_IRQHandler                           0x0800028f   Thumb Code     0  startup_stm32f401xe.o(.text)
    DMA1_Stream0_IRQHandler                  0x0800028f   Thumb Code     0  startup_stm32f401xe.o(.text)
    DMA1_Stream1_IRQHandler                  0x0800028f   Thumb Code     0  startup_stm32f401xe.o(.text)
    DMA1_Stream2_IRQHandler                  0x0800028f   Thumb Code     0  startup_stm32f401xe.o(.text)
    DMA1_Stream3_IRQHandler                  0x0800028f   Thumb Code     0  startup_stm32f401xe.o(.text)
    DMA1_Stream4_IRQHandler                  0x0800028f   Thumb Code     0  startup_stm32f401xe.o(.text)
    DMA1_Stream5_IRQHandler                  0x0800028f   Thumb Code     0  startup_stm32f401xe.o(.text)
    DMA1_Stream6_IRQHandler                  0x0800028f   Thumb Code     0  startup_stm32f401xe.o(.text)
    DMA1_Stream7_IRQHandler                  0x0800028f   Thumb Code     0  startup_stm32f401xe.o(.text)
    DMA2_Stream0_IRQHandler                  0x0800028f   Thumb Code     0  startup_stm32f401xe.o(.text)
    DMA2_Stream1_IRQHandler                  0x0800028f   Thumb Code     0  startup_stm32f401xe.o(.text)
    DMA2_Stream2_IRQHandler                  0x0800028f   Thumb Code     0  startup_stm32f401xe.o(.text)
    DMA2_Stream3_IRQHandler                  0x0800028f   Thumb Code     0  startup_stm32f401xe.o(.text)
    DMA2_Stream4_IRQHandler                  0x0800028f   Thumb Code     0  startup_stm32f401xe.o(.text)
    DMA2_Stream5_IRQHandler                  0x0800028f   Thumb Code     0  startup_stm32f401xe.o(.text)
    DMA2_Stream6_IRQHandler                  0x0800028f   Thumb Code     0  startup_stm32f401xe.o(.text)
    DMA2_Stream7_IRQHandler                  0x0800028f   Thumb Code     0  startup_stm32f401xe.o(.text)
    FLASH_IRQHandler                         0x0800028f   Thumb Code     0  startup_stm32f401xe.o(.text)
    FPU_IRQHandler                           0x0800028f   Thumb Code     0  startup_stm32f401xe.o(.text)
    I2C1_ER_IRQHandler                       0x0800028f   Thumb Code     0  startup_stm32f401xe.o(.text)
    I2C1_EV_IRQHandler                       0x0800028f   Thumb Code     0  startup_stm32f401xe.o(.text)
    I2C2_ER_IRQHandler                       0x0800028f   Thumb Code     0  startup_stm32f401xe.o(.text)
    I2C2_EV_IRQHandler                       0x0800028f   Thumb Code     0  startup_stm32f401xe.o(.text)
    I2C3_ER_IRQHandler                       0x0800028f   Thumb Code     0  startup_stm32f401xe.o(.text)
    I2C3_EV_IRQHandler                       0x0800028f   Thumb Code     0  startup_stm32f401xe.o(.text)
    OTG_FS_IRQHandler                        0x0800028f   Thumb Code     0  startup_stm32f401xe.o(.text)
    OTG_FS_WKUP_IRQHandler                   0x0800028f   Thumb Code     0  startup_stm32f401xe.o(.text)
    PVD_IRQHandler                           0x0800028f   Thumb Code     0  startup_stm32f401xe.o(.text)
    RCC_IRQHandler                           0x0800028f   Thumb Code     0  startup_stm32f401xe.o(.text)
    RTC_Alarm_IRQHandler                     0x0800028f   Thumb Code     0  startup_stm32f401xe.o(.text)
    RTC_WKUP_IRQHandler                      0x0800028f   Thumb Code     0  startup_stm32f401xe.o(.text)
    SDIO_IRQHandler                          0x0800028f   Thumb Code     0  startup_stm32f401xe.o(.text)
    SPI1_IRQHandler                          0x0800028f   Thumb Code     0  startup_stm32f401xe.o(.text)
    SPI2_IRQHandler                          0x0800028f   Thumb Code     0  startup_stm32f401xe.o(.text)
    SPI3_IRQHandler                          0x0800028f   Thumb Code     0  startup_stm32f401xe.o(.text)
    SPI4_IRQHandler                          0x0800028f   Thumb Code     0  startup_stm32f401xe.o(.text)
    TAMP_STAMP_IRQHandler                    0x0800028f   Thumb Code     0  startup_stm32f401xe.o(.text)
    TIM1_BRK_TIM9_IRQHandler                 0x0800028f   Thumb Code     0  startup_stm32f401xe.o(.text)
    TIM1_CC_IRQHandler                       0x0800028f   Thumb Code     0  startup_stm32f401xe.o(.text)
    TIM1_TRG_COM_TIM11_IRQHandler            0x0800028f   Thumb Code     0  startup_stm32f401xe.o(.text)
    TIM1_UP_TIM10_IRQHandler                 0x0800028f   Thumb Code     0  startup_stm32f401xe.o(.text)
    TIM2_IRQHandler                          0x0800028f   Thumb Code     0  startup_stm32f401xe.o(.text)
    TIM3_IRQHandler                          0x0800028f   Thumb Code     0  startup_stm32f401xe.o(.text)
    TIM4_IRQHandler                          0x0800028f   Thumb Code     0  startup_stm32f401xe.o(.text)
    TIM5_IRQHandler                          0x0800028f   Thumb Code     0  startup_stm32f401xe.o(.text)
    USART1_IRQHandler                        0x0800028f   Thumb Code     0  startup_stm32f401xe.o(.text)
    USART2_IRQHandler                        0x0800028f   Thumb Code     0  startup_stm32f401xe.o(.text)
    USART6_IRQHandler                        0x0800028f   Thumb Code     0  startup_stm32f401xe.o(.text)
    WWDG_IRQHandler                          0x0800028f   Thumb Code     0  startup_stm32f401xe.o(.text)
    __user_initial_stackheap                 0x08000291   Thumb Code     0  startup_stm32f401xe.o(.text)
    memcmp                                   0x080002b5   Thumb Code    88  memcmp.o(.text)
    __aeabi_memcpy                           0x0800030d   Thumb Code     0  rt_memcpy_v6.o(.text)
    __rt_memcpy                              0x0800030d   Thumb Code   138  rt_memcpy_v6.o(.text)
    _memcpy_lastbytes                        0x08000373   Thumb Code     0  rt_memcpy_v6.o(.text)
    __aeabi_memcpy4                          0x08000397   Thumb Code     0  rt_memcpy_w.o(.text)
    __aeabi_memcpy8                          0x08000397   Thumb Code     0  rt_memcpy_w.o(.text)
    __rt_memcpy_w                            0x08000397   Thumb Code   100  rt_memcpy_w.o(.text)
    _memcpy_lastbytes_aligned                0x080003df   Thumb Code     0  rt_memcpy_w.o(.text)
    __aeabi_memclr                           0x080003fb   Thumb Code     0  rt_memclr.o(.text)
    __rt_memclr                              0x080003fb   Thumb Code    68  rt_memclr.o(.text)
    _memset                                  0x080003ff   Thumb Code     0  rt_memclr.o(.text)
    __aeabi_memclr4                          0x0800043f   Thumb Code     0  rt_memclr_w.o(.text)
    __aeabi_memclr8                          0x0800043f   Thumb Code     0  rt_memclr_w.o(.text)
    __rt_memclr_w                            0x0800043f   Thumb Code    78  rt_memclr_w.o(.text)
    _memset_w                                0x08000443   Thumb Code     0  rt_memclr_w.o(.text)
    __use_two_region_memory                  0x0800048d   Thumb Code     2  heapauxi.o(.text)
    __rt_heap_escrow$2region                 0x0800048f   Thumb Code     2  heapauxi.o(.text)
    __rt_heap_expand$2region                 0x08000491   Thumb Code     2  heapauxi.o(.text)
    __user_libspace                          0x08000495   Thumb Code     8  libspace.o(.text)
    __user_perproc_libspace                  0x08000495   Thumb Code     0  libspace.o(.text)
    __user_perthread_libspace                0x08000495   Thumb Code     0  libspace.o(.text)
    __user_setup_stackheap                   0x0800049d   Thumb Code    74  sys_stackheap_outer.o(.text)
    exit                                     0x080004e7   Thumb Code    12  exit.o(.text)
    _sys_exit                                0x080004f5   Thumb Code     8  sys_exit.o(.text)
    __I$use$semihosting                      0x08000501   Thumb Code     0  use_no_semi.o(.text)
    __use_no_semihosting_swi                 0x08000501   Thumb Code     2  use_no_semi.o(.text)
    AppendCRC                                0x08000503   Thumb Code    38  wmbus_crc.o(i.AppendCRC)
    __semihosting_library_function           0x08000503   Thumb Code     0  indicate_semi.o(.text)
    BSP_LED_Init                             0x08000529   Thumb Code    92  stm32f4xx_nucleo.o(i.BSP_LED_Init)
    BSP_LED_Toggle                           0x08000591   Thumb Code    22  stm32f4xx_nucleo.o(i.BSP_LED_Toggle)
    BSP_PB_Init                              0x080005b1   Thumb Code   134  stm32f4xx_nucleo.o(i.BSP_PB_Init)
    CRCCheck                                 0x0800064d   Thumb Code    54  wmbus_crc.o(i.CRCCheck)
    EXTI0_IRQHandler                         0x08000685   Thumb Code    18  stm32f4xx_it.o(i.EXTI0_IRQHandler)
    EXTI15_10_IRQHandler                     0x0800069d   Thumb Code    26  stm32f4xx_it.o(i.EXTI15_10_IRQHandler)
    EXTI1_IRQHandler                         0x080006c1   Thumb Code    18  stm32f4xx_it.o(i.EXTI1_IRQHandler)
    EXTI2_IRQHandler                         0x080006d9   Thumb Code    18  stm32f4xx_it.o(i.EXTI2_IRQHandler)
    EXTI3_IRQHandler                         0x080006f1   Thumb Code    18  stm32f4xx_it.o(i.EXTI3_IRQHandler)
    EXTI4_IRQHandler                         0x08000709   Thumb Code     2  stm32f4xx_it.o(i.EXTI4_IRQHandler)
    EXTI9_5_IRQHandler                       0x0800070d   Thumb Code    24  stm32f4xx_it.o(i.EXTI9_5_IRQHandler)
    HAL_DBGMCU_EnableDBGStopMode             0x08000729   Thumb Code    14  stm32f4xx_hal.o(i.HAL_DBGMCU_EnableDBGStopMode)
    HAL_Delay                                0x0800073d   Thumb Code    26  stm32f4xx_hal.o(i.HAL_Delay)
    HAL_GPIO_Init                            0x08000759   Thumb Code   432  stm32f4xx_hal_gpio.o(i.HAL_GPIO_Init)
    HAL_GPIO_ReadPin                         0x08000929   Thumb Code    16  stm32f4xx_hal_gpio.o(i.HAL_GPIO_ReadPin)
    HAL_GPIO_TogglePin                       0x08000939   Thumb Code     8  stm32f4xx_hal_gpio.o(i.HAL_GPIO_TogglePin)
    HAL_GPIO_WritePin                        0x08000941   Thumb Code    12  stm32f4xx_hal_gpio.o(i.HAL_GPIO_WritePin)
    HAL_GetTick                              0x0800094d   Thumb Code     6  stm32f4xx_hal.o(i.HAL_GetTick)
    HAL_IncTick                              0x08000959   Thumb Code    12  stm32f4xx_hal.o(i.HAL_IncTick)
    HAL_Init                                 0x08000969   Thumb Code    54  stm32f4xx_hal.o(i.HAL_Init)
    HAL_InitTick                             0x080009a5   Thumb Code    36  stm32f4xx_hal.o(i.HAL_InitTick)
    HAL_MspInit                              0x080009c9   Thumb Code     2  stm32f4xx_hal.o(i.HAL_MspInit)
    HAL_NVIC_DisableIRQ                      0x080009cd   Thumb Code    22  stm32f4xx_hal_cortex.o(i.HAL_NVIC_DisableIRQ)
    HAL_NVIC_EnableIRQ                       0x080009e9   Thumb Code    26  stm32f4xx_hal_cortex.o(i.HAL_NVIC_EnableIRQ)
    HAL_NVIC_SetPriority                     0x08000a03   Thumb Code   124  stm32f4xx_hal_cortex.o(i.HAL_NVIC_SetPriority)
    HAL_NVIC_SetPriorityGrouping             0x08000a81   Thumb Code    32  stm32f4xx_hal_cortex.o(i.HAL_NVIC_SetPriorityGrouping)
    HAL_PWR_EnterSLEEPMode                   0x08000aa9   Thumb Code    28  stm32f4xx_hal_pwr.o(i.HAL_PWR_EnterSLEEPMode)
    HAL_PWR_EnterSTANDBYMode                 0x08000ac9   Thumb Code    32  stm32f4xx_hal_pwr.o(i.HAL_PWR_EnterSTANDBYMode)
    HAL_PWR_EnterSTOPMode                    0x08000af1   Thumb Code    54  stm32f4xx_hal_pwr.o(i.HAL_PWR_EnterSTOPMode)
    HAL_RCC_ClockConfig                      0x08000b31   Thumb Code   680  stm32f4xx_hal_rcc.o(i.HAL_RCC_ClockConfig)
    HAL_RCC_GetHCLKFreq                      0x08000de1   Thumb Code    42  stm32f4xx_hal_rcc.o(i.HAL_RCC_GetHCLKFreq)
    HAL_RCC_GetSysClockFreq                  0x08000e19   Thumb Code   168  stm32f4xx_hal_rcc.o(i.HAL_RCC_GetSysClockFreq)
    HAL_RCC_OscConfig                        0x08000ecd   Thumb Code  1028  stm32f4xx_hal_rcc.o(i.HAL_RCC_OscConfig)
    HAL_SPI_DeInit                           0x080012d1   Thumb Code    48  stm32f4xx_hal_spi.o(i.HAL_SPI_DeInit)
    HAL_SPI_GetState                         0x08001301   Thumb Code     8  stm32f4xx_hal_spi.o(i.HAL_SPI_GetState)
    HAL_SPI_Init                             0x08001309   Thumb Code   136  stm32f4xx_hal_spi.o(i.HAL_SPI_Init)
    HAL_SPI_MspDeInit                        0x08001391   Thumb Code     2  stm32f4xx_hal_spi.o(i.HAL_SPI_MspDeInit)
    HAL_SPI_MspInit                          0x08001395   Thumb Code   246  radio_spi.o(i.HAL_SPI_MspInit)
    HAL_SPI_Transmit                         0x0800149d   Thumb Code   446  stm32f4xx_hal_spi.o(i.HAL_SPI_Transmit)
    HAL_SPI_TransmitReceive                  0x0800165b   Thumb Code   850  stm32f4xx_hal_spi.o(i.HAL_SPI_TransmitReceive)
    HAL_SYSTICK_Callback                     0x080019ad   Thumb Code     2  stm32f4xx_hal_cortex.o(i.HAL_SYSTICK_Callback)
    HAL_SYSTICK_Config                       0x080019af   Thumb Code    52  stm32f4xx_hal_cortex.o(i.HAL_SYSTICK_Config)
    HAL_SYSTICK_IRQHandler                   0x080019e3   Thumb Code     8  stm32f4xx_hal_cortex.o(i.HAL_SYSTICK_IRQHandler)
    LoadConfRegs                             0x080019ed   Thumb Code   386  wmbus_phy.o(i.LoadConfRegs)
    MCU_Enter_SleepMode                      0x08001b79   Thumb Code    12  radio_hal.o(i.MCU_Enter_SleepMode)
    MCU_Enter_StandbyMode                    0x08001b85   Thumb Code     8  radio_hal.o(i.MCU_Enter_StandbyMode)
    MCU_Enter_StopMode                       0x08001b8d   Thumb Code    12  radio_hal.o(i.MCU_Enter_StopMode)
    RadioCheckShutdown                       0x08001bd1   Thumb Code    10  radio_gpio.o(i.RadioCheckShutdown)
    RadioCmp                                 0x08001bdb   Thumb Code    78  wmbus_phy.o(i.RadioCmp)
    RadioEnterShutdown                       0x08001c29   Thumb Code    12  radio_gpio.o(i.RadioEnterShutdown)
    RadioExitShutdown                        0x08001c35   Thumb Code    32  radio_gpio.o(i.RadioExitShutdown)
    RadioGpioGetLevel                        0x08001c55   Thumb Code    40  radio_gpio.o(i.RadioGpioGetLevel)
    RadioGpioInit                            0x08001c85   Thumb Code   190  radio_gpio.o(i.RadioGpioInit)
    RadioGpioInterruptCmd                    0x08001d5d   Thumb Code    54  radio_gpio.o(i.RadioGpioInterruptCmd)
    RadioGpioSetLevel                        0x08001d99   Thumb Code    26  radio_gpio.o(i.RadioGpioSetLevel)
    RadioPowerOFF                            0x08001dbd   Thumb Code     8  radio_hal.o(i.RadioPowerOFF)
    RadioPowerON                             0x08001dc5   Thumb Code    52  radio_hal.o(i.RadioPowerON)
    RadioShieldLedInit                       0x08001dfd   Thumb Code    68  radio_shield_config.o(i.RadioShieldLedInit)
    RadioShieldLedOn                         0x08001e4d   Thumb Code    24  radio_shield_config.o(i.RadioShieldLedOn)
    RadioShieldLedToggle                     0x08001e6d   Thumb Code    22  radio_shield_config.o(i.RadioShieldLedToggle)
    RadioSpiCommandStrobes                   0x08001e8d   Thumb Code   148  radio_spi.o(i.RadioSpiCommandStrobes)
    RadioSpiInit                             0x08001f2d   Thumb Code    74  radio_spi.o(i.RadioSpiInit)
    RadioSpiReadFifo                         0x08001f81   Thumb Code   188  radio_spi.o(i.RadioSpiReadFifo)
    RadioSpiReadRegisters                    0x08002049   Thumb Code   194  radio_spi.o(i.RadioSpiReadRegisters)
    RadioSpiWriteFifo                        0x08002119   Thumb Code   166  radio_spi.o(i.RadioSpiWriteFifo)
    RadioSpiWriteRegisters                   0x080021cd   Thumb Code   174  radio_spi.o(i.RadioSpiWriteRegisters)
    RadioStandBy                             0x08002289   Thumb Code    10  radio_hal.o(i.RadioStandBy)
    Radio_HAL_Init                           0x08002295   Thumb Code    16  radio_hal.o(i.Radio_HAL_Init)
    Radio_WMBus_Init                         0x080022ad   Thumb Code    86  radio_hal.o(i.Radio_WMBus_Init)
    Radio_WMBus_On                           0x08002311   Thumb Code   160  radio_hal.o(i.Radio_WMBus_On)
    ReInitRxCycle                            0x080023d1   Thumb Code   124  wmbus_phy.o(i.ReInitRxCycle)
    ResetActualStatus                        0x08002461   Thumb Code    38  wmbus_phy.o(i.ResetActualStatus)
    SaveConfRegs                             0x08002601   Thumb Code   158  wmbus_phy.o(i.SaveConfRegs)
    Spirit1GetRxPacket                       0x080026a9   Thumb Code    34  spirit1_util.o(i.Spirit1GetRxPacket)
    Spirit1InterfaceInit                     0x080026cb   Thumb Code    64  spirit1_util.o(i.Spirit1InterfaceInit)
    Spirit1StartRx                           0x0800270b   Thumb Code    14  spirit1_util.o(i.Spirit1StartRx)
    Spirit1StartTx                           0x08002719   Thumb Code    34  spirit1_util.o(i.Spirit1StartTx)
    SpiritCalibrationGetVcoCalData           0x0800273d   Thumb Code   126  spirit_calibration.o(i.SpiritCalibrationGetVcoCalData)
    SpiritCalibrationSelectVco               0x080027c1   Thumb Code    66  spirit_calibration.o(i.SpiritCalibrationSelectVco)
    SpiritCalibrationSetVcoCalDataRx         0x08002805   Thumb Code   252  spirit_calibration.o(i.SpiritCalibrationSetVcoCalDataRx)
    SpiritCalibrationSetVcoCalDataTx         0x08002905   Thumb Code   252  spirit_calibration.o(i.SpiritCalibrationSetVcoCalDataTx)
    SpiritCalibrationVco                     0x08002a05   Thumb Code   260  spirit_calibration.o(i.SpiritCalibrationVco)
    SpiritCmdStrobeCommand                   0x08002b0d   Thumb Code   116  spirit_commands.o(i.SpiritCmdStrobeCommand)
    SpiritDirectRfSetTxMode                  0x08002b85   Thumb Code   150  spirit_directrf.o(i.SpiritDirectRfSetTxMode)
    SpiritGeneralGetSpiritVersion            0x08002c21   Thumb Code     6  spirit_general.o(i.SpiritGeneralGetSpiritVersion)
    SpiritGeneralSetExtRef                   0x08002c2d   Thumb Code   156  spirit_general.o(i.SpiritGeneralSetExtRef)
    SpiritGeneralSetSpiritVersion            0x08002ccd   Thumb Code     6  spirit_general.o(i.SpiritGeneralSetSpiritVersion)
    SpiritGpioInit                           0x08002cd9   Thumb Code   132  spirit_gpio.o(i.SpiritGpioInit)
    SpiritIrq                                0x08002d61   Thumb Code   298  spirit_irq.o(i.SpiritIrq)
    SpiritIrqClearStatus                     0x08002e91   Thumb Code   118  spirit_irq.o(i.SpiritIrqClearStatus)
    SpiritIrqGetStatus                       0x08002f0d   Thumb Code   146  spirit_irq.o(i.SpiritIrqGetStatus)
    SpiritIrqInit                            0x08002fa5   Thumb Code   144  spirit_irq.o(i.SpiritIrqInit)
    SpiritLinearFifoReadNumElementsRxFifo    0x08003039   Thumb Code   126  spirit_linearfifo.o(i.SpiritLinearFifoReadNumElementsRxFifo)
    SpiritLinearFifoReadNumElementsTxFifo    0x080030bd   Thumb Code   126  spirit_linearfifo.o(i.SpiritLinearFifoReadNumElementsTxFifo)
    SpiritLinearFifoSetAlmostEmptyThresholdTx 0x08003141   Thumb Code   252  spirit_linearfifo.o(i.SpiritLinearFifoSetAlmostEmptyThresholdTx)
    SpiritLinearFifoSetAlmostFullThresholdRx 0x08003241   Thumb Code   252  spirit_linearfifo.o(i.SpiritLinearFifoSetAlmostFullThresholdRx)
    SpiritManagementGetRangeExtender         0x08003341   Thumb Code     6  spirit1_util.o(i.SpiritManagementGetRangeExtender)
    SpiritManagementIdentificationRFBoard    0x0800334d   Thumb Code    58  spirit1_util.o(i.SpiritManagementIdentificationRFBoard)
    SpiritManagementRangeExtInit             0x08003391   Thumb Code   128  spirit1_util.o(i.SpiritManagementRangeExtInit)
    SpiritManagementSetFrequencyBase         0x08003415   Thumb Code   464  spirit_management.o(i.SpiritManagementSetFrequencyBase)
    SpiritManagementWaCmdStrobeRx            0x08003621   Thumb Code    42  spirit_management.o(i.SpiritManagementWaCmdStrobeRx)
    SpiritManagementWaCmdStrobeTx            0x08003651   Thumb Code   130  spirit_management.o(i.SpiritManagementWaCmdStrobeTx)
    SpiritManagementWaTRxFcMem               0x080036ed   Thumb Code    12  spirit_management.o(i.SpiritManagementWaTRxFcMem)
    SpiritManagementWaVcoCalibration         0x08003701   Thumb Code   352  spirit_management.o(i.SpiritManagementWaVcoCalibration)
    SpiritPktBasicGetAddressField            0x08003869   Thumb Code   134  spirit_pktbasic.o(i.SpiritPktBasicGetAddressField)
    SpiritPktBasicInit                       0x080038f5   Thumb Code   794  spirit_pktbasic.o(i.SpiritPktBasicInit)
    SpiritPktBasicSetPayloadLength           0x08003c15   Thumb Code   154  spirit_pktbasic.o(i.SpiritPktBasicSetPayloadLength)
    SpiritPktCommonFilterOnCrc               0x08003cb5   Thumb Code   260  spirit_pktcommon.o(i.SpiritPktCommonFilterOnCrc)
    SpiritPktCommonGetControlLength          0x08003dbd   Thumb Code   126  spirit_pktcommon.o(i.SpiritPktCommonGetControlLength)
    SpiritPktMbusInit                        0x08003e41   Thumb Code   154  spirit_pktmbus.o(i.SpiritPktMbusInit)
    SpiritPktMbusSetFormat                   0x08003ee1   Thumb Code   728  spirit_pktmbus.o(i.SpiritPktMbusSetFormat)
    SpiritPktMbusSetPayloadLength            0x080041bd   Thumb Code   132  spirit_pktmbus.o(i.SpiritPktMbusSetPayloadLength)
    SpiritQiGetRssi                          0x08004245   Thumb Code   122  spirit_qi.o(i.SpiritQiGetRssi)
    SpiritQiSetRssiThresholddBm              0x080042c5   Thumb Code   128  spirit_qi.o(i.SpiritQiSetRssiThresholddBm)
    SpiritQiSetSqiThreshold                  0x08004349   Thumb Code   252  spirit_qi.o(i.SpiritQiSetSqiThreshold)
    SpiritQiSqiCheck                         0x08004449   Thumb Code   260  spirit_qi.o(i.SpiritQiSqiCheck)
    SpiritRadioAFCFreezeOnSync               0x08004551   Thumb Code   162  spirit_radio.o(i.SpiritRadioAFCFreezeOnSync)
    SpiritRadioCsBlanking                    0x080045f9   Thumb Code   158  spirit_radio.o(i.SpiritRadioCsBlanking)
    SpiritRadioGetBand                       0x0800469d   Thumb Code   168  spirit_radio.o(i.SpiritRadioGetBand)
    SpiritRadioGetChannel                    0x08004749   Thumb Code   122  spirit_radio.o(i.SpiritRadioGetChannel)
    SpiritRadioGetChannelSpace               0x080047c9   Thumb Code   130  spirit_radio.o(i.SpiritRadioGetChannelSpace)
    SpiritRadioGetDigDiv                     0x08004855   Thumb Code   134  spirit_radio.o(i.SpiritRadioGetDigDiv)
    SpiritRadioGetFrequencyBase              0x080048e1   Thumb Code   124  spirit_radio.o(i.SpiritRadioGetFrequencyBase)
    SpiritRadioGetFrequencyOffset            0x08004965   Thumb Code   166  spirit_radio.o(i.SpiritRadioGetFrequencyOffset)
    SpiritRadioGetRefDiv                     0x08004a15   Thumb Code   132  spirit_radio.o(i.SpiritRadioGetRefDiv)
    SpiritRadioGetSynthWord                  0x08004a9d   Thumb Code   150  spirit_radio.o(i.SpiritRadioGetSynthWord)
    SpiritRadioGetXtalFrequency              0x08004b39   Thumb Code     6  spirit_radio.o(i.SpiritRadioGetXtalFrequency)
    SpiritRadioInit                          0x08004b45   Thumb Code   996  spirit_radio.o(i.SpiritRadioInit)
    SpiritRadioSearchChannelBwME             0x08004f59   Thumb Code   246  spirit_radio.o(i.SpiritRadioSearchChannelBwME)
    SpiritRadioSearchDatarateME              0x08005059   Thumb Code   236  spirit_radio.o(i.SpiritRadioSearchDatarateME)
    SpiritRadioSearchFreqDevME               0x08005149   Thumb Code   260  spirit_radio.o(i.SpiritRadioSearchFreqDevME)
    SpiritRadioSearchWCP                     0x0800526d   Thumb Code   156  spirit_radio.o(i.SpiritRadioSearchWCP)
    SpiritRadioSetDigDiv                     0x08005331   Thumb Code   158  spirit_radio.o(i.SpiritRadioSetDigDiv)
    SpiritRadioSetFrequencyBase              0x080053d5   Thumb Code   464  spirit_radio.o(i.SpiritRadioSetFrequencyBase)
    SpiritRadioSetPACwc                      0x080055e5   Thumb Code   150  spirit_radio.o(i.SpiritRadioSetPACwc)
    SpiritRadioSetPALevelMaxIndex            0x08005681   Thumb Code   150  spirit_radio.o(i.SpiritRadioSetPALevelMaxIndex)
    SpiritRadioSetPALeveldBm                 0x0800571d   Thumb Code   572  spirit_radio.o(i.SpiritRadioSetPALeveldBm)
    SpiritRadioSetRefDiv                     0x08005995   Thumb Code   158  spirit_radio.o(i.SpiritRadioSetRefDiv)
    SpiritRadioSetXtalFlag                   0x08005a39   Thumb Code   264  spirit_radio.o(i.SpiritRadioSetXtalFlag)
    SpiritRadioSetXtalFrequency              0x08005b45   Thumb Code     6  spirit_radio.o(i.SpiritRadioSetXtalFrequency)
    SpiritRefreshStatus                      0x08005b51   Thumb Code   118  spirit_types.o(i.SpiritRefreshStatus)
    SpiritTimerComputeRxTimeoutValues        0x08005bcd   Thumb Code   430  spirit_timer.o(i.SpiritTimerComputeRxTimeoutValues)
    SpiritTimerSetRxTimeoutMs                0x08005db1   Thumb Code   146  spirit_timer.o(i.SpiritTimerSetRxTimeoutMs)
    SpiritTimerSetRxTimeoutStopCondition     0x08005e49   Thumb Code   288  spirit_timer.o(i.SpiritTimerSetRxTimeoutStopCondition)
    SysTick_Handler                          0x08006009   Thumb Code    12  stm32f4xx_it.o(i.SysTick_Handler)
    SystemClock_Config                       0x08006015   Thumb Code   142  cube_hal_f4.o(i.SystemClock_Config)
    SystemInit                               0x080060ad   Thumb Code    82  system_stm32f4xx.o(i.SystemInit)
    WMBus_AppliIndicaCallback                0x08006111   Thumb Code   268  wmbus_appli.o(i.WMBus_AppliIndicaCallback)
    WMBus_AppliInit                          0x08006239   Thumb Code     8  wmbus_appli.o(i.WMBus_AppliInit)
    WMBus_AppliPowerOn                       0x08006241   Thumb Code    38  wmbus_appli.o(i.WMBus_AppliPowerOn)
    WMBus_AppliSendMeterData                 0x0800626d   Thumb Code   430  wmbus_appli.o(i.WMBus_AppliSendMeterData)
    WMBus_AppliTxDataSentHandler             0x08006445   Thumb Code   104  wmbus_appli.o(i.WMBus_AppliTxDataSentHandler)
    WMBus_GetWMBusDeviceType                 0x080064c5   Thumb Code    26  wmbus_appli.o(i.WMBus_GetWMBusDeviceType)
    WMBus_LinkGetAttribute                   0x080064e1   Thumb Code   612  wmbus_link.o(i.WMBus_LinkGetAttribute)
    WMBus_LinkInit                           0x08006965   Thumb Code  1128  wmbus_link.o(i.WMBus_LinkInit)
    WMBus_LinkLayerParser                    0x08006ddd   Thumb Code   554  wmbus_link.o(i.WMBus_LinkLayerParser)
    WMBus_LinkRxFrameHandler                 0x08007011   Thumb Code   256  wmbus_link.o(i.WMBus_LinkRxFrameHandler)
    WMBus_LinkRxFrameHandlerMode             0x0800712d   Thumb Code    30  wmbus_link.o(i.WMBus_LinkRxFrameHandlerMode)
    WMBus_LinkServicesIndicationCallbackMode 0x080074b1   Thumb Code   102  wmbus_linkservices.o(i.WMBus_LinkServicesIndicationCallbackMode)
    WMBus_LinkServicesInit                   0x0800752d   Thumb Code    64  wmbus_linkservices.o(i.WMBus_LinkServicesInit)
    WMBus_LinkServicesRequestsCallbackMode   0x08007585   Thumb Code   336  wmbus_linkservices.o(i.WMBus_LinkServicesRequestsCallbackMode)
    WMBus_LinkServicesResponseCallbackMode   0x080076e9   Thumb Code   386  wmbus_linkservices.o(i.WMBus_LinkServicesResponseCallbackMode)
    WMBus_LinkSetAttribute                   0x08007d05   Thumb Code  1804  wmbus_link.o(i.WMBus_LinkSetAttribute)
    WMBus_LinkSetTxFrameBuffer               0x08008415   Thumb Code   382  wmbus_link.o(i.WMBus_LinkSetTxFrameBuffer)
    WMBus_LinkTransmitFrameHandlerMode       0x080085a1   Thumb Code    40  wmbus_link.o(i.WMBus_LinkTransmitFrameHandlerMode)
    WMBus_PhyConfig                          0x080085ed   Thumb Code    98  wmbus_phy.o(i.WMBus_PhyConfig)
    WMBus_PhyConfigFull                      0x08008655   Thumb Code  1438  wmbus_phy.o(i.WMBus_PhyConfigFull)
    WMBus_PhyGetAttr                         0x08008c1d   Thumb Code   172  wmbus_phy.o(i.WMBus_PhyGetAttr)
    WMBus_PhyInit                            0x08008ccd   Thumb Code   244  wmbus_phy.o(i.WMBus_PhyInit)
    WMBus_PhyInterruptHandler                0x08008dc9   Thumb Code   948  wmbus_phy.o(i.WMBus_PhyInterruptHandler)
    WMBus_PhyRxDataHandlerMode               0x080091b9   Thumb Code    80  wmbus_phy.o(i.WMBus_PhyRxDataHandlerMode)
    WMBus_PhyRxPacketHandler                 0x0800921d   Thumb Code    90  wmbus_phy.o(i.WMBus_PhyRxPacketHandler)
    WMBus_PhySetAttr                         0x08009285   Thumb Code   344  wmbus_phy.o(i.WMBus_PhySetAttr)
    WMBus_PhySetState                        0x080093e5   Thumb Code   518  wmbus_phy.o(i.WMBus_PhySetState)
    WMBus_PhyTxDataHandleMode                0x08009621   Thumb Code   144  wmbus_phy.o(i.WMBus_PhyTxDataHandleMode)
    WMBus_SetBoardMnfID                      0x080096c5   Thumb Code   118  wmbus_appli.o(i.WMBus_SetBoardMnfID)
    WMBus_appliSendMeterInstallationRequest  0x08009741   Thumb Code   182  wmbus_appli.o(i.WMBus_appliSendMeterInstallationRequest)
    WMbusCmp                                 0x08009815   Thumb Code    34  wmbus_phy.o(i.WMbusCmp)
    __ARM_common_switch8                     0x08009837   Thumb Code    28  wmbus_link.o(i.__ARM_common_switch8)
    __hardfp_round                           0x08009859   Thumb Code   194  round.o(i.__hardfp_round)
    crcCalc                                  0x08009939   Thumb Code    52  wmbus_crc.o(i.crcCalc)
    main                                     0x08009971   Thumb Code    48  main.o(i.main)
    __aeabi_d2f                              0x080099a1   Thumb Code     0  d2f.o(x$fpl$d2f)
    _d2f                                     0x080099a1   Thumb Code    98  d2f.o(x$fpl$d2f)
    __aeabi_dadd                             0x08009a05   Thumb Code     0  daddsub_clz.o(x$fpl$dadd)
    _dadd                                    0x08009a05   Thumb Code   332  daddsub_clz.o(x$fpl$dadd)
    __fpl_dcmp_Inf                           0x08009b55   Thumb Code    24  dcmpi.o(x$fpl$dcmpinf)
    __aeabi_ddiv                             0x08009b6d   Thumb Code     0  ddiv.o(x$fpl$ddiv)
    _ddiv                                    0x08009b6d   Thumb Code   552  ddiv.o(x$fpl$ddiv)
    __aeabi_d2uiz                            0x08009e1d   Thumb Code     0  dfixu.o(x$fpl$dfixu)
    _dfixu                                   0x08009e1d   Thumb Code    90  dfixu.o(x$fpl$dfixu)
    __aeabi_i2d                              0x08009e77   Thumb Code     0  dflt_clz.o(x$fpl$dflt)
    _dflt                                    0x08009e77   Thumb Code    46  dflt_clz.o(x$fpl$dflt)
    __aeabi_ui2d                             0x08009ea5   Thumb Code     0  dflt_clz.o(x$fpl$dfltu)
    _dfltu                                   0x08009ea5   Thumb Code    38  dflt_clz.o(x$fpl$dfltu)
    __aeabi_cdcmple                          0x08009ecd   Thumb Code     0  dleqf.o(x$fpl$dleqf)
    _dcmple                                  0x08009ecd   Thumb Code   120  dleqf.o(x$fpl$dleqf)
    __fpl_dcmple_InfNaN                      0x08009f2f   Thumb Code     0  dleqf.o(x$fpl$dleqf)
    __aeabi_dmul                             0x08009f45   Thumb Code     0  dmul.o(x$fpl$dmul)
    _dmul                                    0x08009f45   Thumb Code   332  dmul.o(x$fpl$dmul)
    __fpl_dnaninf                            0x0800a099   Thumb Code   156  dnaninf.o(x$fpl$dnaninf)
    __fpl_dretinf                            0x0800a135   Thumb Code    12  dretinf.o(x$fpl$dretinf)
    __aeabi_cdrcmple                         0x0800a141   Thumb Code     0  drleqf.o(x$fpl$drleqf)
    _drcmple                                 0x0800a141   Thumb Code   108  drleqf.o(x$fpl$drleqf)
    _drnd                                    0x0800a1ad   Thumb Code   180  drnd.o(x$fpl$drnd)
    __aeabi_dsub                             0x0800a261   Thumb Code     0  daddsub_clz.o(x$fpl$dsub)
    _dsub                                    0x0800a261   Thumb Code   464  daddsub_clz.o(x$fpl$dsub)
    __aeabi_f2d                              0x0800a435   Thumb Code     0  f2d.o(x$fpl$f2d)
    _f2d                                     0x0800a435   Thumb Code    86  f2d.o(x$fpl$f2d)
    __fpl_fcmp_Inf                           0x0800a48b   Thumb Code    24  fcmpi.o(x$fpl$fcmpinf)
    __aeabi_fdiv                             0x0800a4a3   Thumb Code     0  fdiv.o(x$fpl$fdiv)
    _fdiv                                    0x0800a4a3   Thumb Code    18  fdiv.o(x$fpl$fdiv)
    __aeabi_cfcmpeq                          0x0800a4b5   Thumb Code     0  feqf.o(x$fpl$feqf)
    _fcmpeq                                  0x0800a4b5   Thumb Code    48  feqf.o(x$fpl$feqf)
    __aeabi_f2iz                             0x0800a4e5   Thumb Code     0  ffix.o(x$fpl$ffix)
    _ffix                                    0x0800a4e5   Thumb Code    14  ffix.o(x$fpl$ffix)
    __aeabi_f2uiz                            0x0800a4f3   Thumb Code     0  ffixu.o(x$fpl$ffixu)
    _ffixu                                   0x0800a4f3   Thumb Code    14  ffixu.o(x$fpl$ffixu)
    __aeabi_i2f                              0x0800a501   Thumb Code     0  fflt_clz.o(x$fpl$fflt)
    _fflt                                    0x0800a501   Thumb Code    14  fflt_clz.o(x$fpl$fflt)
    __aeabi_ui2f                             0x0800a50f   Thumb Code     0  fflt_clz.o(x$fpl$ffltu)
    _ffltu                                   0x0800a50f   Thumb Code    14  fflt_clz.o(x$fpl$ffltu)
    __aeabi_cfcmple                          0x0800a51d   Thumb Code     0  fleqf.o(x$fpl$fleqf)
    _fcmple                                  0x0800a51d   Thumb Code    48  fleqf.o(x$fpl$fleqf)
    __fpl_fcmple_InfNaN                      0x0800a535   Thumb Code     0  fleqf.o(x$fpl$fleqf)
    __fpl_fnaninf                            0x0800a54d   Thumb Code   140  fnaninf.o(x$fpl$fnaninf)
    _fp_init                                 0x0800a5d9   Thumb Code    10  fpinit.o(x$fpl$fpinit)
    __fplib_config_fpu_vfp                   0x0800a5e1   Thumb Code     0  fpinit.o(x$fpl$fpinit)
    __fplib_config_pureend_doubles           0x0800a5e1   Thumb Code     0  fpinit.o(x$fpl$fpinit)
    __fpl_fretinf                            0x0800a5e3   Thumb Code    10  fretinf.o(x$fpl$fretinf)
    __aeabi_cfrcmple                         0x0800a5ed   Thumb Code     0  frleqf.o(x$fpl$frleqf)
    _frcmple                                 0x0800a5ed   Thumb Code    40  frleqf.o(x$fpl$frleqf)
    __aeabi_frsub                            0x0800a615   Thumb Code     0  faddsub_clz.o(x$fpl$frsb)
    _frsb                                    0x0800a615   Thumb Code    18  faddsub_clz.o(x$fpl$frsb)
    __I$use$fp                               0x0800a626   Number         0  usenofp.o(x$fpl$usenofp)
    __aeabi_idivmod                          0x0800a627   Thumb Code    12  aeabi_sdiv.o(x$sdivmod)
    aLED_GPIO_PIN                            0x0800a67c   Data           2  radio_shield_config.o(.constdata)
    GPIO_PIN                                 0x0800a67e   Data           2  stm32f4xx_nucleo.o(.constdata)
    BUTTON_PIN                               0x0800a680   Data           2  stm32f4xx_nucleo.o(.constdata)
    BUTTON_IRQn                              0x0800a682   Data           1  stm32f4xx_nucleo.o(.constdata)
    xSpiritVersionMap                        0x0800a684   Data          12  spirit1_util.o(.constdata)
    APBAHBPrescTable                         0x0800a794   Data          16  stm32f4xx_hal_rcc.o(.constdata)
    Region$$Table$$Base                      0x0800a7b4   Number         0  anon$$obj.o(Region$$Table)
    Region$$Table$$Limit                     0x0800a7d4   Number         0  anon$$obj.o(Region$$Table)
    radio_cb                                 0x20000000   Data          16  radio_hal.o(.data)
    MCU_LPM_cb                               0x20000010   Data          12  radio_hal.o(.data)
    Radio_LPM_cb                             0x2000001c   Data          12  radio_hal.o(.data)
    SW1_PUSHED                               0x20000028   Data           1  radio_hal.o(.data)
    SW2_PUSHED                               0x20000029   Data           1  radio_hal.o(.data)
    WMBusDeviceType                          0x2000002a   Data           1  radio_hal.o(.data)
    VolumeInL                                0x2000002c   Data           4  radio_hal.o(.data)
    accNum                                   0x20000030   Data           8  radio_hal.o(.data)
    pRadioDriver                             0x20000038   Data           4  radio_hal.o(.data)
    pMCU_LPM_Comm                            0x2000003c   Data           4  radio_hal.o(.data)
    pRadio_LPM_Comm                          0x20000040   Data           4  radio_hal.o(.data)
    aManufIdBuff                             0x20000044   Data           8  radio_hal.o(.data)
    aMeter_EnKey                             0x2000004c   Data          16  radio_hal.o(.data)
    aRADIO_GPIO_PORT                         0x2000005c   Data          20  radio_gpio.o(.data)
    aLED_GPIO_PORT                           0x20000070   Data           4  radio_shield_config.o(.data)
    SpiTimeout                               0x20000074   Data           4  radio_spi.o(.data)
    GPIO_PORT                                0x20000078   Data           4  stm32f4xx_nucleo.o(.data)
    BUTTON_PORT                              0x2000007c   Data           4  stm32f4xx_nucleo.o(.data)
    SpixTimeout                              0x20000080   Data           4  stm32f4xx_nucleo.o(.data)
    SystemCoreClock                          0x20000088   Data           4  system_stm32f4xx.o(.data)
    AHBPrescTable                            0x2000008c   Data          16  system_stm32f4xx.o(.data)
    bNewdatareceived                         0x2000009c   Data           1  wmbus_appli.o(.data)
    bAckReceived                             0x2000009d   Data           1  wmbus_appli.o(.data)
    bInstallationReqSent                     0x2000009e   Data           1  wmbus_appli.o(.data)
    bInstallationConfirmSent                 0x2000009f   Data           1  wmbus_appli.o(.data)
    bLinkAttrChanged                         0x200000a3   Data           1  wmbus_appli.o(.data)
    bNewUserDataRequestRxd                   0x200000a4   Data           1  wmbus_appli.o(.data)
    bACKTransmitted                          0x200000a5   Data           1  wmbus_appli.o(.data)
    bNRDataTransmitted                       0x200000a6   Data           1  wmbus_appli.o(.data)
    WMBusOperationMode                       0x200000a7   Data           1  wmbus_appli.o(.data)
    RTC_InitStructVal                        0x200000b0   Data          24  wmbus_appli.o(.data)
    RTC_TimeStructVal                        0x200000c8   Data          20  wmbus_appli.o(.data)
    RTC_DateStructVal                        0x200000dc   Data           4  wmbus_appli.o(.data)
    pRootDataBase                            0x200000e0   Data           4  wmbus_appli.o(.data)
    g_xStatus                                0x200000f4   Data           2  spirit_types.o(.data)
    LinkAttr                                 0x200000fc   Data         112  wmbus_link.o(.data)
    LinkServLayerRxDataCallback              0x20000170   Data           4  wmbus_link.o(.data)
    AppliLayerSnifferCallback                0x20000174   Data           4  wmbus_link.o(.data)
    LinkTxDataSentHandler                    0x20000178   Data           4  wmbus_link.o(.data)
    LinkServiceState                         0x2000017d   Data           1  wmbus_linkservices.o(.data)
    AppliLayerRxDataCallback                 0x20000188   Data           4  wmbus_linkservices.o(.data)
    LSTxDataHandler                          0x2000018c   Data           4  wmbus_linkservices.o(.data)
    WMBusPhyAttr                             0x20000190   Data          36  wmbus_phy.o(.data)
    cRxDataLen                               0x200001b4   Data           1  wmbus_phy.o(.data)
    phy_init_called                          0x200001b5   Data           1  wmbus_phy.o(.data)
    RxHandleMode                             0x200001bc   Data           1  wmbus_phy.o(.data)
    TxHandleMode                             0x200001bd   Data           1  wmbus_phy.o(.data)
    RxHandleModeconfig                       0x200001be   Data           1  wmbus_phy.o(.data)
    RFPower_p                                0x200001c4   Data           4  wmbus_phy.o(.data)
    RSSIThr_p                                0x200001c8   Data           4  wmbus_phy.o(.data)
    RxTimeout_p                              0x200001cc   Data           4  wmbus_phy.o(.data)
    LinkLayerRxDataCallback                  0x200001d0   Data           4  wmbus_phy.o(.data)
    WMBus_LinkLayerCRCParser                 0x200001d4   Data           4  wmbus_phy.o(.data)
    PhyTxDataSentStateHandler                0x200001d8   Data           4  wmbus_phy.o(.data)
    aWMBusPayloadBuff                        0x200001ec   Data         255  radio_hal.o(.bss)
    pSpiHandle                               0x200002ec   Data          88  radio_spi.o(.bss)
    aindicationPayload                       0x20000344   Data         255  wmbus_appli.o(.bss)
    aDataToUSB                               0x20000443   Data         260  wmbus_appli.o(.bss)
    aAES_InitnalizationVector_Tx             0x20000547   Data          16  wmbus_appli.o(.bss)
    aAES_InitnalizationVector_Rx             0x20000557   Data          16  wmbus_appli.o(.bss)
    gindicFrame                              0x20000568   Data          40  wmbus_appli.o(.bss)
    RtcHandle                                0x20000590   Data          32  wmbus_appli.o(.bss)
    linkLayerframe                           0x200007f4   Data          28  wmbus_link.o(.bss)
    TxServiceReq                             0x20000b94   Data          32  wmbus_linkservices.o(.bss)
    aDataBuffer                              0x20000bb4   Data         255  wmbus_linkservices.o(.bss)
    PhyTxFrame                               0x20000cb4   Data         294  wmbus_phy.o(.bss)
    PhyRxFrame                               0x20000dda   Data         294  wmbus_phy.o(.bss)
    __libspace_start                         0x20000f5c   Data          96  libspace.o(.bss)
    __temporary_stack_top$libspace           0x20000fbc   Data           0  libspace.o(.bss)



==============================================================================

Memory Map of the image

  Image Entry point : 0x08000195

  Load Region LR_IROM1 (Base: 0x08000000, Size: 0x0000a9c0, Max: 0x00080000, ABSOLUTE, COMPRESSED[0x0000a8c0])

    Execution Region ER_IROM1 (Base: 0x08000000, Size: 0x0000a7d4, Max: 0x00080000, ABSOLUTE)

    Base Addr    Size         Type   Attr      Idx    E Section Name        Object

    0x08000000   0x00000194   Data   RO            3    RESET               startup_stm32f401xe.o
    0x08000194   0x00000008   Code   RO         6663  * !!!main             c_w.l(__main.o)
    0x0800019c   0x00000034   Code   RO         7022    !!!scatter          c_w.l(__scatter.o)
    0x080001d0   0x0000005a   Code   RO         7020    !!dczerorl2         c_w.l(__dczerorl2.o)
    0x0800022a   0x00000002   PAD
    0x0800022c   0x0000001c   Code   RO         7024    !!handler_zi        c_w.l(__scatter_zi.o)
    0x08000248   0x00000002   Code   RO         6890    .ARM.Collect$$libinit$$00000000  c_w.l(libinit.o)
    0x0800024a   0x00000004   Code   RO         6901    .ARM.Collect$$libinit$$00000001  c_w.l(libinit2.o)
    0x0800024e   0x00000000   Code   RO         6904    .ARM.Collect$$libinit$$00000004  c_w.l(libinit2.o)
    0x0800024e   0x00000000   Code   RO         6907    .ARM.Collect$$libinit$$0000000A  c_w.l(libinit2.o)
    0x0800024e   0x00000000   Code   RO         6909    .ARM.Collect$$libinit$$0000000C  c_w.l(libinit2.o)
    0x0800024e   0x00000000   Code   RO         6911    .ARM.Collect$$libinit$$0000000E  c_w.l(libinit2.o)
    0x0800024e   0x00000000   Code   RO         6914    .ARM.Collect$$libinit$$00000011  c_w.l(libinit2.o)
    0x0800024e   0x00000000   Code   RO         6916    .ARM.Collect$$libinit$$00000013  c_w.l(libinit2.o)
    0x0800024e   0x00000000   Code   RO         6918    .ARM.Collect$$libinit$$00000015  c_w.l(libinit2.o)
    0x0800024e   0x00000000   Code   RO         6920    .ARM.Collect$$libinit$$00000017  c_w.l(libinit2.o)
    0x0800024e   0x00000000   Code   RO         6922    .ARM.Collect$$libinit$$00000019  c_w.l(libinit2.o)
    0x0800024e   0x00000000   Code   RO         6924    .ARM.Collect$$libinit$$0000001B  c_w.l(libinit2.o)
    0x0800024e   0x00000000   Code   RO         6926    .ARM.Collect$$libinit$$0000001D  c_w.l(libinit2.o)
    0x0800024e   0x00000000   Code   RO         6928    .ARM.Collect$$libinit$$0000001F  c_w.l(libinit2.o)
    0x0800024e   0x00000000   Code   RO         6930    .ARM.Collect$$libinit$$00000021  c_w.l(libinit2.o)
    0x0800024e   0x00000000   Code   RO         6932    .ARM.Collect$$libinit$$00000023  c_w.l(libinit2.o)
    0x0800024e   0x00000000   Code   RO         6934    .ARM.Collect$$libinit$$00000025  c_w.l(libinit2.o)
    0x0800024e   0x00000000   Code   RO         6938    .ARM.Collect$$libinit$$0000002C  c_w.l(libinit2.o)
    0x0800024e   0x00000000   Code   RO         6940    .ARM.Collect$$libinit$$0000002E  c_w.l(libinit2.o)
    0x0800024e   0x00000000   Code   RO         6942    .ARM.Collect$$libinit$$00000030  c_w.l(libinit2.o)
    0x0800024e   0x00000000   Code   RO         6944    .ARM.Collect$$libinit$$00000032  c_w.l(libinit2.o)
    0x0800024e   0x00000002   Code   RO         6945    .ARM.Collect$$libinit$$00000033  c_w.l(libinit2.o)
    0x08000250   0x00000002   Code   RO         6978    .ARM.Collect$$libshutdown$$00000000  c_w.l(libshutdown.o)
    0x08000252   0x00000000   Code   RO         7005    .ARM.Collect$$libshutdown$$00000003  c_w.l(libshutdown2.o)
    0x08000252   0x00000000   Code   RO         7008    .ARM.Collect$$libshutdown$$00000006  c_w.l(libshutdown2.o)
    0x08000252   0x00000000   Code   RO         7011    .ARM.Collect$$libshutdown$$00000009  c_w.l(libshutdown2.o)
    0x08000252   0x00000000   Code   RO         7013    .ARM.Collect$$libshutdown$$0000000B  c_w.l(libshutdown2.o)
    0x08000252   0x00000000   Code   RO         7016    .ARM.Collect$$libshutdown$$0000000E  c_w.l(libshutdown2.o)
    0x08000252   0x00000002   Code   RO         7017    .ARM.Collect$$libshutdown$$0000000F  c_w.l(libshutdown2.o)
    0x08000254   0x00000000   Code   RO         6757    .ARM.Collect$$rtentry$$00000000  c_w.l(__rtentry.o)
    0x08000254   0x00000000   Code   RO         6847    .ARM.Collect$$rtentry$$00000002  c_w.l(__rtentry2.o)
    0x08000254   0x00000006   Code   RO         6859    .ARM.Collect$$rtentry$$00000004  c_w.l(__rtentry4.o)
    0x0800025a   0x00000000   Code   RO         6849    .ARM.Collect$$rtentry$$00000009  c_w.l(__rtentry2.o)
    0x0800025a   0x00000004   Code   RO         6850    .ARM.Collect$$rtentry$$0000000A  c_w.l(__rtentry2.o)
    0x0800025e   0x00000000   Code   RO         6852    .ARM.Collect$$rtentry$$0000000C  c_w.l(__rtentry2.o)
    0x0800025e   0x00000008   Code   RO         6853    .ARM.Collect$$rtentry$$0000000D  c_w.l(__rtentry2.o)
    0x08000266   0x00000002   Code   RO         6893    .ARM.Collect$$rtexit$$00000000  c_w.l(rtexit.o)
    0x08000268   0x00000000   Code   RO         6951    .ARM.Collect$$rtexit$$00000002  c_w.l(rtexit2.o)
    0x08000268   0x00000004   Code   RO         6952    .ARM.Collect$$rtexit$$00000003  c_w.l(rtexit2.o)
    0x0800026c   0x00000006   Code   RO         6953    .ARM.Collect$$rtexit$$00000004  c_w.l(rtexit2.o)
    0x08000272   0x00000002   PAD
    0x08000274   0x00000040   Code   RO            4    .text               startup_stm32f401xe.o
    0x080002b4   0x00000058   Code   RO         6607    .text               c_w.l(memcmp.o)
    0x0800030c   0x0000008a   Code   RO         6609    .text               c_w.l(rt_memcpy_v6.o)
    0x08000396   0x00000064   Code   RO         6611    .text               c_w.l(rt_memcpy_w.o)
    0x080003fa   0x00000044   Code   RO         6613    .text               c_w.l(rt_memclr.o)
    0x0800043e   0x0000004e   Code   RO         6615    .text               c_w.l(rt_memclr_w.o)
    0x0800048c   0x00000006   Code   RO         6661    .text               c_w.l(heapauxi.o)
    0x08000492   0x00000002   PAD
    0x08000494   0x00000008   Code   RO         6874    .text               c_w.l(libspace.o)
    0x0800049c   0x0000004a   Code   RO         6877    .text               c_w.l(sys_stackheap_outer.o)
    0x080004e6   0x0000000c   Code   RO         6879    .text               c_w.l(exit.o)
    0x080004f2   0x00000002   PAD
    0x080004f4   0x0000000c   Code   RO         6948    .text               c_w.l(sys_exit.o)
    0x08000500   0x00000002   Code   RO         6967    .text               c_w.l(use_no_semi.o)
    0x08000502   0x00000000   Code   RO         6969    .text               c_w.l(indicate_semi.o)
    0x08000502   0x00000026   Code   RO         6575    i.AppendCRC         SPIRIT1_WMBus_Library108_CM4_Keil.lib(wmbus_crc.o)
    0x08000528   0x00000068   Code   RO          603    i.BSP_LED_Init      stm32f4xx_nucleo.o
    0x08000590   0x00000020   Code   RO          606    i.BSP_LED_Toggle    stm32f4xx_nucleo.o
    0x080005b0   0x0000009c   Code   RO          608    i.BSP_PB_Init       stm32f4xx_nucleo.o
    0x0800064c   0x00000036   Code   RO         6576    i.CRCCheck          SPIRIT1_WMBus_Library108_CM4_Keil.lib(wmbus_crc.o)
    0x08000682   0x00000002   PAD
    0x08000684   0x00000018   Code   RO          364    i.EXTI0_IRQHandler  stm32f4xx_it.o
    0x0800069c   0x00000024   Code   RO          365    i.EXTI15_10_IRQHandler  stm32f4xx_it.o
    0x080006c0   0x00000018   Code   RO          366    i.EXTI1_IRQHandler  stm32f4xx_it.o
    0x080006d8   0x00000018   Code   RO          367    i.EXTI2_IRQHandler  stm32f4xx_it.o
    0x080006f0   0x00000018   Code   RO          368    i.EXTI3_IRQHandler  stm32f4xx_it.o
    0x08000708   0x00000002   Code   RO          369    i.EXTI4_IRQHandler  stm32f4xx_it.o
    0x0800070a   0x00000002   PAD
    0x0800070c   0x0000001c   Code   RO          370    i.EXTI9_5_IRQHandler  stm32f4xx_it.o
    0x08000728   0x00000014   Code   RO         3438    i.HAL_DBGMCU_EnableDBGStopMode  stm32f4xx_hal.o
    0x0800073c   0x0000001a   Code   RO         3440    i.HAL_Delay         stm32f4xx_hal.o
    0x08000756   0x00000002   PAD
    0x08000758   0x000001d0   Code   RO         4150    i.HAL_GPIO_Init     stm32f4xx_hal_gpio.o
    0x08000928   0x00000010   Code   RO         4152    i.HAL_GPIO_ReadPin  stm32f4xx_hal_gpio.o
    0x08000938   0x00000008   Code   RO         4153    i.HAL_GPIO_TogglePin  stm32f4xx_hal_gpio.o
    0x08000940   0x0000000c   Code   RO         4154    i.HAL_GPIO_WritePin  stm32f4xx_hal_gpio.o
    0x0800094c   0x0000000c   Code   RO         3446    i.HAL_GetTick       stm32f4xx_hal.o
    0x08000958   0x00000010   Code   RO         3447    i.HAL_IncTick       stm32f4xx_hal.o
    0x08000968   0x0000003c   Code   RO         3448    i.HAL_Init          stm32f4xx_hal.o
    0x080009a4   0x00000024   Code   RO         3449    i.HAL_InitTick      stm32f4xx_hal.o
    0x080009c8   0x00000002   Code   RO         3451    i.HAL_MspInit       stm32f4xx_hal.o
    0x080009ca   0x00000002   PAD
    0x080009cc   0x0000001c   Code   RO         3843    i.HAL_NVIC_DisableIRQ  stm32f4xx_hal_cortex.o
    0x080009e8   0x0000001a   Code   RO         3844    i.HAL_NVIC_EnableIRQ  stm32f4xx_hal_cortex.o
    0x08000a02   0x0000007c   Code   RO         3850    i.HAL_NVIC_SetPriority  stm32f4xx_hal_cortex.o
    0x08000a7e   0x00000002   PAD
    0x08000a80   0x00000028   Code   RO         3851    i.HAL_NVIC_SetPriorityGrouping  stm32f4xx_hal_cortex.o
    0x08000aa8   0x00000020   Code   RO         4221    i.HAL_PWR_EnterSLEEPMode  stm32f4xx_hal_pwr.o
    0x08000ac8   0x00000028   Code   RO         4222    i.HAL_PWR_EnterSTANDBYMode  stm32f4xx_hal_pwr.o
    0x08000af0   0x00000040   Code   RO         4223    i.HAL_PWR_EnterSTOPMode  stm32f4xx_hal_pwr.o
    0x08000b30   0x000002b0   Code   RO         4326    i.HAL_RCC_ClockConfig  stm32f4xx_hal_rcc.o
    0x08000de0   0x00000038   Code   RO         4331    i.HAL_RCC_GetHCLKFreq  stm32f4xx_hal_rcc.o
    0x08000e18   0x000000b4   Code   RO         4335    i.HAL_RCC_GetSysClockFreq  stm32f4xx_hal_rcc.o
    0x08000ecc   0x00000404   Code   RO         4338    i.HAL_RCC_OscConfig  stm32f4xx_hal_rcc.o
    0x080012d0   0x00000030   Code   RO         4787    i.HAL_SPI_DeInit    stm32f4xx_hal_spi.o
    0x08001300   0x00000008   Code   RO         4790    i.HAL_SPI_GetState  stm32f4xx_hal_spi.o
    0x08001308   0x00000088   Code   RO         4792    i.HAL_SPI_Init      stm32f4xx_hal_spi.o
    0x08001390   0x00000002   Code   RO         4793    i.HAL_SPI_MspDeInit  stm32f4xx_hal_spi.o
    0x08001392   0x00000002   PAD
    0x08001394   0x00000108   Code   RO          528    i.HAL_SPI_MspInit   radio_spi.o
    0x0800149c   0x000001be   Code   RO         4800    i.HAL_SPI_Transmit  stm32f4xx_hal_spi.o
    0x0800165a   0x00000352   Code   RO         4801    i.HAL_SPI_TransmitReceive  stm32f4xx_hal_spi.o
    0x080019ac   0x00000002   Code   RO         3854    i.HAL_SYSTICK_Callback  stm32f4xx_hal_cortex.o
    0x080019ae   0x00000034   Code   RO         3855    i.HAL_SYSTICK_Config  stm32f4xx_hal_cortex.o
    0x080019e2   0x00000008   Code   RO         3856    i.HAL_SYSTICK_IRQHandler  stm32f4xx_hal_cortex.o
    0x080019ea   0x00000002   PAD
    0x080019ec   0x0000018c   Code   RO         6431    i.LoadConfRegs      SPIRIT1_WMBus_Library108_CM4_Keil.lib(wmbus_phy.o)
    0x08001b78   0x0000000c   Code   RO          250    i.MCU_Enter_SleepMode  radio_hal.o
    0x08001b84   0x00000008   Code   RO          251    i.MCU_Enter_StandbyMode  radio_hal.o
    0x08001b8c   0x0000000c   Code   RO          252    i.MCU_Enter_StopMode  radio_hal.o
    0x08001b98   0x00000010   Code   RO         3857    i.NVIC_GetPriorityGrouping  stm32f4xx_hal_cortex.o
    0x08001ba8   0x00000028   Code   RO         3858    i.NVIC_SetPriority  stm32f4xx_hal_cortex.o
    0x08001bd0   0x0000000a   Code   RO          426    i.RadioCheckShutdown  radio_gpio.o
    0x08001bda   0x0000004e   Code   RO         6432    i.RadioCmp          SPIRIT1_WMBus_Library108_CM4_Keil.lib(wmbus_phy.o)
    0x08001c28   0x0000000c   Code   RO          427    i.RadioEnterShutdown  radio_gpio.o
    0x08001c34   0x00000020   Code   RO          428    i.RadioExitShutdown  radio_gpio.o
    0x08001c54   0x00000030   Code   RO          429    i.RadioGpioGetLevel  radio_gpio.o
    0x08001c84   0x000000d8   Code   RO          430    i.RadioGpioInit     radio_gpio.o
    0x08001d5c   0x0000003c   Code   RO          431    i.RadioGpioInterruptCmd  radio_gpio.o
    0x08001d98   0x00000024   Code   RO          432    i.RadioGpioSetLevel  radio_gpio.o
    0x08001dbc   0x00000008   Code   RO          253    i.RadioPowerOFF     radio_hal.o
    0x08001dc4   0x00000038   Code   RO          254    i.RadioPowerON      radio_hal.o
    0x08001dfc   0x00000050   Code   RO          486    i.RadioShieldLedInit  radio_shield_config.o
    0x08001e4c   0x00000020   Code   RO          488    i.RadioShieldLedOn  radio_shield_config.o
    0x08001e6c   0x00000020   Code   RO          489    i.RadioShieldLedToggle  radio_shield_config.o
    0x08001e8c   0x000000a0   Code   RO          529    i.RadioSpiCommandStrobes  radio_spi.o
    0x08001f2c   0x00000054   Code   RO          530    i.RadioSpiInit      radio_spi.o
    0x08001f80   0x000000c8   Code   RO          531    i.RadioSpiReadFifo  radio_spi.o
    0x08002048   0x000000d0   Code   RO          532    i.RadioSpiReadRegisters  radio_spi.o
    0x08002118   0x000000b4   Code   RO          533    i.RadioSpiWriteFifo  radio_spi.o
    0x080021cc   0x000000bc   Code   RO          534    i.RadioSpiWriteRegisters  radio_spi.o
    0x08002288   0x0000000a   Code   RO          255    i.RadioStandBy      radio_hal.o
    0x08002292   0x00000002   PAD
    0x08002294   0x00000018   Code   RO          256    i.Radio_HAL_Init    radio_hal.o
    0x080022ac   0x00000064   Code   RO          257    i.Radio_WMBus_Init  radio_hal.o
    0x08002310   0x000000c0   Code   RO          258    i.Radio_WMBus_On    radio_hal.o
    0x080023d0   0x00000090   Code   RO         6433    i.ReInitRxCycle     SPIRIT1_WMBus_Library108_CM4_Keil.lib(wmbus_phy.o)
    0x08002460   0x00000044   Code   RO         6434    i.ResetActualStatus  SPIRIT1_WMBus_Library108_CM4_Keil.lib(wmbus_phy.o)
    0x080024a4   0x00000014   Code   RO          535    i.SPI_Error         radio_spi.o
    0x080024b8   0x00000114   Code   RO         4823    i.SPI_WaitOnFlagUntilTimeout  stm32f4xx_hal_spi.o
    0x080025cc   0x00000034   Code   RO          536    i.SPI_Write         radio_spi.o
    0x08002600   0x000000a8   Code   RO         6435    i.SaveConfRegs      SPIRIT1_WMBus_Library108_CM4_Keil.lib(wmbus_phy.o)
    0x080026a8   0x00000022   Code   RO          780    i.Spirit1GetRxPacket  spirit1_util.o
    0x080026ca   0x00000040   Code   RO          782    i.Spirit1InterfaceInit  spirit1_util.o
    0x0800270a   0x0000000e   Code   RO          790    i.Spirit1StartRx    spirit1_util.o
    0x08002718   0x00000022   Code   RO          791    i.Spirit1StartTx    spirit1_util.o
    0x0800273a   0x00000002   PAD
    0x0800273c   0x00000084   Code   RO         1267    i.SpiritCalibrationGetVcoCalData  spirit_calibration.o
    0x080027c0   0x00000042   Code   RO         1273    i.SpiritCalibrationSelectVco  spirit_calibration.o
    0x08002802   0x00000002   PAD
    0x08002804   0x00000100   Code   RO         1275    i.SpiritCalibrationSetVcoCalDataRx  spirit_calibration.o
    0x08002904   0x00000100   Code   RO         1276    i.SpiritCalibrationSetVcoCalDataTx  spirit_calibration.o
    0x08002a04   0x00000108   Code   RO         1278    i.SpiritCalibrationVco  spirit_calibration.o
    0x08002b0c   0x00000078   Code   RO         1358    i.SpiritCmdStrobeCommand  spirit_commands.o
    0x08002b84   0x0000009c   Code   RO         1503    i.SpiritDirectRfSetTxMode  spirit_directrf.o
    0x08002c20   0x0000000c   Code   RO         1544    i.SpiritGeneralGetSpiritVersion  spirit_general.o
    0x08002c2c   0x000000a0   Code   RO         1548    i.SpiritGeneralSetExtRef  spirit_general.o
    0x08002ccc   0x0000000c   Code   RO         1549    i.SpiritGeneralSetSpiritVersion  spirit_general.o
    0x08002cd8   0x00000088   Code   RO         1638    i.SpiritGpioInit    spirit_gpio.o
    0x08002d60   0x00000130   Code   RO         1718    i.SpiritIrq         spirit_irq.o
    0x08002e90   0x0000007c   Code   RO         1720    i.SpiritIrqClearStatus  spirit_irq.o
    0x08002f0c   0x00000098   Code   RO         1723    i.SpiritIrqGetStatus  spirit_irq.o
    0x08002fa4   0x00000094   Code   RO         1724    i.SpiritIrqInit     spirit_irq.o
    0x08003038   0x00000084   Code   RO         1778    i.SpiritLinearFifoReadNumElementsRxFifo  spirit_linearfifo.o
    0x080030bc   0x00000084   Code   RO         1779    i.SpiritLinearFifoReadNumElementsTxFifo  spirit_linearfifo.o
    0x08003140   0x00000100   Code   RO         1781    i.SpiritLinearFifoSetAlmostEmptyThresholdTx  spirit_linearfifo.o
    0x08003240   0x00000100   Code   RO         1782    i.SpiritLinearFifoSetAlmostFullThresholdRx  spirit_linearfifo.o
    0x08003340   0x0000000c   Code   RO          793    i.SpiritManagementGetRangeExtender  spirit1_util.o
    0x0800334c   0x00000044   Code   RO          794    i.SpiritManagementIdentificationRFBoard  spirit1_util.o
    0x08003390   0x00000084   Code   RO          795    i.SpiritManagementRangeExtInit  spirit1_util.o
    0x08003414   0x0000020c   Code   RO         1848    i.SpiritManagementSetFrequencyBase  spirit_management.o
    0x08003620   0x00000030   Code   RO         1849    i.SpiritManagementWaCmdStrobeRx  spirit_management.o
    0x08003650   0x0000009c   Code   RO         1850    i.SpiritManagementWaCmdStrobeTx  spirit_management.o
    0x080036ec   0x00000014   Code   RO         1852    i.SpiritManagementWaTRxFcMem  spirit_management.o
    0x08003700   0x00000168   Code   RO         1853    i.SpiritManagementWaVcoCalibration  spirit_management.o
    0x08003868   0x0000008c   Code   RO         1903    i.SpiritPktBasicGetAddressField  spirit_pktbasic.o
    0x080038f4   0x00000320   Code   RO         1908    i.SpiritPktBasicInit  spirit_pktbasic.o
    0x08003c14   0x000000a0   Code   RO         1910    i.SpiritPktBasicSetPayloadLength  spirit_pktbasic.o
    0x08003cb4   0x00000108   Code   RO         1985    i.SpiritPktCommonFilterOnCrc  spirit_pktcommon.o
    0x08003dbc   0x00000084   Code   RO         1989    i.SpiritPktCommonGetControlLength  spirit_pktcommon.o
    0x08003e40   0x000000a0   Code   RO         2318    i.SpiritPktMbusInit  spirit_pktmbus.o
    0x08003ee0   0x000002dc   Code   RO         2319    i.SpiritPktMbusSetFormat  spirit_pktmbus.o
    0x080041bc   0x00000088   Code   RO         2320    i.SpiritPktMbusSetPayloadLength  spirit_pktmbus.o
    0x08004244   0x00000080   Code   RO         2504    i.SpiritQiGetRssi   spirit_qi.o
    0x080042c4   0x00000084   Code   RO         2515    i.SpiritQiSetRssiThresholddBm  spirit_qi.o
    0x08004348   0x00000100   Code   RO         2516    i.SpiritQiSetSqiThreshold  spirit_qi.o
    0x08004448   0x00000108   Code   RO         2517    i.SpiritQiSqiCheck  spirit_qi.o
    0x08004550   0x000000a8   Code   RO         2644    i.SpiritRadioAFCFreezeOnSync  spirit_radio.o
    0x080045f8   0x000000a4   Code   RO         2650    i.SpiritRadioCsBlanking  spirit_radio.o
    0x0800469c   0x000000ac   Code   RO         2665    i.SpiritRadioGetBand  spirit_radio.o
    0x08004748   0x00000080   Code   RO         2667    i.SpiritRadioGetChannel  spirit_radio.o
    0x080047c8   0x0000008c   Code   RO         2669    i.SpiritRadioGetChannelSpace  spirit_radio.o
    0x08004854   0x0000008c   Code   RO         2675    i.SpiritRadioGetDigDiv  spirit_radio.o
    0x080048e0   0x00000084   Code   RO         2676    i.SpiritRadioGetFrequencyBase  spirit_radio.o
    0x08004964   0x000000b0   Code   RO         2678    i.SpiritRadioGetFrequencyOffset  spirit_radio.o
    0x08004a14   0x00000088   Code   RO         2690    i.SpiritRadioGetRefDiv  spirit_radio.o
    0x08004a9c   0x0000009c   Code   RO         2691    i.SpiritRadioGetSynthWord  spirit_radio.o
    0x08004b38   0x0000000c   Code   RO         2693    i.SpiritRadioGetXtalFrequency  spirit_radio.o
    0x08004b44   0x00000414   Code   RO         2694    i.SpiritRadioInit   spirit_radio.o
    0x08004f58   0x00000100   Code   RO         2697    i.SpiritRadioSearchChannelBwME  spirit_radio.o
    0x08005058   0x000000f0   Code   RO         2698    i.SpiritRadioSearchDatarateME  spirit_radio.o
    0x08005148   0x00000124   Code   RO         2699    i.SpiritRadioSearchFreqDevME  spirit_radio.o
    0x0800526c   0x000000c4   Code   RO         2700    i.SpiritRadioSearchWCP  spirit_radio.o
    0x08005330   0x000000a4   Code   RO         2722    i.SpiritRadioSetDigDiv  spirit_radio.o
    0x080053d4   0x00000210   Code   RO         2723    i.SpiritRadioSetFrequencyBase  spirit_radio.o
    0x080055e4   0x0000009c   Code   RO         2729    i.SpiritRadioSetPACwc  spirit_radio.o
    0x08005680   0x0000009c   Code   RO         2731    i.SpiritRadioSetPALevelMaxIndex  spirit_radio.o
    0x0800571c   0x00000278   Code   RO         2732    i.SpiritRadioSetPALeveldBm  spirit_radio.o
    0x08005994   0x000000a4   Code   RO         2736    i.SpiritRadioSetRefDiv  spirit_radio.o
    0x08005a38   0x0000010c   Code   RO         2738    i.SpiritRadioSetXtalFlag  spirit_radio.o
    0x08005b44   0x0000000c   Code   RO         2739    i.SpiritRadioSetXtalFrequency  spirit_radio.o
    0x08005b50   0x0000007c   Code   RO         3392    i.SpiritRefreshStatus  spirit_types.o
    0x08005bcc   0x000001e4   Code   RO         3246    i.SpiritTimerComputeRxTimeoutValues  spirit_timer.o
    0x08005db0   0x00000098   Code   RO         3257    i.SpiritTimerSetRxTimeoutMs  spirit_timer.o
    0x08005e48   0x00000124   Code   RO         3259    i.SpiritTimerSetRxTimeoutStopCondition  spirit_timer.o
    0x08005f6c   0x0000009c   Code   RO         6436    i.StoreSpiritRegsBothDir  SPIRIT1_WMBus_Library108_CM4_Keil.lib(wmbus_phy.o)
    0x08006008   0x0000000c   Code   RO          371    i.SysTick_Handler   stm32f4xx_it.o
    0x08006014   0x00000098   Code   RO          344    i.SystemClock_Config  cube_hal_f4.o
    0x080060ac   0x00000064   Code   RO          947    i.SystemInit        system_stm32f4xx.o
    0x08006110   0x00000128   Code   RO         1097    i.WMBus_AppliIndicaCallback  wmbus_appli.o
    0x08006238   0x00000008   Code   RO         1098    i.WMBus_AppliInit   wmbus_appli.o
    0x08006240   0x0000002c   Code   RO         1099    i.WMBus_AppliPowerOn  wmbus_appli.o
    0x0800626c   0x000001d8   Code   RO         1100    i.WMBus_AppliSendMeterData  wmbus_appli.o
    0x08006444   0x00000080   Code   RO         1101    i.WMBus_AppliTxDataSentHandler  wmbus_appli.o
    0x080064c4   0x0000001a   Code   RO         1102    i.WMBus_GetWMBusDeviceType  wmbus_appli.o
    0x080064de   0x00000002   PAD
    0x080064e0   0x00000268   Code   RO         6052    i.WMBus_LinkGetAttribute  SPIRIT1_WMBus_Library108_CM4_Keil.lib(wmbus_link.o)
    0x08006748   0x0000021c   Code   RO         6053    i.WMBus_LinkGetRxFrameBuffer  SPIRIT1_WMBus_Library108_CM4_Keil.lib(wmbus_link.o)
    0x08006964   0x00000478   Code   RO         6054    i.WMBus_LinkInit    SPIRIT1_WMBus_Library108_CM4_Keil.lib(wmbus_link.o)
    0x08006ddc   0x00000234   Code   RO         6055    i.WMBus_LinkLayerParser  SPIRIT1_WMBus_Library108_CM4_Keil.lib(wmbus_link.o)
    0x08007010   0x0000011c   Code   RO         6060    i.WMBus_LinkRxFrameHandler  SPIRIT1_WMBus_Library108_CM4_Keil.lib(wmbus_link.o)
    0x0800712c   0x0000002c   Code   RO         6061    i.WMBus_LinkRxFrameHandlerMode  SPIRIT1_WMBus_Library108_CM4_Keil.lib(wmbus_link.o)
    0x08007158   0x00000010   Code   RO         6350    i.WMBus_LinkServicesGetFcvEnabled  SPIRIT1_WMBus_Library108_CM4_Keil.lib(wmbus_linkservices.o)
    0x08007168   0x00000280   Code   RO         6351    i.WMBus_LinkServicesGetResponseDelay10Us  SPIRIT1_WMBus_Library108_CM4_Keil.lib(wmbus_linkservices.o)
    0x080073e8   0x000000c8   Code   RO         6352    i.WMBus_LinkServicesGetTxFcb  SPIRIT1_WMBus_Library108_CM4_Keil.lib(wmbus_linkservices.o)
    0x080074b0   0x0000007c   Code   RO         6353    i.WMBus_LinkServicesIndicationCallbackMode  SPIRIT1_WMBus_Library108_CM4_Keil.lib(wmbus_linkservices.o)
    0x0800752c   0x00000058   Code   RO         6354    i.WMBus_LinkServicesInit  SPIRIT1_WMBus_Library108_CM4_Keil.lib(wmbus_linkservices.o)
    0x08007584   0x00000164   Code   RO         6355    i.WMBus_LinkServicesRequestsCallbackMode  SPIRIT1_WMBus_Library108_CM4_Keil.lib(wmbus_linkservices.o)
    0x080076e8   0x00000198   Code   RO         6357    i.WMBus_LinkServicesResponseCallbackMode  SPIRIT1_WMBus_Library108_CM4_Keil.lib(wmbus_linkservices.o)
    0x08007880   0x00000308   Code   RO         6358    i.WMBus_LinkServicesRxDataHandler  SPIRIT1_WMBus_Library108_CM4_Keil.lib(wmbus_linkservices.o)
    0x08007b88   0x0000017c   Code   RO         6359    i.WMBus_LinkServicesTxDataHandler  SPIRIT1_WMBus_Library108_CM4_Keil.lib(wmbus_linkservices.o)
    0x08007d04   0x00000710   Code   RO         6063    i.WMBus_LinkSetAttribute  SPIRIT1_WMBus_Library108_CM4_Keil.lib(wmbus_link.o)
    0x08008414   0x0000018c   Code   RO         6064    i.WMBus_LinkSetTxFrameBuffer  SPIRIT1_WMBus_Library108_CM4_Keil.lib(wmbus_link.o)
    0x080085a0   0x00000038   Code   RO         6065    i.WMBus_LinkTransmitFrameHandlerMode  SPIRIT1_WMBus_Library108_CM4_Keil.lib(wmbus_link.o)
    0x080085d8   0x00000014   Code   RO         6066    i.WMBus_LinkTxDataSentStateHandler  SPIRIT1_WMBus_Library108_CM4_Keil.lib(wmbus_link.o)
    0x080085ec   0x00000068   Code   RO         6437    i.WMBus_PhyConfig   SPIRIT1_WMBus_Library108_CM4_Keil.lib(wmbus_phy.o)
    0x08008654   0x000005c8   Code   RO         6438    i.WMBus_PhyConfigFull  SPIRIT1_WMBus_Library108_CM4_Keil.lib(wmbus_phy.o)
    0x08008c1c   0x000000b0   Code   RO         6439    i.WMBus_PhyGetAttr  SPIRIT1_WMBus_Library108_CM4_Keil.lib(wmbus_phy.o)
    0x08008ccc   0x000000fc   Code   RO         6441    i.WMBus_PhyInit     SPIRIT1_WMBus_Library108_CM4_Keil.lib(wmbus_phy.o)
    0x08008dc8   0x000003f0   Code   RO         6442    i.WMBus_PhyInterruptHandler  SPIRIT1_WMBus_Library108_CM4_Keil.lib(wmbus_phy.o)
    0x080091b8   0x00000064   Code   RO         6446    i.WMBus_PhyRxDataHandlerMode  SPIRIT1_WMBus_Library108_CM4_Keil.lib(wmbus_phy.o)
    0x0800921c   0x00000068   Code   RO         6447    i.WMBus_PhyRxPacketHandler  SPIRIT1_WMBus_Library108_CM4_Keil.lib(wmbus_phy.o)
    0x08009284   0x00000160   Code   RO         6448    i.WMBus_PhySetAttr  SPIRIT1_WMBus_Library108_CM4_Keil.lib(wmbus_phy.o)
    0x080093e4   0x0000023c   Code   RO         6449    i.WMBus_PhySetState  SPIRIT1_WMBus_Library108_CM4_Keil.lib(wmbus_phy.o)
    0x08009620   0x000000a4   Code   RO         6450    i.WMBus_PhyTxDataHandleMode  SPIRIT1_WMBus_Library108_CM4_Keil.lib(wmbus_phy.o)
    0x080096c4   0x0000007c   Code   RO         1103    i.WMBus_SetBoardMnfID  wmbus_appli.o
    0x08009740   0x000000d4   Code   RO         1104    i.WMBus_appliSendMeterInstallationRequest  wmbus_appli.o
    0x08009814   0x00000022   Code   RO         6451    i.WMbusCmp          SPIRIT1_WMBus_Library108_CM4_Keil.lib(wmbus_phy.o)
    0x08009836   0x0000001c   Code   RO         6158    i.__ARM_common_switch8  SPIRIT1_WMBus_Library108_CM4_Keil.lib(wmbus_link.o)
    0x08009852   0x00000006   PAD
    0x08009858   0x000000e0   Code   RO         6745    i.__hardfp_round    m_wm.l(round.o)
    0x08009938   0x00000038   Code   RO         6577    i.crcCalc           SPIRIT1_WMBus_Library108_CM4_Keil.lib(wmbus_crc.o)
    0x08009970   0x00000030   Code   RO           12    i.main              main.o
    0x080099a0   0x00000062   Code   RO         6665    x$fpl$d2f           fz_wm.l(d2f.o)
    0x08009a02   0x00000002   PAD
    0x08009a04   0x00000150   Code   RO         6667    x$fpl$dadd          fz_wm.l(daddsub_clz.o)
    0x08009b54   0x00000018   Code   RO         6870    x$fpl$dcmpinf       fz_wm.l(dcmpi.o)
    0x08009b6c   0x000002b0   Code   RO         6674    x$fpl$ddiv          fz_wm.l(ddiv.o)
    0x08009e1c   0x0000005a   Code   RO         6681    x$fpl$dfixu         fz_wm.l(dfixu.o)
    0x08009e76   0x0000002e   Code   RO         6686    x$fpl$dflt          fz_wm.l(dflt_clz.o)
    0x08009ea4   0x00000026   Code   RO         6685    x$fpl$dfltu         fz_wm.l(dflt_clz.o)
    0x08009eca   0x00000002   PAD
    0x08009ecc   0x00000078   Code   RO         6768    x$fpl$dleqf         fz_wm.l(dleqf.o)
    0x08009f44   0x00000154   Code   RO         6691    x$fpl$dmul          fz_wm.l(dmul.o)
    0x0800a098   0x0000009c   Code   RO         6770    x$fpl$dnaninf       fz_wm.l(dnaninf.o)
    0x0800a134   0x0000000c   Code   RO         6772    x$fpl$dretinf       fz_wm.l(dretinf.o)
    0x0800a140   0x0000006c   Code   RO         6693    x$fpl$drleqf        fz_wm.l(drleqf.o)
    0x0800a1ac   0x000000b4   Code   RO         6774    x$fpl$drnd          fz_wm.l(drnd.o)
    0x0800a260   0x000001d4   Code   RO         6669    x$fpl$dsub          fz_wm.l(daddsub_clz.o)
    0x0800a434   0x00000056   Code   RO         6695    x$fpl$f2d           fz_wm.l(f2d.o)
    0x0800a48a   0x00000018   Code   RO         6776    x$fpl$fcmpinf       fz_wm.l(fcmpi.o)
    0x0800a4a2   0x00000012   Code   RO         6703    x$fpl$fdiv          fz_wm.l(fdiv.o)
    0x0800a4b4   0x00000030   Code   RO         6707    x$fpl$feqf          fz_wm.l(feqf.o)
    0x0800a4e4   0x0000000e   Code   RO         6709    x$fpl$ffix          fz_wm.l(ffix.o)
    0x0800a4f2   0x0000000e   Code   RO         6713    x$fpl$ffixu         fz_wm.l(ffixu.o)
    0x0800a500   0x0000000e   Code   RO         6718    x$fpl$fflt          fz_wm.l(fflt_clz.o)
    0x0800a50e   0x0000000e   Code   RO         6717    x$fpl$ffltu         fz_wm.l(fflt_clz.o)
    0x0800a51c   0x00000030   Code   RO         6778    x$fpl$fleqf         fz_wm.l(fleqf.o)
    0x0800a54c   0x0000008c   Code   RO         6780    x$fpl$fnaninf       fz_wm.l(fnaninf.o)
    0x0800a5d8   0x0000000a   Code   RO         6963    x$fpl$fpinit        fz_wm.l(fpinit.o)
    0x0800a5e2   0x0000000a   Code   RO         6782    x$fpl$fretinf       fz_wm.l(fretinf.o)
    0x0800a5ec   0x00000028   Code   RO         6721    x$fpl$frleqf        fz_wm.l(frleqf.o)
    0x0800a614   0x00000012   Code   RO         6699    x$fpl$frsb          fz_wm.l(faddsub_clz.o)
    0x0800a626   0x00000000   Code   RO         6788    x$fpl$usenofp       fz_wm.l(usenofp.o)
    0x0800a626   0x0000000c   Code   RO         6643    x$sdivmod           c_w.l(aeabi_sdiv.o)
    0x0800a632   0x00000002   PAD
    0x0800a634   0x00000048   Data   RO          433    .constdata          radio_gpio.o
    0x0800a67c   0x00000002   Data   RO          490    .constdata          radio_shield_config.o
    0x0800a67e   0x00000005   Data   RO          626    .constdata          stm32f4xx_nucleo.o
    0x0800a683   0x00000001   PAD
    0x0800a684   0x00000023   Data   RO          798    .constdata          spirit1_util.o
    0x0800a6a7   0x00000001   PAD
    0x0800a6a8   0x00000007   Data   RO         1106    .constdata          wmbus_appli.o
    0x0800a6af   0x00000008   Data   RO         1854    .constdata          spirit_management.o
    0x0800a6b7   0x00000001   PAD
    0x0800a6b8   0x000000dc   Data   RO         2740    .constdata          spirit_radio.o
    0x0800a794   0x00000010   Data   RO         4339    .constdata          stm32f4xx_hal_rcc.o
    0x0800a7a4   0x00000010   Data   RO         6453    .constdata          SPIRIT1_WMBus_Library108_CM4_Keil.lib(wmbus_phy.o)
    0x0800a7b4   0x00000020   Data   RO         7018    Region$$Table       anon$$obj.o


    Execution Region RW_IRAM1 (Base: 0x20000000, Size: 0x000015c0, Max: 0x00018000, ABSOLUTE, COMPRESSED[0x000000ec])

    Base Addr    Size         Type   Attr      Idx    E Section Name        Object

    0x20000000   0x0000005c   Data   RW          260    .data               radio_hal.o
    0x2000005c   0x00000014   Data   RW          434    .data               radio_gpio.o
    0x20000070   0x00000004   Data   RW          491    .data               radio_shield_config.o
    0x20000074   0x00000004   Data   RW          538    .data               radio_spi.o
    0x20000078   0x0000000c   Data   RW          627    .data               stm32f4xx_nucleo.o
    0x20000084   0x00000003   Data   RW          799    .data               spirit1_util.o
    0x20000087   0x00000001   PAD
    0x20000088   0x00000014   Data   RW          948    .data               system_stm32f4xx.o
    0x2000009c   0x00000048   Data   RW         1107    .data               wmbus_appli.o
    0x200000e4   0x00000001   Data   RW         1551    .data               spirit_general.o
    0x200000e5   0x00000003   PAD
    0x200000e8   0x00000005   Data   RW         1855    .data               spirit_management.o
    0x200000ed   0x00000003   PAD
    0x200000f0   0x00000004   Data   RW         2741    .data               spirit_radio.o
    0x200000f4   0x00000002   Data   RW         3393    .data               spirit_types.o
    0x200000f6   0x00000002   PAD
    0x200000f8   0x00000004   Data   RW         3454    .data               stm32f4xx_hal.o
    0x200000fc   0x00000080   Data   RW         6068    .data               SPIRIT1_WMBus_Library108_CM4_Keil.lib(wmbus_link.o)
    0x2000017c   0x00000014   Data   RW         6361    .data               SPIRIT1_WMBus_Library108_CM4_Keil.lib(wmbus_linkservices.o)
    0x20000190   0x0000005c   Data   RW         6454    .data               SPIRIT1_WMBus_Library108_CM4_Keil.lib(wmbus_phy.o)
    0x200001ec   0x000000ff   Zero   RW          259    .bss                radio_hal.o
    0x200002eb   0x00000001   PAD
    0x200002ec   0x00000058   Zero   RW          537    .bss                radio_spi.o
    0x20000344   0x0000026c   Zero   RW         1105    .bss                wmbus_appli.o
    0x200005b0   0x0000035f   Zero   RW         6067    .bss                SPIRIT1_WMBus_Library108_CM4_Keil.lib(wmbus_link.o)
    0x2000090f   0x00000001   PAD
    0x20000910   0x000003a3   Zero   RW         6360    .bss                SPIRIT1_WMBus_Library108_CM4_Keil.lib(wmbus_linkservices.o)
    0x20000cb3   0x00000001   PAD
    0x20000cb4   0x000002a8   Zero   RW         6452    .bss                SPIRIT1_WMBus_Library108_CM4_Keil.lib(wmbus_phy.o)
    0x20000f5c   0x00000060   Zero   RW         6875    .bss                c_w.l(libspace.o)
    0x20000fbc   0x00000004   PAD
    0x20000fc0   0x00000200   Zero   RW            2    HEAP                startup_stm32f401xe.o
    0x200011c0   0x00000400   Zero   RW            1    STACK               startup_stm32f401xe.o


==============================================================================

Image component sizes


      Code (inc. data)   RO Data    RW Data    ZI Data      Debug   Object Name

       152         10          0          0          0       1121   cube_hal_f4.o
        48          0          0          0          0     290147   main.o
       414         50         72         20          0       6321   radio_gpio.o
       422         58          0         92        255       7879   radio_hal.o
       144         30          2          4          0       3098   radio_shield_config.o
      1356        108          0          4         88       8802   radio_spi.o
       358         20         35          3          0       6376   spirit1_util.o
       974         18          0          0          0       3955   spirit_calibration.o
       120          4          0          0          0        745   spirit_commands.o
       156          6          0          0          0        778   spirit_directrf.o
       184         16          0          1          0       2529   spirit_general.o
       136          4          0          0          0       1297   spirit_gpio.o
       728         22          0          0          0       3920   spirit_irq.o
       776         20          0          0          0       3191   spirit_linearfifo.o
      1108        108          8          5          0       6027   spirit_management.o
      1100         18          0          0          0       3130   spirit_pktbasic.o
       396         10          0          0          0       1559   spirit_pktcommon.o
      1028         14          0          0          0       2909   spirit_pktmbus.o
       780         18          0          0          0       3017   spirit_qi.o
      5632        364        220          4          0      22650   spirit_radio.o
       928         64          0          0          0       3727   spirit_timer.o
       124          6          0          2          0       2930   spirit_types.o
        64         26        404          0       1536       1060   startup_stm32f401xe.o
       172         22          0          4          0       6095   stm32f4xx_hal.o
       336         28          0          0          0      33537   stm32f4xx_hal_cortex.o
       500         32          0          0          0       4132   stm32f4xx_hal_gpio.o
       136         22          0          0          0       2132   stm32f4xx_hal_pwr.o
      1952         50         16          0          0       5377   stm32f4xx_hal_rcc.o
      1766          0          0          0          0       7208   stm32f4xx_hal_spi.o
       174         38          0          0          0       4373   stm32f4xx_it.o
       292         44          5         12          0       3882   stm32f4xx_nucleo.o
       100         18          0         20          0       1341   system_stm32f4xx.o
      1310        146          7         72        620      10833   wmbus_appli.o

    ----------------------------------------------------------------------
     23886       1394        804        252       2500     466078   Object Totals
         0          0         32          0          0          0   (incl. Generated)
        20          0          3          9          1          0   (incl. Padding)

    ----------------------------------------------------------------------

      Code (inc. data)   RO Data    RW Data    ZI Data      Debug   Library Member Name

       148          4          0          0          0       2377   wmbus_crc.o
      5500        274          0        128        863      47877   wmbus_link.o
      2988        194          0         20        931      11691   wmbus_linkservices.o
      5356        434         16         92        680      15978   wmbus_phy.o
        90          0          0          0          0          0   __dczerorl2.o
         8          0          0          0          0         68   __main.o
         0          0          0          0          0          0   __rtentry.o
        12          0          0          0          0          0   __rtentry2.o
         6          0          0          0          0          0   __rtentry4.o
        52          8          0          0          0          0   __scatter.o
        28          0          0          0          0          0   __scatter_zi.o
        12          0          0          0          0         68   aeabi_sdiv.o
        12          0          0          0          0         72   exit.o
         6          0          0          0          0        152   heapauxi.o
         0          0          0          0          0          0   indicate_semi.o
         2          0          0          0          0          0   libinit.o
         6          0          0          0          0          0   libinit2.o
         2          0          0          0          0          0   libshutdown.o
         2          0          0          0          0          0   libshutdown2.o
         8          4          0          0         96         68   libspace.o
        88          0          0          0          0         76   memcmp.o
        68          0          0          0          0         68   rt_memclr.o
        78          0          0          0          0         80   rt_memclr_w.o
       138          0          0          0          0         68   rt_memcpy_v6.o
       100          0          0          0          0         80   rt_memcpy_w.o
         2          0          0          0          0          0   rtexit.o
        10          0          0          0          0          0   rtexit2.o
        12          4          0          0          0         68   sys_exit.o
        74          0          0          0          0         80   sys_stackheap_outer.o
         2          0          0          0          0         68   use_no_semi.o
        98          4          0          0          0        140   d2f.o
       804         16          0          0          0        368   daddsub_clz.o
        24          0          0          0          0        116   dcmpi.o
       688        140          0          0          0        256   ddiv.o
        90          4          0          0          0        140   dfixu.o
        84          0          0          0          0        232   dflt_clz.o
       120          4          0          0          0        140   dleqf.o
       340         12          0          0          0        152   dmul.o
       156          4          0          0          0        140   dnaninf.o
        12          0          0          0          0        116   dretinf.o
       108          0          0          0          0        128   drleqf.o
       180          4          0          0          0        128   drnd.o
        86          4          0          0          0        132   f2d.o
        18          0          0          0          0        116   faddsub_clz.o
        24          0          0          0          0        116   fcmpi.o
        18          0          0          0          0        116   fdiv.o
        48          4          0          0          0        132   feqf.o
        14          0          0          0          0        116   ffix.o
        14          0          0          0          0        116   ffixu.o
        28          0          0          0          0        232   fflt_clz.o
        48          4          0          0          0        132   fleqf.o
       140          4          0          0          0        132   fnaninf.o
        10          0          0          0          0        116   fpinit.o
        10          0          0          0          0        116   fretinf.o
        40          0          0          0          0        116   frleqf.o
         0          0          0          0          0          0   usenofp.o
       224         30          0          0          0        172   round.o

    ----------------------------------------------------------------------
     18258       1156         16        240       2576      82855   Library Totals
        22          0          0          0          6          0   (incl. Padding)

    ----------------------------------------------------------------------

      Code (inc. data)   RO Data    RW Data    ZI Data      Debug   Library Name

     13992        906         16        240       2474      77923   SPIRIT1_WMBus_Library108_CM4_Keil.lib
       818         16          0          0         96       1016   c_w.l
      3202        204          0          0          0       3744   fz_wm.l
       224         30          0          0          0        172   m_wm.l

    ----------------------------------------------------------------------
     18258       1156         16        240       2576      82855   Library Totals

    ----------------------------------------------------------------------

==============================================================================


      Code (inc. data)   RO Data    RW Data    ZI Data      Debug   

     42144       2550        820        492       5076     529049   Grand Totals
     42144       2550        820        236       5076     529049   ELF Image Totals (compressed)
     42144       2550        820        236          0          0   ROM Totals

==============================================================================

    Total RO  Size (Code + RO Data)                42964 (  41.96kB)
    Total RW  Size (RW Data + ZI Data)              5568 (   5.44kB)
    Total ROM Size (Code + RO Data + RW Data)      43200 (  42.19kB)

==============================================================================

