Component: ARM Compiler 5.05 update 1 (build 106) Tool: armlink [4d0efa]

==============================================================================

Section Cross References

    startup_stm32l053xx.o(STACK) refers (Special) to heapauxi.o(.text) for __use_two_region_memory
    startup_stm32l053xx.o(HEAP) refers (Special) to heapauxi.o(.text) for __use_two_region_memory
    startup_stm32l053xx.o(RESET) refers (Special) to heapauxi.o(.text) for __use_two_region_memory
    startup_stm32l053xx.o(RESET) refers to startup_stm32l053xx.o(STACK) for __initial_sp
    startup_stm32l053xx.o(RESET) refers to startup_stm32l053xx.o(.text) for Reset_Handler
    startup_stm32l053xx.o(RESET) refers to stm32l0xx_it.o(i.SysTick_Handler) for SysTick_Handler
    startup_stm32l053xx.o(RESET) refers to stm32l0xx_it.o(i.EXTI0_1_IRQHandler) for EXTI0_1_IRQHandler
    startup_stm32l053xx.o(RESET) refers to stm32l0xx_it.o(i.EXTI2_3_IRQHandler) for EXTI2_3_IRQHandler
    startup_stm32l053xx.o(RESET) refers to stm32l0xx_it.o(i.EXTI4_15_IRQHandler) for EXTI4_15_IRQHandler
    startup_stm32l053xx.o(.text) refers (Special) to heapauxi.o(.text) for __use_two_region_memory
    startup_stm32l053xx.o(.text) refers to system_stm32l0xx.o(i.SystemInit) for SystemInit
    startup_stm32l053xx.o(.text) refers to __main.o(!!!main) for __main
    startup_stm32l053xx.o(.text) refers to startup_stm32l053xx.o(HEAP) for Heap_Mem
    startup_stm32l053xx.o(.text) refers to startup_stm32l053xx.o(STACK) for Stack_Mem
    cube_hal_l0.o(i.SystemClock_Config) refers to stm32l0xx_hal_rcc.o(i.HAL_RCC_OscConfig) for HAL_RCC_OscConfig
    cube_hal_l0.o(i.SystemClock_Config) refers to stm32l0xx_hal_rcc.o(i.HAL_RCC_ClockConfig) for HAL_RCC_ClockConfig
    main.o(i.main) refers to stm32l0xx_hal.o(i.HAL_Init) for HAL_Init
    main.o(i.main) refers to cube_hal_l0.o(i.SystemClock_Config) for SystemClock_Config
    main.o(i.main) refers to stm32l0xx_hal.o(i.HAL_EnableDBGStopMode) for HAL_EnableDBGStopMode
    main.o(i.main) refers to radio_shield_config.o(i.RadioShieldLedInit) for RadioShieldLedInit
    main.o(i.main) refers to stm32l0xx_nucleo.o(i.BSP_LED_Init) for BSP_LED_Init
    main.o(i.main) refers to radio_hal.o(i.Radio_HAL_Init) for Radio_HAL_Init
    main.o(i.main) refers to radio_hal.o(i.Radio_WMBus_Init) for Radio_WMBus_Init
    main.o(i.main) refers to stm32l0xx_nucleo.o(i.BSP_PB_Init) for BSP_PB_Init
    main.o(i.main) refers to radio_hal.o(i.Radio_WMBus_On) for Radio_WMBus_On
    radio_hal.o(i.Enter_LP_mode) refers to radio_hal.o(.data) for MCU_LPM_cb
    radio_hal.o(i.Exit_LP_mode) refers to radio_hal.o(.data) for Radio_LPM_cb
    radio_hal.o(i.HAL_GPIO_EXTI_Callback) refers to radio_shield_config.o(i.RadioShieldLedInit) for RadioShieldLedInit
    radio_hal.o(i.HAL_GPIO_EXTI_Callback) refers to stm32l0xx_nucleo.o(i.BSP_LED_Init) for BSP_LED_Init
    radio_hal.o(i.HAL_GPIO_EXTI_Callback) refers to radio_hal.o(i.Exit_LP_mode) for Exit_LP_mode
    radio_hal.o(i.MCU_Enter_SleepMode) refers to stm32l0xx_hal_pwr.o(i.HAL_PWR_EnterSLEEPMode) for HAL_PWR_EnterSLEEPMode
    radio_hal.o(i.MCU_Enter_StandbyMode) refers to stm32l0xx_hal_pwr.o(i.HAL_PWR_EnterSTANDBYMode) for HAL_PWR_EnterSTANDBYMode
    radio_hal.o(i.MCU_Enter_StopMode) refers to stm32l0xx_hal_pwr.o(i.HAL_PWR_EnterSTOPMode) for HAL_PWR_EnterSTOPMode
    radio_hal.o(i.RadioPowerOFF) refers to radio_gpio.o(i.RadioEnterShutdown) for RadioEnterShutdown
    radio_hal.o(i.RadioPowerON) refers to spirit_commands.o(i.SpiritCmdStrobeCommand) for SpiritCmdStrobeCommand
    radio_hal.o(i.RadioPowerON) refers to spirit_types.o(i.SpiritRefreshStatus) for SpiritRefreshStatus
    radio_hal.o(i.RadioPowerON) refers to spirit_types.o(.data) for g_xStatus
    radio_hal.o(i.RadioStandBy) refers to spirit_commands.o(i.SpiritCmdStrobeCommand) for SpiritCmdStrobeCommand
    radio_hal.o(i.Radio_HAL_Init) refers to radio_hal.o(.data) for radio_cb
    radio_hal.o(i.Radio_WMBus_Init) refers to wmbus_link.o(i.WMBus_LinkSetAttribute) for WMBus_LinkSetAttribute
    radio_hal.o(i.Radio_WMBus_Init) refers to wmbus_appli.o(i.WMBus_SetBoardMnfID) for WMBus_SetBoardMnfID
    radio_hal.o(i.Radio_WMBus_Init) refers to wmbus_appli.o(i.WMBus_AppliInit) for WMBus_AppliInit
    radio_hal.o(i.Radio_WMBus_Init) refers to wmbus_appli.o(i.WMBus_GetWMBusDeviceType) for WMBus_GetWMBusDeviceType
    radio_hal.o(i.Radio_WMBus_Init) refers to radio_hal.o(.data) for aManufIdBuff
    radio_hal.o(i.Radio_WMBus_Init) refers to wmbus_appli.o(.data) for WMBusOperationMode
    radio_hal.o(i.Radio_WMBus_On) refers to wmbus_appli.o(i.WMBus_AppliSendMeterData) for WMBus_AppliSendMeterData
    radio_hal.o(i.Radio_WMBus_On) refers to radio_shield_config.o(i.RadioShieldLedToggle) for RadioShieldLedToggle
    radio_hal.o(i.Radio_WMBus_On) refers to stm32l0xx_hal.o(i.HAL_Delay) for HAL_Delay
[...]
    .bss                                     0x20000218   Section      255  radio_hal.o(.bss)
    .bss                                     0x20000318   Section       84  radio_spi.o(.bss)
    .bss                                     0x2000036c   Section      624  wmbus_appli.o(.bss)
    .bss                                     0x200005dc   Section      863  wmbus_link.o(.bss)
    aLinkTxFrameBuffer                       0x200005dc   Data         290  wmbus_link.o(.bss)
    aLinkRxFrameBuffer                       0x200006fe   Data         290  wmbus_link.o(.bss)
    aDataBuff                                0x2000083c   Data         255  wmbus_link.o(.bss)
    .bss                                     0x2000093c   Section      931  wmbus_linkservices.o(.bss)
    LinkResponseFrame                        0x2000093c   Data          28  wmbus_linkservices.o(.bss)
    LSindicFrame                             0x20000958   Data          40  wmbus_linkservices.o(.bss)
    aLinkIndicFramePayload                   0x20000980   Data         245  wmbus_linkservices.o(.bss)
    aLinkResponseFramePayload                0x20000a75   Data         245  wmbus_linkservices.o(.bss)
    aLinkTxFcbTable                          0x20000b6a   Data          45  wmbus_linkservices.o(.bss)
    LinkIndic                                0x20000b98   Data          40  wmbus_linkservices.o(.bss)
    .bss                                     0x20000ce0   Section      680  wmbus_phy.o(.bss)
    aConfigurationRegs                       0x20000f2c   Data          34  wmbus_phy.o(.bss)
    radioInit_p                              0x20000f50   Data          28  wmbus_phy.o(.bss)
    radioInit_p                              0x20000f6c   Data          28  wmbus_phy.o(.bss)
    .bss                                     0x20000f88   Section       96  libspace.o(.bss)
    HEAP                                     0x20000fe8   Section      512  startup_stm32l053xx.o(HEAP)
    Heap_Mem                                 0x20000fe8   Data         512  startup_stm32l053xx.o(HEAP)
    STACK                                    0x200011e8   Section     1024  startup_stm32l053xx.o(STACK)
    Stack_Mem                                0x200011e8   Data        1024  startup_stm32l053xx.o(STACK)
    __initial_sp                             0x200015e8   Data           0  startup_stm32l053xx.o(STACK)

    Global Symbols

    Symbol Name                              Value     Ov Type        Size  Object(Section)

    BuildAttributes$$THM_ISAv3M$S$PE$A:L22$X:L11$S22$IEEE1$IW$USESV6$~STKCKD$USESV7$~SHL$OTIME$ROPI$IEEEX$EBA8$UX$STANDARDLIB$REQ8$PRES8$EABIv2 0x00000000   Number         0  anon$$obj.o ABSOLUTE
    __ARM_use_no_argv                        0x00000000   Number         0  main.o ABSOLUTE
    __ARM_exceptions_init                     - Undefined Weak Reference
    __alloca_initialize                       - Undefined Weak Reference
    __arm_preinit_                            - Undefined Weak Reference
    __cpp_initialize__aeabi_                  - Undefined Weak Reference
    __cxa_finalize                            - Undefined Weak Reference
    __rt_locale                               - Undefined Weak Reference
    __sigvec_lookup                           - Undefined Weak Reference
    _atexit_init                              - Undefined Weak Reference
    _call_atexit_fns                          - Undefined Weak Reference
    _clock_init                               - Undefined Weak Reference
    _fp_trap_init                             - Undefined Weak Reference
    _fp_trap_shutdown                         - Undefined Weak Reference
    _get_lc_collate                           - Undefined Weak Reference
    _get_lc_ctype                             - Undefined Weak Reference
    _get_lc_monetary                          - Undefined Weak Reference
    _get_lc_numeric                           - Undefined Weak Reference
    _get_lc_time                              - Undefined Weak Reference
    _getenv_init                              - Undefined Weak Reference
    _handle_redirection                       - Undefined Weak Reference
    _init_alloc                               - Undefined Weak Reference
    _init_user_alloc                          - Undefined Weak Reference
    _initio                                   - Undefined Weak Reference
    _rand_init                                - Undefined Weak Reference
    _signal_finish                            - Undefined Weak Reference
    _signal_init                              - Undefined Weak Reference
    _terminate_alloc                          - Undefined Weak Reference
    _terminate_user_alloc                     - Undefined Weak Reference
    _terminateio                              - Undefined Weak Reference
    __Vectors_Size                           0x000000c0   Number         0  startup_stm32l053xx.o ABSOLUTE
    __Vectors                                0x08000000   Data           4  startup_stm32l053xx.o(RESET)
    __Vectors_End                            0x080000c0   Data           0  startup_stm32l053xx.o(RESET)
    __main                                   0x080000c1   Thumb Code     8  __main.o(!!!main)
    __scatterload                            0x080000c9   Thumb Code     0  __scatter.o(!!!scatter)
    __scatterload_rt2                        0x080000c9   Thumb Code    52  __scatter.o(!!!scatter)
    __scatterload_rt2_thumb_only             0x080000c9   Thumb Code     0  __scatter.o(!!!scatter)
    __scatterload_null                       0x080000d9   Thumb Code     0  __scatter.o(!!!scatter)
    __scatterload_zeroinit                   0x08000105   Thumb Code    28  __scatter_zi.o(!!handler_zi)
    __rt_lib_init                            0x08000121   Thumb Code     0  libinit.o(.ARM.Collect$$libinit$$00000000)
    __rt_lib_init_alloca_1                   0x08000123   Thumb Code     0  libinit2.o(.ARM.Collect$$libinit$$0000002E)
    __rt_lib_init_argv_1                     0x08000123   Thumb Code     0  libinit2.o(.ARM.Collect$$libinit$$0000002C)
    __rt_lib_init_atexit_1                   0x08000123   Thumb Code     0  libinit2.o(.ARM.Collect$$libinit$$0000001B)
    __rt_lib_init_clock_1                    0x08000123   Thumb Code     0  libinit2.o(.ARM.Collect$$libinit$$00000021)
    __rt_lib_init_cpp_1                      0x08000123   Thumb Code     0  libinit2.o(.ARM.Collect$$libinit$$00000032)
    __rt_lib_init_exceptions_1               0x08000123   Thumb Code     0  libinit2.o(.ARM.Collect$$libinit$$00000030)
    __rt_lib_init_fp_1                       0x08000123   Thumb Code     0  libinit2.o(.ARM.Collect$$libinit$$00000002)
    __rt_lib_init_fp_trap_1                  0x08000123   Thumb Code     0  libinit2.o(.ARM.Collect$$libinit$$0000001F)
    __rt_lib_init_getenv_1                   0x08000123   Thumb Code     0  libinit2.o(.ARM.Collect$$libinit$$00000023)
    __rt_lib_init_heap_1                     0x08000123   Thumb Code     0  libinit2.o(.ARM.Collect$$libinit$$0000000A)
    __rt_lib_init_lc_collate_1               0x08000123   Thumb Code     0  libinit2.o(.ARM.Collect$$libinit$$00000011)
    __rt_lib_init_lc_ctype_1                 0x08000123   Thumb Code     0  libinit2.o(.ARM.Collect$$libinit$$00000013)
    __rt_lib_init_lc_monetary_1              0x08000123   Thumb Code     0  libinit2.o(.ARM.Collect$$libinit$$00000015)
    __rt_lib_init_lc_numeric_1               0x08000123   Thumb Code     0  libinit2.o(.ARM.Collect$$libinit$$00000017)
    __rt_lib_init_lc_time_1                  0x08000123   Thumb Code     0  libinit2.o(.ARM.Collect$$libinit$$00000019)
    __rt_lib_init_preinit_1                  0x08000123   Thumb Code     0  libinit2.o(.ARM.Collect$$libinit$$00000004)
    __rt_lib_init_rand_1                     0x08000123   Thumb Code     0  libinit2.o(.ARM.Collect$$libinit$$0000000E)
    __rt_lib_init_return                     0x08000123   Thumb Code     0  libinit2.o(.ARM.Collect$$libinit$$00000033)
    __rt_lib_init_signal_1                   0x08000123   Thumb Code     0  libinit2.o(.ARM.Collect$$libinit$$0000001D)
    __rt_lib_init_stdio_1                    0x08000123   Thumb Code     0  libinit2.o(.ARM.Collect$$libinit$$00000025)
    __rt_lib_init_user_alloc_1               0x08000123   Thumb Code     0  libinit2.o(.ARM.Collect$$libinit$$0000000C)
    __rt_lib_shutdown                        0x08000125   Thumb Code     0  libshutdown.o(.ARM.Collect$$libshutdown$$00000000)
    __rt_lib_shutdown_fp_trap_1              0x08000127   Thumb Code     0  libshutdown2.o(.ARM.Collect$$libshutdown$$00000006)
    __rt_lib_shutdown_heap_1                 0x08000127   Thumb Code     0  libshutdown2.o(.ARM.Collect$$libshutdown$$0000000E)
    __rt_lib_shutdown_return                 0x08000127   Thumb Code     0  libshutdown2.o(.ARM.Collect$$libshutdown$$0000000F)
    __rt_lib_shutdown_signal_1               0x08000127   Thumb Code     0  libshutdown2.o(.ARM.Collect$$libshutdown$$00000009)
    __rt_lib_shutdown_stdio_1                0x08000127   Thumb Code     0  libshutdown2.o(.ARM.Collect$$libshutdown$$00000003)
    __rt_lib_shutdown_user_alloc_1           0x08000127   Thumb Code     0  libshutdown2.o(.ARM.Collect$$libshutdown$$0000000B)
    __rt_entry                               0x08000129   Thumb Code     0  __rtentry.o(.ARM.Collect$$rtentry$$00000000)
    __rt_entry_presh_1                       0x08000129   Thumb Code     0  __rtentry2.o(.ARM.Collect$$rtentry$$00000002)
    __rt_entry_sh                            0x08000129   Thumb Code     0  __rtentry4.o(.ARM.Collect$$rtentry$$00000004)
    __rt_entry_li                            0x0800012f   Thumb Code     0  __rtentry2.o(.ARM.Collect$$rtentry$$0000000A)
    __rt_entry_postsh_1                      0x0800012f   Thumb Code     0  __rtentry2.o(.ARM.Collect$$rtentry$$00000009)
    __rt_entry_main                          0x08000133   Thumb Code     0  __rtentry2.o(.ARM.Collect$$rtentry$$0000000D)
    __rt_entry_postli_1                      0x08000133   Thumb Code     0  __rtentry2.o(.ARM.Collect$$rtentry$$0000000C)
    __rt_exit                                0x0800013b   Thumb Code     0  rtexit.o(.ARM.Collect$$rtexit$$00000000)
    __rt_exit_ls                             0x0800013d   Thumb Code     0  rtexit2.o(.ARM.Collect$$rtexit$$00000003)
    __rt_exit_prels_1                        0x0800013d   Thumb Code     0  rtexit2.o(.ARM.Collect$$rtexit$$00000002)
    __rt_exit_exit                           0x08000141   Thumb Code     0  rtexit2.o(.ARM.Collect$$rtexit$$00000004)
    __aeabi_memcpy4                          0x08000149   Thumb Code    56  rt_memcpy.o(.emb_text)
    __aeabi_memcpy8                          0x08000149   Thumb Code     0  rt_memcpy.o(.emb_text)
    Reset_Handler                            0x08000181   Thumb Code     8  startup_stm32l053xx.o(.text)
    NMI_Handler                              0x08000189   Thumb Code     2  startup_stm32l053xx.o(.text)
    HardFault_Handler                        0x0800018b   Thumb Code     2  startup_stm32l053xx.o(.text)
    SVC_Handler                              0x0800018d   Thumb Code     2  startup_stm32l053xx.o(.text)
    DebugMon_Handler                         0x0800018f   Thumb Code     2  startup_stm32l053xx.o(.text)
    PendSV_Handler                           0x08000191   Thumb Code     2  startup_stm32l053xx.o(.text)
    ADC1_COMP_IRQHandler                     0x08000195   Thumb Code     0  startup_stm32l053xx.o(.text)
    DMA1_Channel1_IRQHandler                 0x08000195   Thumb Code     0  startup_stm32l053xx.o(.text)
    DMA1_Channel2_3_IRQHandler               0x08000195   Thumb Code     0  startup_stm32l053xx.o(.text)
    DMA1_Channel4_5_6_7_IRQHandler           0x08000195   Thumb Code     0  startup_stm32l053xx.o(.text)
    FLASH_IRQHandler                         0x08000195   Thumb Code     0  startup_stm32l053xx.o(.text)
    I2C1_IRQHandler                          0x08000195   Thumb Code     0  startup_stm32l053xx.o(.text)
    I2C2_IRQHandler                          0x08000195   Thumb Code     0  startup_stm32l053xx.o(.text)
    LCD_IRQHandler                           0x08000195   Thumb Code     0  startup_stm32l053xx.o(.text)
    LPTIM1_IRQHandler                        0x08000195   Thumb Code     0  startup_stm32l053xx.o(.text)
    PVD_IRQHandler                           0x08000195   Thumb Code     0  startup_stm32l053xx.o(.text)
    RCC_CRS_IRQHandler                       0x08000195   Thumb Code     0  startup_stm32l053xx.o(.text)
    RNG_LPUART1_IRQHandler                   0x08000195   Thumb Code     0  startup_stm32l053xx.o(.text)
    RTC_IRQHandler                           0x08000195   Thumb Code     0  startup_stm32l053xx.o(.text)
    SPI1_IRQHandler                          0x08000195   Thumb Code     0  startup_stm32l053xx.o(.text)
    SPI2_IRQHandler                          0x08000195   Thumb Code     0  startup_stm32l053xx.o(.text)
    TIM21_IRQHandler                         0x08000195   Thumb Code     0  startup_stm32l053xx.o(.text)
    TIM22_IRQHandler                         0x08000195   Thumb Code     0  startup_stm32l053xx.o(.text)
    TIM2_IRQHandler                          0x08000195   Thumb Code     0  startup_stm32l053xx.o(.text)
    TIM6_DAC_IRQHandler                      0x08000195   Thumb Code     0  startup_stm32l053xx.o(.text)
    TSC_IRQHandler                           0x08000195   Thumb Code     0  startup_stm32l053xx.o(.text)
    USART1_IRQHandler                        0x08000195   Thumb Code     0  startup_stm32l053xx.o(.text)
    USART2_IRQHandler                        0x08000195   Thumb Code     0  startup_stm32l053xx.o(.text)
    USB_IRQHandler                           0x08000195   Thumb Code     0  startup_stm32l053xx.o(.text)
    WWDG_IRQHandler                          0x08000195   Thumb Code     0  startup_stm32l053xx.o(.text)
    __user_initial_stackheap                 0x08000199   Thumb Code     0  startup_stm32l053xx.o(.text)
    memcmp                                   0x080001bd   Thumb Code    90  memcmp.o(.text)
    __aeabi_memcpy                           0x08000217   Thumb Code   130  rt_memcpy.o(.text)
    __rt_memcpy                              0x08000217   Thumb Code     0  rt_memcpy.o(.text)
    _memset_w                                0x08000299   Thumb Code    26  rt_memclr.o(.text)
    _memset                                  0x080002b3   Thumb Code    30  rt_memclr.o(.text)
    __aeabi_memclr                           0x080002d1   Thumb Code     4  rt_memclr.o(.text)
    __rt_memclr                              0x080002d1   Thumb Code     0  rt_memclr.o(.text)
    __aeabi_memclr4                          0x080002d5   Thumb Code     0  rt_memclr.o(.text)
    __aeabi_memclr8                          0x080002d5   Thumb Code     0  rt_memclr.o(.text)
    __rt_memclr_w                            0x080002d5   Thumb Code     4  rt_memclr.o(.text)
    __aeabi_uidiv                            0x080002d9   Thumb Code     0  aeabi_sdiv.o(.text)
    __aeabi_uidivmod                         0x080002d9   Thumb Code    20  aeabi_sdiv.o(.text)
    __aeabi_idiv                             0x080002ed   Thumb Code     0  aeabi_sdiv.o(.text)
    __aeabi_idivmod                          0x080002ed   Thumb Code   326  aeabi_sdiv.o(.text)
    __use_two_region_memory                  0x08000433   Thumb Code     2  heapauxi.o(.text)
    __rt_heap_escrow$2region                 0x08000435   Thumb Code     2  heapauxi.o(.text)
    __rt_heap_expand$2region                 0x08000437   Thumb Code     2  heapauxi.o(.text)
    __aeabi_d2f                              0x08000439   Thumb Code     0  d2f.o(.text)
    _d2f                                     0x08000439   Thumb Code   120  d2f.o(.text)
    __aeabi_dadd                             0x080007ad   Thumb Code     0  daddsub.o(.text)
    _dadd                                    0x080007ad   Thumb Code    26  daddsub.o(.text)
    __aeabi_dsub                             0x080007c7   Thumb Code     0  daddsub.o(.text)
    _dsub                                    0x080007c7   Thumb Code    22  daddsub.o(.text)
    __aeabi_drsub                            0x080007dd   Thumb Code     0  daddsub.o(.text)
    _drsb                                    0x080007dd   Thumb Code    28  daddsub.o(.text)
    __aeabi_ddiv                             0x0800080d   Thumb Code     0  ddiv.o(.text)
    _ddiv                                    0x0800080d   Thumb Code  1072  ddiv.o(.text)
    _drdiv                                   0x08000c3d   Thumb Code    20  ddiv.o(.text)
    __aeabi_d2uiz                            0x08000c55   Thumb Code     0  dfixui.o(.text)
    _dfixu                                   0x08000c55   Thumb Code    68  dfixui.o(.text)
    __aeabi_i2d_normalise                    0x08000c9d   Thumb Code    66  dflti.o(.text)
    __aeabi_i2d                              0x08000cdf   Thumb Code    16  dflti.o(.text)
    _dflt                                    0x08000cdf   Thumb Code     0  dflti.o(.text)
    __aeabi_ui2d                             0x08000cef   Thumb Code     6  dflti.o(.text)
    _dfltu                                   0x08000cef   Thumb Code     0  dflti.o(.text)
    __aeabi_dmul                             0x08000cf5   Thumb Code     0  dmul.o(.text)
    _dmul                                    0x08000cf5   Thumb Code   558  dmul.o(.text)
    __aeabi_f2d                              0x08000f3d   Thumb Code     0  f2d.o(.text)
    _f2d                                     0x08000f3d   Thumb Code    80  f2d.o(.text)
    __aeabi_fdiv                             0x08000f91   Thumb Code     0  fdiv.o(.text)
    _fdiv                                    0x08000f91   Thumb Code   334  fdiv.o(.text)
    _frdiv                                   0x080010df   Thumb Code     8  fdiv.o(.text)
    __aeabi_f2iz                             0x080010f1   Thumb Code     0  ffixi.o(.text)
    _ffix                                    0x080010f1   Thumb Code    76  ffixi.o(.text)
    __aeabi_f2uiz                            0x0800113d   Thumb Code     0  ffixui.o(.text)
    _ffixu                                   0x0800113d   Thumb Code    48  ffixui.o(.text)
    __aeabi_i2f_normalise                    0x0800116d   Thumb Code    72  fflti.o(.text)
    __aeabi_i2f                              0x080011b5   Thumb Code    16  fflti.o(.text)
    _fflt                                    0x080011b5   Thumb Code     0  fflti.o(.text)
    __aeabi_ui2f                             0x080011c5   Thumb Code     6  fflti.o(.text)
    _ffltu                                   0x080011c5   Thumb Code     0  fflti.o(.text)
    __fpl_dcmp_InfNaN                        0x080011cd   Thumb Code   140  dcmpin.o(.text)
    _drnd                                    0x0800125d   Thumb Code   232  drnd.o(.text)
    __fpl_fcmp_InfNaN                        0x0800134d   Thumb Code    96  fcmpin.o(.text)
    __fpl_cmpreturn                          0x080013b1   Thumb Code    44  cmpret.o(.text)
    __fpl_dcheck_NaN2                        0x080013e1   Thumb Code    14  dnan2.o(.text)
    __fpl_fcheck_NaN2                        0x080013f5   Thumb Code    10  fnan2.o(.text)
    __user_libspace                          0x08001405   Thumb Code     8  libspace.o(.text)
    __user_perproc_libspace                  0x08001405   Thumb Code     0  libspace.o(.text)
    __user_perthread_libspace                0x08001405   Thumb Code     0  libspace.o(.text)
    __user_setup_stackheap                   0x0800140d   Thumb Code    62  sys_stackheap_outer.o(.text)
    exit                                     0x0800144b   Thumb Code    12  exit.o(.text)
    __fpl_return_NaN                         0x08001457   Thumb Code    94  retnan.o(.text)
    _sys_exit                                0x080014b5   Thumb Code     8  sys_exit.o(.text)
    __I$use$semihosting                      0x080014c1   Thumb Code     0  use_no_semi.o(.text)
    __use_no_semihosting_swi                 0x080014c1   Thumb Code     2  use_no_semi.o(.text)
    __decompress                             0x080014c3   Thumb Code     0  __dczerorl2.o(.text)
    __decompress1                            0x080014c3   Thumb Code    86  __dczerorl2.o(.text)
    __semihosting_library_function           0x080014c3   Thumb Code     0  indicate_semi.o(.text)
    AppendCRC                                0x08001519   Thumb Code    38  wmbus_crc.o(i.AppendCRC)
    BSP_LED_Init                             0x08001541   Thumb Code    60  stm32l0xx_nucleo.o(i.BSP_LED_Init)
    BSP_LED_Toggle                           0x08001589   Thumb Code    22  stm32l0xx_nucleo.o(i.BSP_LED_Toggle)
    BSP_PB_Init                              0x080015a9   Thumb Code   140  stm32l0xx_nucleo.o(i.BSP_PB_Init)
    CRCCheck                                 0x08001649   Thumb Code    54  wmbus_crc.o(i.CRCCheck)
    EXTI0_1_IRQHandler                       0x08001681   Thumb Code    38  stm32l0xx_it.o(i.EXTI0_1_IRQHandler)
    EXTI2_3_IRQHandler                       0x080016ad   Thumb Code    38  stm32l0xx_it.o(i.EXTI2_3_IRQHandler)
    EXTI4_15_IRQHandler                      0x080016d9   Thumb Code    52  stm32l0xx_it.o(i.EXTI4_15_IRQHandler)
    HAL_Delay                                0x08001715   Thumb Code    26  stm32l0xx_hal.o(i.HAL_Delay)
    HAL_EnableDBGStopMode                    0x08001731   Thumb Code    14  stm32l0xx_hal.o(i.HAL_EnableDBGStopMode)
    HAL_GPIO_Init                            0x08001745   Thumb Code   462  stm32l0xx_hal_gpio.o(i.HAL_GPIO_Init)
    HAL_GPIO_ReadPin                         0x08001931   Thumb Code    18  stm32l0xx_hal_gpio.o(i.HAL_GPIO_ReadPin)
    HAL_GPIO_TogglePin                       0x08001943   Thumb Code     8  stm32l0xx_hal_gpio.o(i.HAL_GPIO_TogglePin)
    HAL_GPIO_WritePin                        0x0800194b   Thumb Code    12  stm32l0xx_hal_gpio.o(i.HAL_GPIO_WritePin)
    HAL_GetTick                              0x08001959   Thumb Code     6  stm32l0xx_hal.o(i.HAL_GetTick)
    HAL_IncTick                              0x08001965   Thumb Code    12  stm32l0xx_hal.o(i.HAL_IncTick)
    HAL_Init                                 0x08001975   Thumb Code    52  stm32l0xx_hal.o(i.HAL_Init)
    HAL_InitTick                             0x080019ad   Thumb Code    38  stm32l0xx_hal.o(i.HAL_InitTick)
    HAL_MspInit                              0x080019d3   Thumb Code     2  stm32l0xx_hal.o(i.HAL_MspInit)
    HAL_NVIC_DisableIRQ                      0x080019d5   Thumb Code    18  stm32l0xx_hal_cortex.o(i.HAL_NVIC_DisableIRQ)
    HAL_NVIC_EnableIRQ                       0x080019ed   Thumb Code    18  stm32l0xx_hal_cortex.o(i.HAL_NVIC_EnableIRQ)
    HAL_NVIC_SetPriority                     0x08001a05   Thumb Code    18  stm32l0xx_hal_cortex.o(i.HAL_NVIC_SetPriority)
    HAL_PWR_EnterSLEEPMode                   0x08001a19   Thumb Code    52  stm32l0xx_hal_pwr.o(i.HAL_PWR_EnterSLEEPMode)
    HAL_PWR_EnterSTANDBYMode                 0x08001a55   Thumb Code    32  stm32l0xx_hal_pwr.o(i.HAL_PWR_EnterSTANDBYMode)
    HAL_PWR_EnterSTOPMode                    0x08001a7d   Thumb Code    64  stm32l0xx_hal_pwr.o(i.HAL_PWR_EnterSTOPMode)
    HAL_RCC_ClockConfig                      0x08001ac5   Thumb Code   748  stm32l0xx_hal_rcc.o(i.HAL_RCC_ClockConfig)
    HAL_RCC_GetHCLKFreq                      0x08001dbd   Thumb Code    32  stm32l0xx_hal_rcc.o(i.HAL_RCC_GetHCLKFreq)
    HAL_RCC_GetSysClockFreq                  0x08001de9   Thumb Code   180  stm32l0xx_hal_rcc.o(i.HAL_RCC_GetSysClockFreq)
    HAL_RCC_OscConfig                        0x08001eb1   Thumb Code  1478  stm32l0xx_hal_rcc.o(i.HAL_RCC_OscConfig)
    HAL_SPI_DeInit                           0x08002485   Thumb Code    58  stm32l0xx_hal_spi.o(i.HAL_SPI_DeInit)
    HAL_SPI_GetState                         0x080024bf   Thumb Code     8  stm32l0xx_hal_spi.o(i.HAL_SPI_GetState)
    HAL_SPI_Init                             0x080024c7   Thumb Code   138  stm32l0xx_hal_spi.o(i.HAL_SPI_Init)
    HAL_SPI_MspDeInit                        0x08002551   Thumb Code     2  stm32l0xx_hal_spi.o(i.HAL_SPI_MspDeInit)
    HAL_SPI_MspInit                          0x08002555   Thumb Code   172  radio_spi.o(i.HAL_SPI_MspInit)
    HAL_SPI_Transmit                         0x0800260d   Thumb Code   478  stm32l0xx_hal_spi.o(i.HAL_SPI_Transmit)
    HAL_SPI_TransmitReceive                  0x080027eb   Thumb Code   922  stm32l0xx_hal_spi.o(i.HAL_SPI_TransmitReceive)
    HAL_SYSTICK_Callback                     0x08002b85   Thumb Code     2  stm32l0xx_hal_cortex.o(i.HAL_SYSTICK_Callback)
    HAL_SYSTICK_Config                       0x08002b89   Thumb Code    46  stm32l0xx_hal_cortex.o(i.HAL_SYSTICK_Config)
    HAL_SYSTICK_IRQHandler                   0x08002bc1   Thumb Code     8  stm32l0xx_hal_cortex.o(i.HAL_SYSTICK_IRQHandler)
    LoadConfRegs                             0x08002bc9   Thumb Code   386  wmbus_phy.o(i.LoadConfRegs)
    MCU_Enter_SleepMode                      0x08002d55   Thumb Code    12  radio_hal.o(i.MCU_Enter_SleepMode)
    MCU_Enter_StandbyMode                    0x08002d61   Thumb Code     8  radio_hal.o(i.MCU_Enter_StandbyMode)
    MCU_Enter_StopMode                       0x08002d69   Thumb Code    12  radio_hal.o(i.MCU_Enter_StopMode)
    RadioCheckShutdown                       0x08002e65   Thumb Code    10  radio_gpio.o(i.RadioCheckShutdown)
    RadioCmp                                 0x08002e6f   Thumb Code    78  wmbus_phy.o(i.RadioCmp)
    RadioEnterShutdown                       0x08002ebd   Thumb Code    12  radio_gpio.o(i.RadioEnterShutdown)
    RadioExitShutdown                        0x08002ec9   Thumb Code    34  radio_gpio.o(i.RadioExitShutdown)
    RadioGpioGetLevel                        0x08002eed   Thumb Code    42  radio_gpio.o(i.RadioGpioGetLevel)
    RadioGpioInit                            0x08002f21   Thumb Code   146  radio_gpio.o(i.RadioGpioInit)
    RadioGpioInterruptCmd                    0x08002fcd   Thumb Code    52  radio_gpio.o(i.RadioGpioInterruptCmd)
    RadioGpioSetLevel                        0x08003005   Thumb Code    26  radio_gpio.o(i.RadioGpioSetLevel)
    RadioPowerOFF                            0x08003029   Thumb Code     8  radio_hal.o(i.RadioPowerOFF)
    RadioPowerON                             0x08003031   Thumb Code    50  radio_hal.o(i.RadioPowerON)
    RadioShieldLedInit                       0x08003069   Thumb Code    52  radio_shield_config.o(i.RadioShieldLedInit)
    RadioShieldLedOn                         0x080030a9   Thumb Code    24  radio_shield_config.o(i.RadioShieldLedOn)
    RadioShieldLedToggle                     0x080030c9   Thumb Code    22  radio_shield_config.o(i.RadioShieldLedToggle)
    RadioSpiCommandStrobes                   0x080030e9   Thumb Code   152  radio_spi.o(i.RadioSpiCommandStrobes)
    RadioSpiInit                             0x0800318d   Thumb Code    76  radio_spi.o(i.RadioSpiInit)
    RadioSpiReadFifo                         0x080031e1   Thumb Code   188  radio_spi.o(i.RadioSpiReadFifo)
    RadioSpiReadRegisters                    0x080032a9   Thumb Code   198  radio_spi.o(i.RadioSpiReadRegisters)
    RadioSpiWriteFifo                        0x0800337d   Thumb Code   170  radio_spi.o(i.RadioSpiWriteFifo)
    RadioSpiWriteRegisters                   0x08003435   Thumb Code   180  radio_spi.o(i.RadioSpiWriteRegisters)
    RadioStandBy                             0x080034f5   Thumb Code    10  radio_hal.o(i.RadioStandBy)
    Radio_HAL_Init                           0x08003501   Thumb Code    16  radio_hal.o(i.Radio_HAL_Init)
    Radio_WMBus_Init                         0x08003519   Thumb Code    86  radio_hal.o(i.Radio_WMBus_Init)
    Radio_WMBus_On                           0x0800357d   Thumb Code   164  radio_hal.o(i.Radio_WMBus_On)
    ReInitRxCycle                            0x08003645   Thumb Code   124  wmbus_phy.o(i.ReInitRxCycle)
    ResetActualStatus                        0x080036d5   Thumb Code    38  wmbus_phy.o(i.ResetActualStatus)
    SaveConfRegs                             0x0800387d   Thumb Code   158  wmbus_phy.o(i.SaveConfRegs)
    Spirit1GetRxPacket                       0x08003925   Thumb Code    34  spirit1_util.o(i.Spirit1GetRxPacket)
    Spirit1InterfaceInit                     0x08003947   Thumb Code    64  spirit1_util.o(i.Spirit1InterfaceInit)
    Spirit1StartRx                           0x08003987   Thumb Code    14  spirit1_util.o(i.Spirit1StartRx)
    Spirit1StartTx                           0x08003995   Thumb Code    34  spirit1_util.o(i.Spirit1StartTx)
    SpiritCalibrationGetVcoCalData           0x080039b9   Thumb Code   180  spirit_calibration.o(i.SpiritCalibrationGetVcoCalData)
    SpiritCalibrationSelectVco               0x08003a71   Thumb Code    66  spirit_calibration.o(i.SpiritCalibrationSelectVco)
    SpiritCalibrationSetVcoCalDataRx         0x08003ab5   Thumb Code   360  spirit_calibration.o(i.SpiritCalibrationSetVcoCalDataRx)
    SpiritCalibrationSetVcoCalDataTx         0x08003c21   Thumb Code   360  spirit_calibration.o(i.SpiritCalibrationSetVcoCalDataTx)
    SpiritCalibrationVco                     0x08003d8d   Thumb Code   368  spirit_calibration.o(i.SpiritCalibrationVco)
    SpiritCmdStrobeCommand                   0x08003f01   Thumb Code   170  spirit_commands.o(i.SpiritCmdStrobeCommand)
    SpiritDirectRfSetTxMode                  0x08003fb1   Thumb Code   204  spirit_directrf.o(i.SpiritDirectRfSetTxMode)
    SpiritGeneralGetSpiritVersion            0x08004081   Thumb Code     6  spirit_general.o(i.SpiritGeneralGetSpiritVersion)
    SpiritGeneralSetExtRef                   0x0800408d   Thumb Code   212  spirit_general.o(i.SpiritGeneralSetExtRef)
    SpiritGeneralSetSpiritVersion            0x08004165   Thumb Code     6  spirit_general.o(i.SpiritGeneralSetSpiritVersion)
    SpiritGpioInit                           0x08004171   Thumb Code   184  spirit_gpio.o(i.SpiritGpioInit)
    SpiritIrq                                0x0800422d   Thumb Code   416  spirit_irq.o(i.SpiritIrq)
    SpiritIrqClearStatus                     0x080043d1   Thumb Code   172  spirit_irq.o(i.SpiritIrqClearStatus)
    SpiritIrqGetStatus                       0x08004481   Thumb Code   200  spirit_irq.o(i.SpiritIrqGetStatus)
    SpiritIrqInit                            0x0800454d   Thumb Code   198  spirit_irq.o(i.SpiritIrqInit)
    SpiritLinearFifoReadNumElementsRxFifo    0x08004619   Thumb Code   180  spirit_linearfifo.o(i.SpiritLinearFifoReadNumElementsRxFifo)
    SpiritLinearFifoReadNumElementsTxFifo    0x080046d1   Thumb Code   180  spirit_linearfifo.o(i.SpiritLinearFifoReadNumElementsTxFifo)
    SpiritLinearFifoSetAlmostEmptyThresholdTx 0x08004789   Thumb Code   360  spirit_linearfifo.o(i.SpiritLinearFifoSetAlmostEmptyThresholdTx)
    SpiritLinearFifoSetAlmostFullThresholdRx 0x080048f5   Thumb Code   360  spirit_linearfifo.o(i.SpiritLinearFifoSetAlmostFullThresholdRx)
    SpiritManagementGetRangeExtender         0x08004a61   Thumb Code     6  spirit1_util.o(i.SpiritManagementGetRangeExtender)
    SpiritManagementIdentificationRFBoard    0x08004a6d   Thumb Code    56  spirit1_util.o(i.SpiritManagementIdentificationRFBoard)
    SpiritManagementRangeExtInit             0x08004aad   Thumb Code   128  spirit1_util.o(i.SpiritManagementRangeExtInit)
    SpiritManagementSetFrequencyBase         0x08004b31   Thumb Code   508  spirit_management.o(i.SpiritManagementSetFrequencyBase)
    SpiritManagementWaCmdStrobeRx            0x08004d69   Thumb Code    42  spirit_management.o(i.SpiritManagementWaCmdStrobeRx)
    SpiritManagementWaCmdStrobeTx            0x08004d99   Thumb Code   130  spirit_management.o(i.SpiritManagementWaCmdStrobeTx)
    SpiritManagementWaTRxFcMem               0x08004e35   Thumb Code    12  spirit_management.o(i.SpiritManagementWaTRxFcMem)
    SpiritManagementWaVcoCalibration         0x08004e49   Thumb Code   336  spirit_management.o(i.SpiritManagementWaVcoCalibration)
    SpiritPktBasicGetAddressField            0x08004fa1   Thumb Code   190  spirit_pktbasic.o(i.SpiritPktBasicGetAddressField)
    SpiritPktBasicInit                       0x08005065   Thumb Code  1066  spirit_pktbasic.o(i.SpiritPktBasicInit)
    SpiritPktBasicSetPayloadLength           0x08005495   Thumb Code   208  spirit_pktbasic.o(i.SpiritPktBasicSetPayloadLength)
    SpiritPktCommonFilterOnCrc               0x08005569   Thumb Code   368  spirit_pktcommon.o(i.SpiritPktCommonFilterOnCrc)
    SpiritPktCommonGetControlLength          0x080056dd   Thumb Code   180  spirit_pktcommon.o(i.SpiritPktCommonGetControlLength)
    SpiritPktMbusInit                        0x08005795   Thumb Code   204  spirit_pktmbus.o(i.SpiritPktMbusInit)
    SpiritPktMbusSetFormat                   0x08005865   Thumb Code  1056  spirit_pktmbus.o(i.SpiritPktMbusSetFormat)
    SpiritPktMbusSetPayloadLength            0x08005c89   Thumb Code   180  spirit_pktmbus.o(i.SpiritPktMbusSetPayloadLength)
    SpiritQiGetRssi                          0x08005d41   Thumb Code   176  spirit_qi.o(i.SpiritQiGetRssi)
    SpiritQiSetRssiThresholddBm              0x08005df5   Thumb Code   182  spirit_qi.o(i.SpiritQiSetRssiThresholddBm)
    SpiritQiSetSqiThreshold                  0x08005eb1   Thumb Code   358  spirit_qi.o(i.SpiritQiSetSqiThreshold)
    SpiritQiSqiCheck                         0x0800601d   Thumb Code   368  spirit_qi.o(i.SpiritQiSqiCheck)
    SpiritRadioAFCFreezeOnSync               0x08006191   Thumb Code   216  spirit_radio.o(i.SpiritRadioAFCFreezeOnSync)
    SpiritRadioCsBlanking                    0x0800626d   Thumb Code   212  spirit_radio.o(i.SpiritRadioCsBlanking)
    SpiritRadioGetBand                       0x08006345   Thumb Code   222  spirit_radio.o(i.SpiritRadioGetBand)
    SpiritRadioGetChannel                    0x08006429   Thumb Code   176  spirit_radio.o(i.SpiritRadioGetChannel)
    SpiritRadioGetChannelSpace               0x080064dd   Thumb Code   184  spirit_radio.o(i.SpiritRadioGetChannelSpace)
    SpiritRadioGetDigDiv                     0x0800659d   Thumb Code   190  spirit_radio.o(i.SpiritRadioGetDigDiv)
    SpiritRadioGetFrequencyBase              0x08006661   Thumb Code   108  spirit_radio.o(i.SpiritRadioGetFrequencyBase)
    SpiritRadioGetFrequencyOffset            0x080066d5   Thumb Code   222  spirit_radio.o(i.SpiritRadioGetFrequencyOffset)
    SpiritRadioGetRefDiv                     0x080067bd   Thumb Code   188  spirit_radio.o(i.SpiritRadioGetRefDiv)
    SpiritRadioGetSynthWord                  0x0800687d   Thumb Code   202  spirit_radio.o(i.SpiritRadioGetSynthWord)
    SpiritRadioGetXtalFrequency              0x0800694d   Thumb Code     6  spirit_radio.o(i.SpiritRadioGetXtalFrequency)
    SpiritRadioInit                          0x08006959   Thumb Code  1162  spirit_radio.o(i.SpiritRadioInit)
    SpiritRadioSearchChannelBwME             0x08006de9   Thumb Code   268  spirit_radio.o(i.SpiritRadioSearchChannelBwME)
    SpiritRadioSearchDatarateME              0x08006f09   Thumb Code   254  spirit_radio.o(i.SpiritRadioSearchDatarateME)
    SpiritRadioSearchFreqDevME               0x08007015   Thumb Code   250  spirit_radio.o(i.SpiritRadioSearchFreqDevME)
    SpiritRadioSearchWCP                     0x0800711d   Thumb Code   160  spirit_radio.o(i.SpiritRadioSearchWCP)
    SpiritRadioSetDigDiv                     0x080071e5   Thumb Code   212  spirit_radio.o(i.SpiritRadioSetDigDiv)
    SpiritRadioSetFrequencyBase              0x080072bd   Thumb Code   508  spirit_radio.o(i.SpiritRadioSetFrequencyBase)
    SpiritRadioSetPACwc                      0x080074f9   Thumb Code   202  spirit_radio.o(i.SpiritRadioSetPACwc)
    SpiritRadioSetPALevelMaxIndex            0x080075c9   Thumb Code   202  spirit_radio.o(i.SpiritRadioSetPALevelMaxIndex)
    SpiritRadioSetPALeveldBm                 0x08007699   Thumb Code   526  spirit_radio.o(i.SpiritRadioSetPALeveldBm)
    SpiritRadioSetRefDiv                     0x080078e5   Thumb Code   212  spirit_radio.o(i.SpiritRadioSetRefDiv)
    SpiritRadioSetXtalFlag                   0x080079bd   Thumb Code   372  spirit_radio.o(i.SpiritRadioSetXtalFlag)
    SpiritRadioSetXtalFrequency              0x08007b35   Thumb Code     6  spirit_radio.o(i.SpiritRadioSetXtalFrequency)
    SpiritRefreshStatus                      0x08007b41   Thumb Code   172  spirit_types.o(i.SpiritRefreshStatus)
    SpiritTimerComputeRxTimeoutValues        0x08007bf1   Thumb Code   386  spirit_timer.o(i.SpiritTimerComputeRxTimeoutValues)
    SpiritTimerSetRxTimeoutMs                0x08007d99   Thumb Code   184  spirit_timer.o(i.SpiritTimerSetRxTimeoutMs)
    SpiritTimerSetRxTimeoutStopCondition     0x08007e55   Thumb Code   386  spirit_timer.o(i.SpiritTimerSetRxTimeoutStopCondition)
    SysTick_Handler                          0x08008079   Thumb Code    12  stm32l0xx_it.o(i.SysTick_Handler)
    SystemClock_Config                       0x08008085   Thumb Code   104  cube_hal_l0.o(i.SystemClock_Config)
    SystemInit                               0x080080f5   Thumb Code    88  system_stm32l0xx.o(i.SystemInit)
    WMBus_AppliIndicaCallback                0x0800815d   Thumb Code   256  wmbus_appli.o(i.WMBus_AppliIndicaCallback)
    WMBus_AppliInit                          0x08008279   Thumb Code     8  wmbus_appli.o(i.WMBus_AppliInit)
    WMBus_AppliPowerOn                       0x08008281   Thumb Code    38  wmbus_appli.o(i.WMBus_AppliPowerOn)
    WMBus_AppliSendMeterData                 0x080082ad   Thumb Code   420  wmbus_appli.o(i.WMBus_AppliSendMeterData)
    WMBus_AppliTxDataSentHandler             0x08008479   Thumb Code   106  wmbus_appli.o(i.WMBus_AppliTxDataSentHandler)
    WMBus_GetWMBusDeviceType                 0x080084fd   Thumb Code    28  wmbus_appli.o(i.WMBus_GetWMBusDeviceType)
    WMBus_LinkGetAttribute                   0x08008519   Thumb Code   612  wmbus_link.o(i.WMBus_LinkGetAttribute)
    WMBus_LinkInit                           0x0800899d   Thumb Code  1128  wmbus_link.o(i.WMBus_LinkInit)
    WMBus_LinkLayerParser                    0x08008e15   Thumb Code   554  wmbus_link.o(i.WMBus_LinkLayerParser)
    WMBus_LinkRxFrameHandler                 0x08009049   Thumb Code   256  wmbus_link.o(i.WMBus_LinkRxFrameHandler)
    WMBus_LinkRxFrameHandlerMode             0x08009165   Thumb Code    30  wmbus_link.o(i.WMBus_LinkRxFrameHandlerMode)
    WMBus_LinkServicesIndicationCallbackMode 0x080094e9   Thumb Code   102  wmbus_linkservices.o(i.WMBus_LinkServicesIndicationCallbackMode)
    WMBus_LinkServicesInit                   0x08009565   Thumb Code    64  wmbus_linkservices.o(i.WMBus_LinkServicesInit)
    WMBus_LinkServicesRequestsCallbackMode   0x080095bd   Thumb Code   336  wmbus_linkservices.o(i.WMBus_LinkServicesRequestsCallbackMode)
    WMBus_LinkServicesResponseCallbackMode   0x08009721   Thumb Code   386  wmbus_linkservices.o(i.WMBus_LinkServicesResponseCallbackMode)
    WMBus_LinkSetAttribute                   0x08009d3d   Thumb Code  1804  wmbus_link.o(i.WMBus_LinkSetAttribute)
    WMBus_LinkSetTxFrameBuffer               0x0800a44d   Thumb Code   382  wmbus_link.o(i.WMBus_LinkSetTxFrameBuffer)
    WMBus_LinkTransmitFrameHandlerMode       0x0800a5d9   Thumb Code    40  wmbus_link.o(i.WMBus_LinkTransmitFrameHandlerMode)
    WMBus_PhyConfig                          0x0800a625   Thumb Code    98  wmbus_phy.o(i.WMBus_PhyConfig)
    WMBus_PhyConfigFull                      0x0800a68d   Thumb Code  1438  wmbus_phy.o(i.WMBus_PhyConfigFull)
    WMBus_PhyGetAttr                         0x0800ac55   Thumb Code   172  wmbus_phy.o(i.WMBus_PhyGetAttr)
    WMBus_PhyInit                            0x0800ad05   Thumb Code   244  wmbus_phy.o(i.WMBus_PhyInit)
    WMBus_PhyInterruptHandler                0x0800ae01   Thumb Code   948  wmbus_phy.o(i.WMBus_PhyInterruptHandler)
    WMBus_PhyRxDataHandlerMode               0x0800b1f1   Thumb Code    80  wmbus_phy.o(i.WMBus_PhyRxDataHandlerMode)
    WMBus_PhyRxPacketHandler                 0x0800b255   Thumb Code    90  wmbus_phy.o(i.WMBus_PhyRxPacketHandler)
    WMBus_PhySetAttr                         0x0800b2bd   Thumb Code   344  wmbus_phy.o(i.WMBus_PhySetAttr)
    WMBus_PhySetState                        0x0800b41d   Thumb Code   518  wmbus_phy.o(i.WMBus_PhySetState)
    WMBus_PhyTxDataHandleMode                0x0800b659   Thumb Code   144  wmbus_phy.o(i.WMBus_PhyTxDataHandleMode)
    WMBus_SetBoardMnfID                      0x0800b6fd   Thumb Code   126  wmbus_appli.o(i.WMBus_SetBoardMnfID)
    WMBus_appliSendMeterInstallationRequest  0x0800b781   Thumb Code   180  wmbus_appli.o(i.WMBus_appliSendMeterInstallationRequest)
    WMbusCmp                                 0x0800b851   Thumb Code    34  wmbus_phy.o(i.WMbusCmp)
    __ARM_common_switch8                     0x0800b873   Thumb Code    28  wmbus_appli.o(i.__ARM_common_switch8)
    crcCalc                                  0x0800b891   Thumb Code    52  wmbus_crc.o(i.crcCalc)
    main                                     0x0800b8c9   Thumb Code    48  main.o(i.main)
    round                                    0x0800b8f9   Thumb Code   142  round.o(i.round)
    __aeabi_cdcmple                          0x0800b995   Thumb Code     0  dlef.o(x$fpl$dleqf)
    _dcmple                                  0x0800b995   Thumb Code    94  dlef.o(x$fpl$dleqf)
    __aeabi_cdrcmple                         0x0800b9f9   Thumb Code     0  drlef.o(x$fpl$drleqf)
    _drcmple                                 0x0800b9f9   Thumb Code   100  drlef.o(x$fpl$drleqf)
    __aeabi_fadd                             0x0800ba61   Thumb Code     0  faddsub.o(x$fpl$fadd)
    _fadd                                    0x0800ba61   Thumb Code   134  faddsub.o(x$fpl$fadd)
    __aeabi_cfcmpeq                          0x0800baed   Thumb Code     0  feqf.o(x$fpl$feqf)
    _fcmpeq                                  0x0800baed   Thumb Code    78  feqf.o(x$fpl$feqf)
    __aeabi_fmul                             0x0800bb41   Thumb Code     0  fmul.o(x$fpl$fmul)
    _fmul                                    0x0800bb41   Thumb Code   172  fmul.o(x$fpl$fmul)
    __aeabi_cfrcmple                         0x0800bbf1   Thumb Code     0  frlef.o(x$fpl$frleqf)
    _frcmple                                 0x0800bbf1   Thumb Code    84  frlef.o(x$fpl$frleqf)
    __aeabi_frsub                            0x0800bc49   Thumb Code     0  faddsub.o(x$fpl$frsb)
    _frsb                                    0x0800bc49   Thumb Code    24  faddsub.o(x$fpl$frsb)
    __aeabi_fsub                             0x0800bc61   Thumb Code     0  faddsub.o(x$fpl$fsub)
    _fsub                                    0x0800bc61   Thumb Code   204  faddsub.o(x$fpl$fsub)
    __I$use$fp                               0x0800bd30   Number         0  usenofp.o(x$fpl$usenofp)
    aLED_GPIO_PIN                            0x0800bd78   Data           2  radio_shield_config.o(.constdata)
    GPIO_PIN                                 0x0800bd7a   Data           2  stm32l0xx_nucleo.o(.constdata)
    BUTTON_PIN                               0x0800bd7c   Data           2  stm32l0xx_nucleo.o(.constdata)
    BUTTON_IRQn                              0x0800bd7e   Data           2  stm32l0xx_nucleo.o(.constdata)
    xSpiritVersionMap                        0x0800bd80   Data          12  spirit1_util.o(.constdata)
    MSIRangeTable                            0x0800bdac   Data          28  stm32l0xx_hal_rcc.o(.constdata)
    Region$$Table$$Base                      0x0800bf7c   Number         0  anon$$obj.o(Region$$Table)
    Region$$Table$$Limit                     0x0800bf9c   Number         0  anon$$obj.o(Region$$Table)
    radio_cb                                 0x20000000   Data          16  radio_hal.o(.data)
    MCU_LPM_cb                               0x20000010   Data          12  radio_hal.o(.data)
    Radio_LPM_cb                             0x2000001c   Data          12  radio_hal.o(.data)
    SW1_PUSHED                               0x20000028   Data           1  radio_hal.o(.data)
    SW2_PUSHED                               0x20000029   Data           1  radio_hal.o(.data)
    WMBusDeviceType                          0x2000002a   Data           1  radio_hal.o(.data)
    VolumeInL                                0x2000002c   Data           4  radio_hal.o(.data)
    accNum                                   0x20000030   Data           8  radio_hal.o(.data)
    pRadioDriver                             0x20000038   Data           4  radio_hal.o(.data)
    pMCU_LPM_Comm                            0x2000003c   Data           4  radio_hal.o(.data)
    pRadio_LPM_Comm                          0x20000040   Data           4  radio_hal.o(.data)
    aManufIdBuff                             0x20000044   Data           8  radio_hal.o(.data)
    aMeter_EnKey                             0x2000004c   Data          16  radio_hal.o(.data)
    aRADIO_GPIO_PORT                         0x2000005c   Data          20  radio_gpio.o(.data)
    aLED_GPIO_PORT                           0x20000070   Data           4  radio_shield_config.o(.data)
    SpiTimeout                               0x20000074   Data           4  radio_spi.o(.data)
    GPIO_PORT                                0x20000078   Data           4  stm32l0xx_nucleo.o(.data)
    BUTTON_PORT                              0x2000007c   Data           4  stm32l0xx_nucleo.o(.data)
    SpixTimeout                              0x20000080   Data           4  stm32l0xx_nucleo.o(.data)
    SystemCoreClock                          0x2000008c   Data           4  system_stm32l0xx.o(.data)
    AHBPrescTable                            0x20000090   Data          16  system_stm32l0xx.o(.data)
    PLLMulTable                              0x200000a0   Data           9  system_stm32l0xx.o(.data)
    bNewdatareceived                         0x200000ac   Data           1  wmbus_appli.o(.data)
    bAckReceived                             0x200000ad   Data           1  wmbus_appli.o(.data)
    bInstallationReqSent                     0x200000ae   Data           1  wmbus_appli.o(.data)
    bInstallationConfirmSent                 0x200000af   Data           1  wmbus_appli.o(.data)
    bLinkAttrChanged                         0x200000b3   Data           1  wmbus_appli.o(.data)
    bNewUserDataRequestRxd                   0x200000b4   Data           1  wmbus_appli.o(.data)
    bACKTransmitted                          0x200000b5   Data           1  wmbus_appli.o(.data)
    bNRDataTransmitted                       0x200000b6   Data           1  wmbus_appli.o(.data)
    WMBusOperationMode                       0x200000b7   Data           1  wmbus_appli.o(.data)
    RTC_InitStructVal                        0x200000c0   Data          28  wmbus_appli.o(.data)
    RTC_TimeStructVal                        0x200000dc   Data          20  wmbus_appli.o(.data)
    RTC_DateStructVal                        0x200000f0   Data           4  wmbus_appli.o(.data)
    pRootDataBase                            0x200000f4   Data           4  wmbus_appli.o(.data)
    g_xStatus                                0x20000124   Data           2  spirit_types.o(.data)
    LinkAttr                                 0x20000128   Data         112  wmbus_link.o(.data)
    LinkServLayerRxDataCallback              0x2000019c   Data           4  wmbus_link.o(.data)
    AppliLayerSnifferCallback                0x200001a0   Data           4  wmbus_link.o(.data)
    LinkTxDataSentHandler                    0x200001a4   Data           4  wmbus_link.o(.data)
    LinkServiceState                         0x200001a9   Data           1  wmbus_linkservices.o(.data)
    AppliLayerRxDataCallback                 0x200001b4   Data           4  wmbus_linkservices.o(.data)
    LSTxDataHandler                          0x200001b8   Data           4  wmbus_linkservices.o(.data)
    WMBusPhyAttr                             0x200001bc   Data          36  wmbus_phy.o(.data)
    cRxDataLen                               0x200001e0   Data           1  wmbus_phy.o(.data)
    phy_init_called                          0x200001e1   Data           1  wmbus_phy.o(.data)
    RxHandleMode                             0x200001e8   Data           1  wmbus_phy.o(.data)
    TxHandleMode                             0x200001e9   Data           1  wmbus_phy.o(.data)
    RxHandleModeconfig                       0x200001ea   Data           1  wmbus_phy.o(.data)
    RFPower_p                                0x200001f0   Data           4  wmbus_phy.o(.data)
    RSSIThr_p                                0x200001f4   Data           4  wmbus_phy.o(.data)
    RxTimeout_p                              0x200001f8   Data           4  wmbus_phy.o(.data)
    LinkLayerRxDataCallback                  0x200001fc   Data           4  wmbus_phy.o(.data)
    WMBus_LinkLayerCRCParser                 0x20000200   Data           4  wmbus_phy.o(.data)
    PhyTxDataSentStateHandler                0x20000204   Data           4  wmbus_phy.o(.data)
    aWMBusPayloadBuff                        0x20000218   Data         255  radio_hal.o(.bss)
    pSpiHandle                               0x20000318   Data          84  radio_spi.o(.bss)
    aindicationPayload                       0x2000036c   Data         255  wmbus_appli.o(.bss)
    aDataToUSB                               0x2000046b   Data         260  wmbus_appli.o(.bss)
    aAES_InitnalizationVector_Tx             0x2000056f   Data          16  wmbus_appli.o(.bss)
    aAES_InitnalizationVector_Rx             0x2000057f   Data          16  wmbus_appli.o(.bss)
    gindicFrame                              0x20000590   Data          40  wmbus_appli.o(.bss)
    RtcHandle                                0x200005b8   Data          36  wmbus_appli.o(.bss)
    linkLayerframe                           0x20000820   Data          28  wmbus_link.o(.bss)
    TxServiceReq                             0x20000bc0   Data          32  wmbus_linkservices.o(.bss)
    aDataBuffer                              0x20000be0   Data         255  wmbus_linkservices.o(.bss)
    PhyTxFrame                               0x20000ce0   Data         294  wmbus_phy.o(.bss)
    PhyRxFrame                               0x20000e06   Data         294  wmbus_phy.o(.bss)
    __libspace_start                         0x20000f88   Data          96  libspace.o(.bss)
    __temporary_stack_top$libspace           0x20000fe8   Data           0  libspace.o(.bss)



==============================================================================

Memory Map of the image

  Image Entry point : 0x080000c1

  Load Region LR_IROM1 (Base: 0x08000000, Size: 0x0000c1b4, Max: 0x00010000, ABSOLUTE, COMPRESSED[0x0000c094])

    Execution Region ER_IROM1 (Base: 0x08000000, Size: 0x0000bf9c, Max: 0x00010000, ABSOLUTE)

    Base Addr    Size         Type   Attr      Idx    E Section Name        Object

    0x08000000   0x000000c0   Data   RO            3    RESET               startup_stm32l053xx.o
    0x080000c0   0x00000008   Code   RO         6458  * !!!main             c_p.l(__main.o)
    0x080000c8   0x0000003c   Code   RO         6763    !!!scatter          c_p.l(__scatter.o)
    0x08000104   0x0000001c   Code   RO         6765    !!handler_zi        c_p.l(__scatter_zi.o)
    0x08000120   0x00000002   Code   RO         6632    .ARM.Collect$$libinit$$00000000  c_p.l(libinit.o)
    0x08000122   0x00000000   Code   RO         6645    .ARM.Collect$$libinit$$00000002  c_p.l(libinit2.o)
    0x08000122   0x00000000   Code   RO         6647    .ARM.Collect$$libinit$$00000004  c_p.l(libinit2.o)
    0x08000122   0x00000000   Code   RO         6650    .ARM.Collect$$libinit$$0000000A  c_p.l(libinit2.o)
    0x08000122   0x00000000   Code   RO         6652    .ARM.Collect$$libinit$$0000000C  c_p.l(libinit2.o)
    0x08000122   0x00000000   Code   RO         6654    .ARM.Collect$$libinit$$0000000E  c_p.l(libinit2.o)
    0x08000122   0x00000000   Code   RO         6657    .ARM.Collect$$libinit$$00000011  c_p.l(libinit2.o)
    0x08000122   0x00000000   Code   RO         6659    .ARM.Collect$$libinit$$00000013  c_p.l(libinit2.o)
    0x08000122   0x00000000   Code   RO         6661    .ARM.Collect$$libinit$$00000015  c_p.l(libinit2.o)
    0x08000122   0x00000000   Code   RO         6663    .ARM.Collect$$libinit$$00000017  c_p.l(libinit2.o)
    0x08000122   0x00000000   Code   RO         6665    .ARM.Collect$$libinit$$00000019  c_p.l(libinit2.o)
    0x08000122   0x00000000   Code   RO         6667    .ARM.Collect$$libinit$$0000001B  c_p.l(libinit2.o)
    0x08000122   0x00000000   Code   RO         6669    .ARM.Collect$$libinit$$0000001D  c_p.l(libinit2.o)
    0x08000122   0x00000000   Code   RO         6671    .ARM.Collect$$libinit$$0000001F  c_p.l(libinit2.o)
    0x08000122   0x00000000   Code   RO         6673    .ARM.Collect$$libinit$$00000021  c_p.l(libinit2.o)
    0x08000122   0x00000000   Code   RO         6675    .ARM.Collect$$libinit$$00000023  c_p.l(libinit2.o)
    0x08000122   0x00000000   Code   RO         6677    .ARM.Collect$$libinit$$00000025  c_p.l(libinit2.o)
    0x08000122   0x00000000   Code   RO         6681    .ARM.Collect$$libinit$$0000002C  c_p.l(libinit2.o)
    0x08000122   0x00000000   Code   RO         6683    .ARM.Collect$$libinit$$0000002E  c_p.l(libinit2.o)
    0x08000122   0x00000000   Code   RO         6685    .ARM.Collect$$libinit$$00000030  c_p.l(libinit2.o)
    0x08000122   0x00000000   Code   RO         6687    .ARM.Collect$$libinit$$00000032  c_p.l(libinit2.o)
    0x08000122   0x00000002   Code   RO         6688    .ARM.Collect$$libinit$$00000033  c_p.l(libinit2.o)
    0x08000124   0x00000002   Code   RO         6719    .ARM.Collect$$libshutdown$$00000000  c_p.l(libshutdown.o)
    0x08000126   0x00000000   Code   RO         6746    .ARM.Collect$$libshutdown$$00000003  c_p.l(libshutdown2.o)
    0x08000126   0x00000000   Code   RO         6749    .ARM.Collect$$libshutdown$$00000006  c_p.l(libshutdown2.o)
    0x08000126   0x00000000   Code   RO         6752    .ARM.Collect$$libshutdown$$00000009  c_p.l(libshutdown2.o)
    0x08000126   0x00000000   Code   RO         6754    .ARM.Collect$$libshutdown$$0000000B  c_p.l(libshutdown2.o)
    0x08000126   0x00000000   Code   RO         6757    .ARM.Collect$$libshutdown$$0000000E  c_p.l(libshutdown2.o)
    0x08000126   0x00000002   Code   RO         6758    .ARM.Collect$$libshutdown$$0000000F  c_p.l(libshutdown2.o)
    0x08000128   0x00000000   Code   RO         6520    .ARM.Collect$$rtentry$$00000000  c_p.l(__rtentry.o)
    0x08000128   0x00000000   Code   RO         6586    .ARM.Collect$$rtentry$$00000002  c_p.l(__rtentry2.o)
    0x08000128   0x00000006   Code   RO         6598    .ARM.Collect$$rtentry$$00000004  c_p.l(__rtentry4.o)
    0x0800012e   0x00000000   Code   RO         6588    .ARM.Collect$$rtentry$$00000009  c_p.l(__rtentry2.o)
    0x0800012e   0x00000004   Code   RO         6589    .ARM.Collect$$rtentry$$0000000A  c_p.l(__rtentry2.o)
    0x08000132   0x00000000   Code   RO         6591    .ARM.Collect$$rtentry$$0000000C  c_p.l(__rtentry2.o)
    0x08000132   0x00000008   Code   RO         6592    .ARM.Collect$$rtentry$$0000000D  c_p.l(__rtentry2.o)
    0x0800013a   0x00000002   Code   RO         6636    .ARM.Collect$$rtexit$$00000000  c_p.l(rtexit.o)
    0x0800013c   0x00000000   Code   RO         6692    .ARM.Collect$$rtexit$$00000002  c_p.l(rtexit2.o)
    0x0800013c   0x00000004   Code   RO         6693    .ARM.Collect$$rtexit$$00000003  c_p.l(rtexit2.o)
    0x08000140   0x00000006   Code   RO         6694    .ARM.Collect$$rtexit$$00000004  c_p.l(rtexit2.o)
    0x08000146   0x00000002   PAD
    0x08000148   0x00000038   Code   RO         6446    .emb_text           c_p.l(rt_memcpy.o)
    0x08000180   0x0000003c   Code   RO            4    .text               startup_stm32l053xx.o
    0x080001bc   0x0000005a   Code   RO         6444    .text               c_p.l(memcmp.o)
    0x08000216   0x00000082   Code   RO         6447    .text               c_p.l(rt_memcpy.o)
    0x08000298   0x00000040   Code   RO         6450    .text               c_p.l(rt_memclr.o)
    0x080002d8   0x0000015a   Code   RO         6452    .text               c_p.l(aeabi_sdiv.o)
    0x08000432   0x00000006   Code   RO         6456    .text               c_p.l(heapauxi.o)
    0x08000438   0x0000007c   Code   RO         6460    .text               fz_ps.l(d2f.o)
    0x080004b4   0x00000358   Code   RO         6462    .text               fz_ps.l(daddsub.o)
    0x0800080c   0x00000448   Code   RO         6464    .text               fz_ps.l(ddiv.o)
    0x08000c54   0x00000048   Code   RO         6469    .text               fz_ps.l(dfixui.o)
    0x08000c9c   0x00000058   Code   RO         6471    .text               fz_ps.l(dflti.o)
    0x08000cf4   0x00000248   Code   RO         6473    .text               fz_ps.l(dmul.o)
    0x08000f3c   0x00000054   Code   RO         6477    .text               fz_ps.l(f2d.o)
    0x08000f90   0x00000160   Code   RO         6485    .text               fz_ps.l(fdiv.o)
    0x080010f0   0x0000004c   Code   RO         6490    .text               fz_ps.l(ffixi.o)
    0x0800113c   0x00000030   Code   RO         6492    .text               fz_ps.l(ffixui.o)
    0x0800116c   0x0000005e   Code   RO         6494    .text               fz_ps.l(fflti.o)
    0x080011ca   0x00000002   PAD
    0x080011cc   0x00000090   Code   RO         6527    .text               fz_ps.l(dcmpin.o)
    0x0800125c   0x000000f0   Code   RO         6533    .text               fz_ps.l(drnd.o)
    0x0800134c   0x00000064   Code   RO         6537    .text               fz_ps.l(fcmpin.o)
    0x080013b0   0x00000030   Code   RO         6607    .text               fz_ps.l(cmpret.o)
    0x080013e0   0x00000014   Code   RO         6609    .text               fz_ps.l(dnan2.o)
    0x080013f4   0x00000010   Code   RO         6613    .text               fz_ps.l(fnan2.o)
    0x08001404   0x00000008   Code   RO         6615    .text               c_p.l(libspace.o)
    0x0800140c   0x0000003e   Code   RO         6618    .text               c_p.l(sys_stackheap_outer.o)
    0x0800144a   0x0000000c   Code   RO         6621    .text               c_p.l(exit.o)
    0x08001456   0x0000005e   Code   RO         6633    .text               fz_ps.l(retnan.o)
    0x080014b4   0x0000000c   Code   RO         6689    .text               c_p.l(sys_exit.o)
    0x080014c0   0x00000002   Code   RO         6708    .text               c_p.l(use_no_semi.o)
    0x080014c2   0x00000000   Code   RO         6710    .text               c_p.l(indicate_semi.o)
    0x080014c2   0x00000056   Code   RO         6761    .text               c_p.l(__dczerorl2.o)
    0x08001518   0x00000026   Code   RO         6412    i.AppendCRC         SPIRIT1_WMBus_Library108_CM0_Keil.lib(wmbus_crc.o)
    0x0800153e   0x00000002   PAD
    0x08001540   0x00000048   Code   RO          583    i.BSP_LED_Init      stm32l0xx_nucleo.o
    0x08001588   0x00000020   Code   RO          586    i.BSP_LED_Toggle    stm32l0xx_nucleo.o
    0x080015a8   0x000000a0   Code   RO          588    i.BSP_PB_Init       stm32l0xx_nucleo.o
    0x08001648   0x00000036   Code   RO         6413    i.CRCCheck          SPIRIT1_WMBus_Library108_CM0_Keil.lib(wmbus_crc.o)
    0x0800167e   0x00000002   PAD
    0x08001680   0x0000002c   Code   RO          364    i.EXTI0_1_IRQHandler  stm32l0xx_it.o
    0x080016ac   0x0000002c   Code   RO          365    i.EXTI2_3_IRQHandler  stm32l0xx_it.o
    0x080016d8   0x0000003c   Code   RO          366    i.EXTI4_15_IRQHandler  stm32l0xx_it.o
    0x08001714   0x0000001a   Code   RO         1224    i.HAL_Delay         stm32l0xx_hal.o
    0x0800172e   0x00000002   PAD
    0x08001730   0x00000014   Code   RO         1230    i.HAL_EnableDBGStopMode  stm32l0xx_hal.o
    0x08001744   0x000001ec   Code   RO         1889    i.HAL_GPIO_Init     stm32l0xx_hal_gpio.o
    0x08001930   0x00000012   Code   RO         1891    i.HAL_GPIO_ReadPin  stm32l0xx_hal_gpio.o
    0x08001942   0x00000008   Code   RO         1892    i.HAL_GPIO_TogglePin  stm32l0xx_hal_gpio.o
    0x0800194a   0x0000000c   Code   RO         1893    i.HAL_GPIO_WritePin  stm32l0xx_hal_gpio.o
    0x08001956   0x00000002   PAD
    0x08001958   0x0000000c   Code   RO         1235    i.HAL_GetTick       stm32l0xx_hal.o
    0x08001964   0x00000010   Code   RO         1237    i.HAL_IncTick       stm32l0xx_hal.o
    0x08001974   0x00000038   Code   RO         1238    i.HAL_Init          stm32l0xx_hal.o
    0x080019ac   0x00000026   Code   RO         1239    i.HAL_InitTick      stm32l0xx_hal.o
    0x080019d2   0x00000002   Code   RO         1242    i.HAL_MspInit       stm32l0xx_hal.o
    0x080019d4   0x00000018   Code   RO         1618    i.HAL_NVIC_DisableIRQ  stm32l0xx_hal_cortex.o
    0x080019ec   0x00000018   Code   RO         1619    i.HAL_NVIC_EnableIRQ  stm32l0xx_hal_cortex.o
    0x08001a04   0x00000012   Code   RO         1622    i.HAL_NVIC_SetPriority  stm32l0xx_hal_cortex.o
    0x08001a16   0x00000002   PAD
    0x08001a18   0x0000003c   Code   RO         2209    i.HAL_PWR_EnterSLEEPMode  stm32l0xx_hal_pwr.o
    0x08001a54   0x00000028   Code   RO         2210    i.HAL_PWR_EnterSTANDBYMode  stm32l0xx_hal_pwr.o
    0x08001a7c   0x00000048   Code   RO         2211    i.HAL_PWR_EnterSTOPMode  stm32l0xx_hal_pwr.o
    0x08001ac4   0x000002f8   Code   RO         2295    i.HAL_RCC_ClockConfig  stm32l0xx_hal_rcc.o
    0x08001dbc   0x0000002c   Code   RO         2299    i.HAL_RCC_GetHCLKFreq  stm32l0xx_hal_rcc.o
    0x08001de8   0x000000c8   Code   RO         2303    i.HAL_RCC_GetSysClockFreq  stm32l0xx_hal_rcc.o
    0x08001eb0   0x000005d4   Code   RO         2306    i.HAL_RCC_OscConfig  stm32l0xx_hal_rcc.o
    0x08002484   0x0000003a   Code   RO         2393    i.HAL_SPI_DeInit    stm32l0xx_hal_spi.o
    0x080024be   0x00000008   Code   RO         2396    i.HAL_SPI_GetState  stm32l0xx_hal_spi.o
    0x080024c6   0x0000008a   Code   RO         2398    i.HAL_SPI_Init      stm32l0xx_hal_spi.o
    0x08002550   0x00000002   Code   RO         2399    i.HAL_SPI_MspDeInit  stm32l0xx_hal_spi.o
    0x08002552   0x00000002   PAD
    0x08002554   0x000000b8   Code   RO          504    i.HAL_SPI_MspInit   radio_spi.o
    0x0800260c   0x000001de   Code   RO         2406    i.HAL_SPI_Transmit  stm32l0xx_hal_spi.o
    0x080027ea   0x0000039a   Code   RO         2407    i.HAL_SPI_TransmitReceive  stm32l0xx_hal_spi.o
    0x08002b84   0x00000002   Code   RO         1625    i.HAL_SYSTICK_Callback  stm32l0xx_hal_cortex.o
    0x08002b86   0x00000002   PAD
    0x08002b88   0x00000038   Code   RO         1626    i.HAL_SYSTICK_Config  stm32l0xx_hal_cortex.o
    0x08002bc0   0x00000008   Code   RO         1627    i.HAL_SYSTICK_IRQHandler  stm32l0xx_hal_cortex.o
    0x08002bc8   0x0000018c   Code   RO         6268    i.LoadConfRegs      SPIRIT1_WMBus_Library108_CM0_Keil.lib(wmbus_phy.o)
    0x08002d54   0x0000000c   Code   RO          270    i.MCU_Enter_SleepMode  radio_hal.o
    0x08002d60   0x00000008   Code   RO          271    i.MCU_Enter_StandbyMode  radio_hal.o
    0x08002d68   0x0000000c   Code   RO          272    i.MCU_Enter_StopMode  radio_hal.o
    0x08002d74   0x00000078   Code   RO          593    i.NVIC_SetPriority  stm32l0xx_nucleo.o
    0x08002dec   0x00000078   Code   RO         1628    i.NVIC_SetPriority  stm32l0xx_hal_cortex.o
    0x08002e64   0x0000000a   Code   RO          402    i.RadioCheckShutdown  radio_gpio.o
    0x08002e6e   0x0000004e   Code   RO         6269    i.RadioCmp          SPIRIT1_WMBus_Library108_CM0_Keil.lib(wmbus_phy.o)
    0x08002ebc   0x0000000c   Code   RO          403    i.RadioEnterShutdown  radio_gpio.o
    0x08002ec8   0x00000022   Code   RO          404    i.RadioExitShutdown  radio_gpio.o
    0x08002eea   0x00000002   PAD
    0x08002eec   0x00000034   Code   RO          405    i.RadioGpioGetLevel  radio_gpio.o
    0x08002f20   0x000000ac   Code   RO          406    i.RadioGpioInit     radio_gpio.o
    0x08002fcc   0x00000038   Code   RO          407    i.RadioGpioInterruptCmd  radio_gpio.o
    0x08003004   0x00000024   Code   RO          408    i.RadioGpioSetLevel  radio_gpio.o
    0x08003028   0x00000008   Code   RO          273    i.RadioPowerOFF     radio_hal.o
    0x08003030   0x00000038   Code   RO          274    i.RadioPowerON      radio_hal.o
    0x08003068   0x00000040   Code   RO          462    i.RadioShieldLedInit  radio_shield_config.o
    0x080030a8   0x00000020   Code   RO          464    i.RadioShieldLedOn  radio_shield_config.o
    0x080030c8   0x00000020   Code   RO          465    i.RadioShieldLedToggle  radio_shield_config.o
    0x080030e8   0x000000a4   Code   RO          505    i.RadioSpiCommandStrobes  radio_spi.o
    0x0800318c   0x00000054   Code   RO          506    i.RadioSpiInit      radio_spi.o
    0x080031e0   0x000000c8   Code   RO          507    i.RadioSpiReadFifo  radio_spi.o
    0x080032a8   0x000000d4   Code   RO          508    i.RadioSpiReadRegisters  radio_spi.o
    0x0800337c   0x000000b8   Code   RO          509    i.RadioSpiWriteFifo  radio_spi.o
    0x08003434   0x000000c0   Code   RO          510    i.RadioSpiWriteRegisters  radio_spi.o
    0x080034f4   0x0000000a   Code   RO          275    i.RadioStandBy      radio_hal.o
    0x080034fe   0x00000002   PAD
    0x08003500   0x00000018   Code   RO          276    i.Radio_HAL_Init    radio_hal.o
    0x08003518   0x00000064   Code   RO          277    i.Radio_WMBus_Init  radio_hal.o
    0x0800357c   0x000000c8   Code   RO          278    i.Radio_WMBus_On    radio_hal.o
    0x08003644   0x00000090   Code   RO         6270    i.ReInitRxCycle     SPIRIT1_WMBus_Library108_CM0_Keil.lib(wmbus_phy.o)
    0x080036d4   0x00000044   Code   RO         6271    i.ResetActualStatus  SPIRIT1_WMBus_Library108_CM0_Keil.lib(wmbus_phy.o)
    0x08003718   0x00000014   Code   RO          511    i.SPI_Error         radio_spi.o
    0x0800372c   0x00000118   Code   RO         2428    i.SPI_WaitOnFlagUntilTimeout  stm32l0xx_hal_spi.o
    0x08003844   0x00000038   Code   RO          512    i.SPI_Write         radio_spi.o
    0x0800387c   0x000000a8   Code   RO         6272    i.SaveConfRegs      SPIRIT1_WMBus_Library108_CM0_Keil.lib(wmbus_phy.o)
    0x08003924   0x00000022   Code   RO          765    i.Spirit1GetRxPacket  spirit1_util.o
    0x08003946   0x00000040   Code   RO          767    i.Spirit1InterfaceInit  spirit1_util.o
    0x08003986   0x0000000e   Code   RO          775    i.Spirit1StartRx    spirit1_util.o
    0x08003994   0x00000022   Code   RO          776    i.Spirit1StartTx    spirit1_util.o
    0x080039b6   0x00000002   PAD
    0x080039b8   0x000000b8   Code   RO         3724    i.SpiritCalibrationGetVcoCalData  spirit_calibration.o
    0x08003a70   0x00000042   Code   RO         3730    i.SpiritCalibrationSelectVco  spirit_calibration.o
    0x08003ab2   0x00000002   PAD
    0x08003ab4   0x0000016c   Code   RO         3732    i.SpiritCalibrationSetVcoCalDataRx  spirit_calibration.o
    0x08003c20   0x0000016c   Code   RO         3733    i.SpiritCalibrationSetVcoCalDataTx  spirit_calibration.o
    0x08003d8c   0x00000174   Code   RO         3735    i.SpiritCalibrationVco  spirit_calibration.o
    0x08003f00   0x000000b0   Code   RO         3815    i.SpiritCmdStrobeCommand  spirit_commands.o
    0x08003fb0   0x000000d0   Code   RO         3960    i.SpiritDirectRfSetTxMode  spirit_directrf.o
    0x08004080   0x0000000c   Code   RO         4001    i.SpiritGeneralGetSpiritVersion  spirit_general.o
    0x0800408c   0x000000d8   Code   RO         4005    i.SpiritGeneralSetExtRef  spirit_general.o
    0x08004164   0x0000000c   Code   RO         4006    i.SpiritGeneralSetSpiritVersion  spirit_general.o
    0x08004170   0x000000bc   Code   RO         4095    i.SpiritGpioInit    spirit_gpio.o
    0x0800422c   0x000001a4   Code   RO         4175    i.SpiritIrq         spirit_irq.o
    0x080043d0   0x000000b0   Code   RO         4177    i.SpiritIrqClearStatus  spirit_irq.o
    0x08004480   0x000000cc   Code   RO         4180    i.SpiritIrqGetStatus  spirit_irq.o
    0x0800454c   0x000000cc   Code   RO         4181    i.SpiritIrqInit     spirit_irq.o
    0x08004618   0x000000b8   Code   RO         4235    i.SpiritLinearFifoReadNumElementsRxFifo  spirit_linearfifo.o
    0x080046d0   0x000000b8   Code   RO         4236    i.SpiritLinearFifoReadNumElementsTxFifo  spirit_linearfifo.o
    0x08004788   0x0000016c   Code   RO         4238    i.SpiritLinearFifoSetAlmostEmptyThresholdTx  spirit_linearfifo.o
    0x080048f4   0x0000016c   Code   RO         4239    i.SpiritLinearFifoSetAlmostFullThresholdRx  spirit_linearfifo.o
    0x08004a60   0x0000000c   Code   RO          778    i.SpiritManagementGetRangeExtender  spirit1_util.o
    0x08004a6c   0x00000040   Code   RO          779    i.SpiritManagementIdentificationRFBoard  spirit1_util.o
    0x08004aac   0x00000084   Code   RO          780    i.SpiritManagementRangeExtInit  spirit1_util.o
    0x08004b30   0x00000238   Code   RO         4305    i.SpiritManagementSetFrequencyBase  spirit_management.o
    0x08004d68   0x00000030   Code   RO         4306    i.SpiritManagementWaCmdStrobeRx  spirit_management.o
    0x08004d98   0x0000009c   Code   RO         4307    i.SpiritManagementWaCmdStrobeTx  spirit_management.o
    0x08004e34   0x00000014   Code   RO         4309    i.SpiritManagementWaTRxFcMem  spirit_management.o
    0x08004e48   0x00000158   Code   RO         4310    i.SpiritManagementWaVcoCalibration  spirit_management.o
    0x08004fa0   0x000000c4   Code   RO         4360    i.SpiritPktBasicGetAddressField  spirit_pktbasic.o
    0x08005064   0x00000430   Code   RO         4365    i.SpiritPktBasicInit  spirit_pktbasic.o
    0x08005494   0x000000d4   Code   RO         4367    i.SpiritPktBasicSetPayloadLength  spirit_pktbasic.o
    0x08005568   0x00000174   Code   RO         4442    i.SpiritPktCommonFilterOnCrc  spirit_pktcommon.o
    0x080056dc   0x000000b8   Code   RO         4446    i.SpiritPktCommonGetControlLength  spirit_pktcommon.o
    0x08005794   0x000000d0   Code   RO         4775    i.SpiritPktMbusInit  spirit_pktmbus.o
    0x08005864   0x00000424   Code   RO         4776    i.SpiritPktMbusSetFormat  spirit_pktmbus.o
    0x08005c88   0x000000b8   Code   RO         4777    i.SpiritPktMbusSetPayloadLength  spirit_pktmbus.o
    0x08005d40   0x000000b4   Code   RO         4961    i.SpiritQiGetRssi   spirit_qi.o
    0x08005df4   0x000000bc   Code   RO         4972    i.SpiritQiSetRssiThresholddBm  spirit_qi.o
    0x08005eb0   0x0000016c   Code   RO         4973    i.SpiritQiSetSqiThreshold  spirit_qi.o
    0x0800601c   0x00000174   Code   RO         4974    i.SpiritQiSqiCheck  spirit_qi.o
    0x08006190   0x000000dc   Code   RO         5101    i.SpiritRadioAFCFreezeOnSync  spirit_radio.o
    0x0800626c   0x000000d8   Code   RO         5107    i.SpiritRadioCsBlanking  spirit_radio.o
    0x08006344   0x000000e4   Code   RO         5122    i.SpiritRadioGetBand  spirit_radio.o
    0x08006428   0x000000b4   Code   RO         5124    i.SpiritRadioGetChannel  spirit_radio.o
    0x080064dc   0x000000c0   Code   RO         5126    i.SpiritRadioGetChannelSpace  spirit_radio.o
    0x0800659c   0x000000c4   Code   RO         5132    i.SpiritRadioGetDigDiv  spirit_radio.o
    0x08006660   0x00000074   Code   RO         5133    i.SpiritRadioGetFrequencyBase  spirit_radio.o
    0x080066d4   0x000000e8   Code   RO         5135    i.SpiritRadioGetFrequencyOffset  spirit_radio.o
    0x080067bc   0x000000c0   Code   RO         5147    i.SpiritRadioGetRefDiv  spirit_radio.o
    0x0800687c   0x000000d0   Code   RO         5148    i.SpiritRadioGetSynthWord  spirit_radio.o
    0x0800694c   0x0000000c   Code   RO         5150    i.SpiritRadioGetXtalFrequency  spirit_radio.o
    0x08006958   0x00000490   Code   RO         5151    i.SpiritRadioInit   spirit_radio.o
    0x08006de8   0x00000120   Code   RO         5154    i.SpiritRadioSearchChannelBwME  spirit_radio.o
    0x08006f08   0x0000010c   Code   RO         5155    i.SpiritRadioSearchDatarateME  spirit_radio.o
    0x08007014   0x00000108   Code   RO         5156    i.SpiritRadioSearchFreqDevME  spirit_radio.o
    0x0800711c   0x000000c8   Code   RO         5157    i.SpiritRadioSearchWCP  spirit_radio.o
    0x080071e4   0x000000d8   Code   RO         5179    i.SpiritRadioSetDigDiv  spirit_radio.o
    0x080072bc   0x0000023c   Code   RO         5180    i.SpiritRadioSetFrequencyBase  spirit_radio.o
    0x080074f8   0x000000d0   Code   RO         5186    i.SpiritRadioSetPACwc  spirit_radio.o
    0x080075c8   0x000000d0   Code   RO         5188    i.SpiritRadioSetPALevelMaxIndex  spirit_radio.o
    0x08007698   0x0000024c   Code   RO         5189    i.SpiritRadioSetPALeveldBm  spirit_radio.o
    0x080078e4   0x000000d8   Code   RO         5193    i.SpiritRadioSetRefDiv  spirit_radio.o
    0x080079bc   0x00000178   Code   RO         5195    i.SpiritRadioSetXtalFlag  spirit_radio.o
    0x08007b34   0x0000000c   Code   RO         5196    i.SpiritRadioSetXtalFrequency  spirit_radio.o
    0x08007b40   0x000000b0   Code   RO         5849    i.SpiritRefreshStatus  spirit_types.o
    0x08007bf0   0x000001a8   Code   RO         5703    i.SpiritTimerComputeRxTimeoutValues  spirit_timer.o
    0x08007d98   0x000000bc   Code   RO         5714    i.SpiritTimerSetRxTimeoutMs  spirit_timer.o
    0x08007e54   0x00000188   Code   RO         5716    i.SpiritTimerSetRxTimeoutStopCondition  spirit_timer.o
    0x08007fdc   0x0000009c   Code   RO         6273    i.StoreSpiritRegsBothDir  SPIRIT1_WMBus_Library108_CM0_Keil.lib(wmbus_phy.o)
    0x08008078   0x0000000c   Code   RO          367    i.SysTick_Handler   stm32l0xx_it.o
    0x08008084   0x00000070   Code   RO           12    i.SystemClock_Config  cube_hal_l0.o
    0x080080f4   0x00000068   Code   RO          960    i.SystemInit        system_stm32l0xx.o
    0x0800815c   0x0000011c   Code   RO         1116    i.WMBus_AppliIndicaCallback  wmbus_appli.o
    0x08008278   0x00000008   Code   RO         1117    i.WMBus_AppliInit   wmbus_appli.o
    0x08008280   0x0000002c   Code   RO         1118    i.WMBus_AppliPowerOn  wmbus_appli.o
    0x080082ac   0x000001cc   Code   RO         1119    i.WMBus_AppliSendMeterData  wmbus_appli.o
    0x08008478   0x00000084   Code   RO         1120    i.WMBus_AppliTxDataSentHandler  wmbus_appli.o
    0x080084fc   0x0000001c   Code   RO         1121    i.WMBus_GetWMBusDeviceType  wmbus_appli.o
    0x08008518   0x00000268   Code   RO         5891    i.WMBus_LinkGetAttribute  SPIRIT1_WMBus_Library108_CM0_Keil.lib(wmbus_link.o)
    0x08008780   0x0000021c   Code   RO         5892    i.WMBus_LinkGetRxFrameBuffer  SPIRIT1_WMBus_Library108_CM0_Keil.lib(wmbus_link.o)
    0x0800899c   0x00000478   Code   RO         5893    i.WMBus_LinkInit    SPIRIT1_WMBus_Library108_CM0_Keil.lib(wmbus_link.o)
    0x08008e14   0x00000234   Code   RO         5894    i.WMBus_LinkLayerParser  SPIRIT1_WMBus_Library108_CM0_Keil.lib(wmbus_link.o)
    0x08009048   0x0000011c   Code   RO         5899    i.WMBus_LinkRxFrameHandler  SPIRIT1_WMBus_Library108_CM0_Keil.lib(wmbus_link.o)
    0x08009164   0x0000002c   Code   RO         5900    i.WMBus_LinkRxFrameHandlerMode  SPIRIT1_WMBus_Library108_CM0_Keil.lib(wmbus_link.o)
    0x08009190   0x00000010   Code   RO         6187    i.WMBus_LinkServicesGetFcvEnabled  SPIRIT1_WMBus_Library108_CM0_Keil.lib(wmbus_linkservices.o)
    0x080091a0   0x00000280   Code   RO         6188    i.WMBus_LinkServicesGetResponseDelay10Us  SPIRIT1_WMBus_Library108_CM0_Keil.lib(wmbus_linkservices.o)
    0x08009420   0x000000c8   Code   RO         6189    i.WMBus_LinkServicesGetTxFcb  SPIRIT1_WMBus_Library108_CM0_Keil.lib(wmbus_linkservices.o)
    0x080094e8   0x0000007c   Code   RO         6190    i.WMBus_LinkServicesIndicationCallbackMode  SPIRIT1_WMBus_Library108_CM0_Keil.lib(wmbus_linkservices.o)
    0x08009564   0x00000058   Code   RO         6191    i.WMBus_LinkServicesInit  SPIRIT1_WMBus_Library108_CM0_Keil.lib(wmbus_linkservices.o)
    0x080095bc   0x00000164   Code   RO         6192    i.WMBus_LinkServicesRequestsCallbackMode  SPIRIT1_WMBus_Library108_CM0_Keil.lib(wmbus_linkservices.o)
    0x08009720   0x00000198   Code   RO         6194    i.WMBus_LinkServicesResponseCallbackMode  SPIRIT1_WMBus_Library108_CM0_Keil.lib(wmbus_linkservices.o)
    0x080098b8   0x00000308   Code   RO         6195    i.WMBus_LinkServicesRxDataHandler  SPIRIT1_WMBus_Library108_CM0_Keil.lib(wmbus_linkservices.o)
    0x08009bc0   0x0000017c   Code   RO         6196    i.WMBus_LinkServicesTxDataHandler  SPIRIT1_WMBus_Library108_CM0_Keil.lib(wmbus_linkservices.o)
    0x08009d3c   0x00000710   Code   RO         5902    i.WMBus_LinkSetAttribute  SPIRIT1_WMBus_Library108_CM0_Keil.lib(wmbus_link.o)
    0x0800a44c   0x0000018c   Code   RO         5903    i.WMBus_LinkSetTxFrameBuffer  SPIRIT1_WMBus_Library108_CM0_Keil.lib(wmbus_link.o)
    0x0800a5d8   0x00000038   Code   RO         5904    i.WMBus_LinkTransmitFrameHandlerMode  SPIRIT1_WMBus_Library108_CM0_Keil.lib(wmbus_link.o)
    0x0800a610   0x00000014   Code   RO         5905    i.WMBus_LinkTxDataSentStateHandler  SPIRIT1_WMBus_Library108_CM0_Keil.lib(wmbus_link.o)
    0x0800a624   0x00000068   Code   RO         6274    i.WMBus_PhyConfig   SPIRIT1_WMBus_Library108_CM0_Keil.lib(wmbus_phy.o)
    0x0800a68c   0x000005c8   Code   RO         6275    i.WMBus_PhyConfigFull  SPIRIT1_WMBus_Library108_CM0_Keil.lib(wmbus_phy.o)
    0x0800ac54   0x000000b0   Code   RO         6276    i.WMBus_PhyGetAttr  SPIRIT1_WMBus_Library108_CM0_Keil.lib(wmbus_phy.o)
    0x0800ad04   0x000000fc   Code   RO         6278    i.WMBus_PhyInit     SPIRIT1_WMBus_Library108_CM0_Keil.lib(wmbus_phy.o)
    0x0800ae00   0x000003f0   Code   RO         6279    i.WMBus_PhyInterruptHandler  SPIRIT1_WMBus_Library108_CM0_Keil.lib(wmbus_phy.o)
    0x0800b1f0   0x00000064   Code   RO         6283    i.WMBus_PhyRxDataHandlerMode  SPIRIT1_WMBus_Library108_CM0_Keil.lib(wmbus_phy.o)
    0x0800b254   0x00000068   Code   RO         6284    i.WMBus_PhyRxPacketHandler  SPIRIT1_WMBus_Library108_CM0_Keil.lib(wmbus_phy.o)
    0x0800b2bc   0x00000160   Code   RO         6285    i.WMBus_PhySetAttr  SPIRIT1_WMBus_Library108_CM0_Keil.lib(wmbus_phy.o)
    0x0800b41c   0x0000023c   Code   RO         6286    i.WMBus_PhySetState  SPIRIT1_WMBus_Library108_CM0_Keil.lib(wmbus_phy.o)
    0x0800b658   0x000000a4   Code   RO         6287    i.WMBus_PhyTxDataHandleMode  SPIRIT1_WMBus_Library108_CM0_Keil.lib(wmbus_phy.o)
    0x0800b6fc   0x00000084   Code   RO         1122    i.WMBus_SetBoardMnfID  wmbus_appli.o
    0x0800b780   0x000000d0   Code   RO         1123    i.WMBus_appliSendMeterInstallationRequest  wmbus_appli.o
    0x0800b850   0x00000022   Code   RO         6288    i.WMbusCmp          SPIRIT1_WMBus_Library108_CM0_Keil.lib(wmbus_phy.o)
    0x0800b872   0x0000001c   Code   RO         1208    i.__ARM_common_switch8  wmbus_appli.o
    0x0800b88e   0x00000002   PAD
    0x0800b890   0x00000038   Code   RO         6414    i.crcCalc           SPIRIT1_WMBus_Library108_CM0_Keil.lib(wmbus_crc.o)
    0x0800b8c8   0x00000030   Code   RO          137    i.main              main.o
    0x0800b8f8   0x0000009c   Code   RO         6514    i.round             m_ps.l(round.o)
    0x0800b994   0x00000064   Code   RO         6531    x$fpl$dleqf         fz_ps.l(dlef.o)
    0x0800b9f8   0x00000068   Code   RO         6475    x$fpl$drleqf        fz_ps.l(drlef.o)
    0x0800ba60   0x0000008c   Code   RO         6479    x$fpl$fadd          fz_ps.l(faddsub.o)
    0x0800baec   0x00000054   Code   RO         6488    x$fpl$feqf          fz_ps.l(feqf.o)
    0x0800bb40   0x000000b0   Code   RO         6496    x$fpl$fmul          fz_ps.l(fmul.o)
    0x0800bbf0   0x00000058   Code   RO         6498    x$fpl$frleqf        fz_ps.l(frlef.o)
    0x0800bc48   0x00000018   Code   RO         6480    x$fpl$frsb          fz_ps.l(faddsub.o)
    0x0800bc60   0x000000d0   Code   RO         6481    x$fpl$fsub          fz_ps.l(faddsub.o)
    0x0800bd30   0x00000000   Code   RO         6543    x$fpl$usenofp       fz_ps.l(usenofp.o)
    0x0800bd30   0x00000048   Data   RO          409    .constdata          radio_gpio.o
    0x0800bd78   0x00000002   Data   RO          466    .constdata          radio_shield_config.o
    0x0800bd7a   0x00000006   Data   RO          606    .constdata          stm32l0xx_nucleo.o
    0x0800bd80   0x00000023   Data   RO          783    .constdata          spirit1_util.o
    0x0800bda3   0x00000001   PAD
    0x0800bda4   0x00000007   Data   RO         1125    .constdata          wmbus_appli.o
    0x0800bdab   0x00000001   PAD
    0x0800bdac   0x0000001c   Data   RO         2307    .constdata          stm32l0xx_hal_rcc.o
    0x0800bdc8   0x00000008   Data   RO         4311    .constdata          spirit_management.o
    0x0800bdd0   0x000000dc   Data   RO         5197    .constdata          spirit_radio.o
    0x0800beac   0x00000010   Data   RO         6290    .constdata          SPIRIT1_WMBus_Library108_CM0_Keil.lib(wmbus_phy.o)
    0x0800bebc   0x00000080   Data   RO         6465    .constdata          fz_ps.l(ddiv.o)
    0x0800bf3c   0x00000040   Data   RO         6486    .constdata          fz_ps.l(fdiv.o)
    0x0800bf7c   0x00000020   Data   RO         6759    Region$$Table       anon$$obj.o


    Execution Region RW_IRAM1 (Base: 0x20000000, Size: 0x000015e8, Max: 0x00002000, ABSOLUTE, COMPRESSED[0x000000f8])

    Base Addr    Size         Type   Attr      Idx    E Section Name        Object

    0x20000000   0x0000005c   Data   RW          280    .data               radio_hal.o
    0x2000005c   0x00000014   Data   RW          410    .data               radio_gpio.o
    0x20000070   0x00000004   Data   RW          467    .data               radio_shield_config.o
    0x20000074   0x00000004   Data   RW          514    .data               radio_spi.o
    0x20000078   0x00000010   Data   RW          607    .data               stm32l0xx_nucleo.o
    0x20000088   0x00000003   Data   RW          784    .data               spirit1_util.o
    0x2000008b   0x00000001   PAD
    0x2000008c   0x0000001d   Data   RW          961    .data               system_stm32l0xx.o
    0x200000a9   0x00000003   PAD
    0x200000ac   0x0000004c   Data   RW         1126    .data               wmbus_appli.o
    0x200000f8   0x00000004   Data   RW         1248    .data               stm32l0xx_hal.o
    0x200000fc   0x00000019   Data   RW         2308    .data               stm32l0xx_hal_rcc.o
    0x20000115   0x00000001   Data   RW         4008    .data               spirit_general.o
    0x20000116   0x00000002   PAD
    0x20000118   0x00000005   Data   RW         4312    .data               spirit_management.o
    0x2000011d   0x00000003   PAD
    0x20000120   0x00000004   Data   RW         5198    .data               spirit_radio.o
    0x20000124   0x00000002   Data   RW         5850    .data               spirit_types.o
    0x20000126   0x00000002   PAD
    0x20000128   0x00000080   Data   RW         5907    .data               SPIRIT1_WMBus_Library108_CM0_Keil.lib(wmbus_link.o)
    0x200001a8   0x00000014   Data   RW         6198    .data               SPIRIT1_WMBus_Library108_CM0_Keil.lib(wmbus_linkservices.o)
    0x200001bc   0x0000005c   Data   RW         6291    .data               SPIRIT1_WMBus_Library108_CM0_Keil.lib(wmbus_phy.o)
    0x20000218   0x000000ff   Zero   RW          279    .bss                radio_hal.o
    0x20000317   0x00000001   PAD
    0x20000318   0x00000054   Zero   RW          513    .bss                radio_spi.o
    0x2000036c   0x00000270   Zero   RW         1124    .bss                wmbus_appli.o
    0x200005dc   0x0000035f   Zero   RW         5906    .bss                SPIRIT1_WMBus_Library108_CM0_Keil.lib(wmbus_link.o)
    0x2000093b   0x00000001   PAD
    0x2000093c   0x000003a3   Zero   RW         6197    .bss                SPIRIT1_WMBus_Library108_CM0_Keil.lib(wmbus_linkservices.o)
    0x20000cdf   0x00000001   PAD
    0x20000ce0   0x000002a8   Zero   RW         6289    .bss                SPIRIT1_WMBus_Library108_CM0_Keil.lib(wmbus_phy.o)
    0x20000f88   0x00000060   Zero   RW         6616    .bss                c_p.l(libspace.o)
    0x20000fe8   0x00000200   Zero   RW            2    HEAP                startup_stm32l053xx.o
    0x200011e8   0x00000400   Zero   RW            1    STACK               startup_stm32l053xx.o


==============================================================================

Image component sizes


      Code (inc. data)   RO Data    RW Data    ZI Data      Debug   Object Name

       112          8          0          0          0     185029   cube_hal_l0.o
        48          0          0          0          0      57275   main.o
       372         50         72         20          0       5837   radio_gpio.o
       430         64          0         92        255       7375   radio_hal.o
       128         30          2          4          0       2890   radio_shield_config.o
      1296         98          0          4         84       8182   radio_spi.o
       354         18         35          3          0       5984   spirit1_util.o
      1350         16          0          0          0       3683   spirit_calibration.o
       176          6          0          0          0        689   spirit_commands.o
       208          4          0          0          0        722   spirit_directrf.o
       240         16          0          1          0       2365   spirit_general.o
       188          4          0          0          0       1241   spirit_gpio.o
      1004         18          0          0          0       3708   spirit_irq.o
      1096         16          0          0          0       2975   spirit_linearfifo.o
      1136        108          8          5          0       5715   spirit_management.o
      1480         20          0          0          0       2990   spirit_pktbasic.o
       556          8          0          0          0       1451   spirit_pktcommon.o
      1452         16          0          0          0       2769   spirit_pktmbus.o
      1104         20          0          0          0       2801   spirit_qi.o
      6576        356        220          4          0      21114   spirit_radio.o
      1004         48          0          0          0       3435   spirit_timer.o
       176          4          0          2          0       2874   spirit_types.o
        60         28        192          0       1536        892   startup_stm32l053xx.o
       170         20          0          4          0       5272   stm32l0xx_hal.o
       252         32          0          0          0      12367   stm32l0xx_hal_cortex.o
       530         30          0          0          0       4296   stm32l0xx_hal_gpio.o
       172         24          0          0          0       2104   stm32l0xx_hal_pwr.o
      2496         78         28         25          0       5662   stm32l0xx_hal_rcc.o
      1886          0          0          0          0       6824   stm32l0xx_hal_spi.o
       160         20          0          0          0       2042   stm32l0xx_it.o
       384         52          6         16          0      15046   stm32l0xx_nucleo.o
       104         16          0         29          0       1329   system_stm32l0xx.o
      1324        146          7         76        624      10461   wmbus_appli.o

    ----------------------------------------------------------------------
     28044       1374        604        296       2500     397399   Object Totals
         0          0         32          0          0          0   (incl. Generated)
        20          0          2         11          1          0   (incl. Padding)

    ----------------------------------------------------------------------

      Code (inc. data)   RO Data    RW Data    ZI Data      Debug   Library Member Name

       148          4          0          0          0       2377   wmbus_crc.o
      5472        274          0        128        863      47801   wmbus_link.o
      2988        194          0         20        931      11691   wmbus_linkservices.o
      5356        434         16         92        680      15978   wmbus_phy.o
        86          0          0          0          0          0   __dczerorl2.o
         8          0          0          0          0         68   __main.o
         0          0          0          0          0          0   __rtentry.o
        12          0          0          0          0          0   __rtentry2.o
         6          0          0          0          0          0   __rtentry4.o
        60          8          0          0          0          0   __scatter.o
        28          0          0          0          0          0   __scatter_zi.o
       346          0          0          0          0         92   aeabi_sdiv.o
        12          0          0          0          0         64   exit.o
         6          0          0          0          0        136   heapauxi.o
         0          0          0          0          0          0   indicate_semi.o
         2          0          0          0          0          0   libinit.o
         2          0          0          0          0          0   libinit2.o
         2          0          0          0          0          0   libshutdown.o
         2          0          0          0          0          0   libshutdown2.o
         8          4          0          0         96         68   libspace.o
        90          0          0          0          0         68   memcmp.o
        64          0          0          0          0        108   rt_memclr.o
       186          0          0          0          0        144   rt_memcpy.o
         2          0          0          0          0          0   rtexit.o
        10          0          0          0          0          0   rtexit2.o
        12          4          0          0          0         60   sys_exit.o
        62          0          0          0          0         80   sys_stackheap_outer.o
         2          0          0          0          0         68   use_no_semi.o
        48          4          0          0          0         60   cmpret.o
       124          4          0          0          0         72   d2f.o
       856         20          0          0          0        208   daddsub.o
       144          4          0          0          0         76   dcmpin.o
      1096         26        128          0          0        112   ddiv.o
        72          4          0          0          0         68   dfixui.o
        88          0          0          0          0         92   dflti.o
       100          4          0          0          0         92   dlef.o
       584         26          0          0          0         84   dmul.o
        20          6          0          0          0         68   dnan2.o
       104          4          0          0          0        104   drlef.o
       240          8          0          0          0         76   drnd.o
        84          4          0          0          0         60   f2d.o
       372          8          0          0          0        240   faddsub.o
       100          4          0          0          0         68   fcmpin.o
       352         10         64          0          0         92   fdiv.o
        84          4          0          0          0         76   feqf.o
        76          0          0          0          0         68   ffixi.o
        48          0          0          0          0         60   ffixui.o
        94          0          0          0          0         92   fflti.o
       176          4          0          0          0         80   fmul.o
        16          6          0          0          0         68   fnan2.o
        88          4          0          0          0         76   frlef.o
        94          0          0          0          0         68   retnan.o
         0          0          0          0          0          0   usenofp.o
       156         14          0          0          0         84   round.o

    ----------------------------------------------------------------------
     20196       1090        208        240       2572      81047   Library Totals
         8          0          0          0          2          0   (incl. Padding)

    ----------------------------------------------------------------------

      Code (inc. data)   RO Data    RW Data    ZI Data      Debug   Library Name

     13964        906         16        240       2474      77847   SPIRIT1_WMBus_Library108_CM0_Keil.lib
      1008         16          0          0         96        956   c_p.l
      5060        154        192          0          0       2160   fz_ps.l
       156         14          0          0          0         84   m_ps.l

    ----------------------------------------------------------------------
     20196       1090        208        240       2572      81047   Library Totals

    ----------------------------------------------------------------------

==============================================================================


      Code (inc. data)   RO Data    RW Data    ZI Data      Debug   

     48240       2464        812        536       5072     468642   Grand Totals
     48240       2464        812        248       5072     468642   ELF Image Totals (compressed)
     48240       2464        812        248          0          0   ROM Totals

==============================================================================

    Total RO  Size (Code + RO Data)                49052 (  47.90kB)
    Total RW  Size (RW Data + ZI Data)              5608 (   5.48kB)
    Total ROM Size (Code + RO Data + RW Data)      49300 (  48.14kB)

==============================================================================

